datasets/sales.csv
date,product_id,product_name,brand,category,selling_price,units_sold,revenue,promotion_discount_pct
2025-01-01,SKU_1001,Coca Cola 200ml Regular,Coca Cola,Beverages,17.42,176,3065.92,15
2025-01-02,SKU_1001,Coca Cola 200ml Regular,Coca Cola,Beverages,18.6,151,2808.6,0
2025-01-03,SKU_1001,Coca Cola 200ml Regular,Coca Cola,Beverages,18.87,144,2717.28,0
2025-01-04,SKU_1001,Coca Cola 200ml Regular,Coca Cola,Beverages,19.7,163,3211.1,10
2025-01-05,SKU_1001,Coca Cola 200ml Regular,Coca Cola,Beverages,21.88,155,3391.4,15
2025-01-06,SKU_1001,Coca Cola 200ml Regular,Coca Cola,Beverages,20.6,123,2533.8,10
2025-01-07,SKU_1001,Coca Cola 200ml Regular,Coca Cola,Beverages,22.68,112,2540.16,10
2025-01-08,SKU_1001,Coca Cola 200ml Regular,Coca Cola,Beverages,21.73,109,2368.57,15
2025-01-09,SKU_1001,Coca Cola 200ml Regular,Coca Cola,Beverages,23.66,106,2507.96,0
2025-01-10,SKU_1001,Coca Cola 200ml Regular,Coca Cola,Beverages,22.78,117,2665.26,0
2025-01-11,SKU_1001,Coca Cola 200ml Regular,Coca Cola,Beverages,23.1,110,2541.0,0
2025-01-12,SKU_1001,Coca Cola 200ml Regular,Coca Cola,Beverages,23.49,113,2654.37,0
2025-01-13,SKU_1001,Coca Cola 200ml Regular,Coca Cola,Beverages,22.51,101,2273.51,0
2025-01-14,SKU_1001,Coca Cola 200ml Regular,Coca Cola,Beverages,23.4,97,2269.8,10
2025-01-15,SKU_1001,Coca Cola 200ml Regular,Coca Cola,Beverages,21.17,100,2117.0,0
2025-01-16,SKU_1001,Coca Cola 200ml Regular,Coca Cola,Beverages,20.56,106,2179.36,5
2025-01-17,SKU_1001,Coca Cola 200ml Regular,Coca Cola,Beverages,21.55,114,2456.7,15
2025-01-18,SKU_1001,Coca Cola 200ml Regular,Coca Cola,Beverages,21.06,139,2927.34,10
2025-01-19,SKU_1001,Coca Cola 200ml Regular,Coca Cola,Beverages,20.38,153,3118.14,0
2025-01-20,SKU_1001,Coca Cola 200ml Regular,Coca Cola,Beverages,18.17,133,2416.61,0
2025-01-21,SKU_1001,Coca Cola 200ml Regular,Coca Cola,Beverages,18.75,135,2531.25,15
2025-01-22,SKU_1001,Coca Cola 200ml Regular,Coca Cola,Beverages,17.75,152,2698.0,0
2025-01-23,SKU_1001,Coca Cola 200ml Regular,Coca Cola,Beverages,15.85,164,2599.4,0
2025-01-24,SKU_1001,Coca Cola 200ml Regular,Coca Cola,Beverages,15.3,185,2830.5,0
2025-01-25,SKU_1001,Coca Cola 200ml Regular,Coca Cola,Beverages,14.54,266,3867.64,15
2025-01-26,SKU_1001,Coca Cola 200ml Regular,Coca Cola,Beverages,14.68,214,3141.52,0
2025-01-27,SKU_1001,Coca Cola 200ml Regular,Coca Cola,Beverages,12.87,213,2741.31,10
2025-01-28,SKU_1001,Coca Cola 200ml Regular,Coca Cola,Beverages,12.7,240,3048.0,0
2025-01-29,SKU_1001,Coca Cola 200ml Regular,Coca Cola,Beverages,12.75,235,2996.25,0
2025-01-30,SKU_1001,Coca Cola 200ml Regular,Coca Cola,Beverages,11.24,287,3225.88,15
2025-01-31,SKU_1001,Coca Cola 200ml Regular,Coca Cola,Beverages,11.35,261,2962.35,0
2025-02-01,SKU_1001,Coca Cola 200ml Regular,Coca Cola,Beverages,10.76,478,5143.28,5
2025-02-02,SKU_1001,Coca Cola 200ml Regular,Coca Cola,Beverages,10.6,491,5204.6,0
2025-02-03,SKU_1001,Coca Cola 200ml Regular,Coca Cola,Beverages,11.96,305,3647.8,0
2025-02-04,SKU_1001,Coca Cola 200ml Regular,Coca Cola,Beverages,11.23,344,3863.12,10
2025-02-05,SKU_1001,Coca Cola 200ml Regular,Coca Cola,Beverages,12.51,302,3778.02,10
2025-02-06,SKU_1001,Coca Cola 200ml Regular,Coca Cola,Beverages,11.38,356,4051.28,0
2025-02-07,SKU_1001,Coca Cola 200ml Regular,Coca Cola,Beverages,11.63,320,3721.6,0
2025-02-08,SKU_1001,Coca Cola 200ml Regular,Coca Cola,Beverages,12.36,396,4894.56,5
2025-02-09,SKU_1001,Coca Cola 200ml Regular,Coca Cola,Beverages,13.46,360,4845.6,0
2025-02-10,SKU_1001,Coca Cola 200ml Regular,Coca Cola,Beverages,14.55,257,3739.35,10
2025-02-11,SKU_1001,Coca Cola 200ml Regular,Coca Cola,Beverages,14.71,190,2794.9,10
2025-02-12,SKU_1001,Coca Cola 200ml Regular,Coca Cola,Beverages,15.85,178,2821.3,15
2025-02-13,SKU_1001,Coca Cola 200ml Regular,Coca Cola,Beverages,16.19,166,2687.54,0
2025-02-14,SKU_1001,Coca Cola 200ml Regular,Coca Cola,Beverages,17.58,165,2900.7,0
2025-02-15,SKU_1001,Coca Cola 200ml Regular,Coca Cola,Beverages,18.71,181,3386.51,0
2025-02-16,SKU_1001,Coca Cola 200ml Regular,Coca Cola,Beverages,18.69,176,3289.44,15
2025-02-17,SKU_1001,Coca Cola 200ml Regular,Coca Cola,Beverages,19.42,141,2738.22,10
2025-02-18,SKU_1001,Coca Cola 200ml Regular,Coca Cola,Beverages,19.95,135,2693.25,0
2025-02-19,SKU_1001,Coca Cola 200ml Regular,Coca Cola,Beverages,21.74,120,2608.8,15
2025-02-20,SKU_1001,Coca Cola 200ml Regular,Coca Cola,Beverages,21.53,118,2540.54,15
2025-02-21,SKU_1001,Coca Cola 200ml Regular,Coca Cola,Beverages,22.39,111,2485.29,15
2025-02-22,SKU_1001,Coca Cola 200ml Regular,Coca Cola,Beverages,22.06,128,2823.68,0
2025-02-23,SKU_1001,Coca Cola 200ml Regular,Coca Cola,Beverages,23.73,122,2895.06,5
2025-02-24,SKU_1001,Coca Cola 200ml Regular,Coca Cola,Beverages,22.21,107,2376.47,0
2025-02-25,SKU_1001,Coca Cola 200ml Regular,Coca Cola,Beverages,22.73,98,2227.54,10
2025-02-26,SKU_1001,Coca Cola 200ml Regular,Coca Cola,Beverages,22.12,101,2234.12,0
2025-02-27,SKU_1001,Coca Cola 200ml Regular,Coca Cola,Beverages,21.87,100,2187.0,5
2025-02-28,SKU_1001,Coca Cola 200ml Regular,Coca Cola,Beverages,21.5,103,2214.5,0
2025-03-01,SKU_1001,Coca Cola 200ml Regular,Coca Cola,Beverages,21.88,168,3675.84,10
2025-03-02,SKU_1001,Coca Cola 200ml Regular,Coca Cola,Beverages,20.87,175,3652.25,15
2025-03-03,SKU_1001,Coca Cola 200ml Regular,Coca Cola,Beverages,20.4,149,3039.6,0
2025-03-04,SKU_1001,Coca Cola 200ml Regular,Coca Cola,Beverages,19.6,150,2940.0,10
2025-03-05,SKU_1001,Coca Cola 200ml Regular,Coca Cola,Beverages,18.4,174,3201.6,0
2025-03-06,SKU_1001,Coca Cola 200ml Regular,Coca Cola,Beverages,17.32,187,3238.84,15
2025-03-07,SKU_1001,Coca Cola 200ml Regular,Coca Cola,Beverages,17.19,182,3128.58,15
2025-03-08,SKU_1001,Coca Cola 200ml Regular,Coca Cola,Beverages,15.57,272,4235.04,5
2025-03-09,SKU_1001,Coca Cola 200ml Regular,Coca Cola,Beverages,15.99,249,3981.51,15
2025-03-10,SKU_1001,Coca Cola 200ml Regular,Coca Cola,Beverages,15.28,305,4660.4,0
2025-03-11,SKU_1001,Coca Cola 200ml Regular,Coca Cola,Beverages,14.13,321,4535.73,15
2025-03-12,SKU_1001,Coca Cola 200ml Regular,Coca Cola,Beverages,13.99,385,5386.15,15
2025-03-13,SKU_1001,Coca Cola 200ml Regular,Coca Cola,Beverages,12.43,572,7109.96,15
2025-03-14,SKU_1001,Coca Cola 200ml Regular,Coca Cola,Beverages,12.05,578,6964.9,0
2025-03-15,SKU_1001,Coca Cola 200ml Regular,Coca Cola,Beverages,10.94,868,9495.92,5
2025-03-16,SKU_1001,Coca Cola 200ml Regular,Coca Cola,Beverages,11.25,627,7053.75,0
2025-03-17,SKU_1001,Coca Cola 200ml Regular,Coca Cola,Beverages,10.63,628,6675.64,0
2025-03-18,SKU_1001,Coca Cola 200ml Regular,Coca Cola,Beverages,11.86,293,3474.98,0
2025-03-19,SKU_1001,Coca Cola 200ml Regular,Coca Cola,Beverages,10.17,375,3813.75,0
2025-03-20,SKU_1001,Coca Cola 200ml Regular,Coca Cola,Beverages,11.35,326,3700.1,0
2025-03-21,SKU_1001,Coca Cola 200ml Regular,Coca Cola,Beverages,11.2,347,3886.4,0
2025-03-22,SKU_1001,Coca Cola 200ml Regular,Coca Cola,Beverages,11.25,378,4252.5,0
2025-03-23,SKU_1001,Coca Cola 200ml Regular,Coca Cola,Beverages,12.68,338,4285.84,0
2025-03-24,SKU_1001,Coca Cola 200ml Regular,Coca Cola,Beverages,12.79,286,3657.94,15
2025-03-25,SKU_1001,Coca Cola 200ml Regular,Coca Cola,Beverages,14.27,221,3153.67,10
2025-03-26,SKU_1001,Coca Cola 200ml Regular,Coca Cola,Beverages,15.0,204,3060.0,5
2025-03-27,SKU_1001,Coca Cola 200ml Regular,Coca Cola,Beverages,15.1,202,3050.2,15
2025-03-28,SKU_1001,Coca Cola 200ml Regular,Coca Cola,Beverages,15.27,194,2962.38,0
2025-03-29,SKU_1001,Coca Cola 200ml Regular,Coca Cola,Beverages,17.62,176,3101.12,15
2025-03-30,SKU_1001,Coca Cola 200ml Regular,Coca Cola,Beverages,18.53,162,3001.86,0
2025-03-31,SKU_1001,Coca Cola 200ml Regular,Coca Cola,Beverages,19.05,131,2495.55,5
2025-04-01,SKU_1001,Coca Cola 200ml Regular,Coca Cola,Beverages,19.15,164,3140.6,0
2025-04-02,SKU_1001,Coca Cola 200ml Regular,Coca Cola,Beverages,20.9,139,2905.1,15
2025-04-03,SKU_1001,Coca Cola 200ml Regular,Coca Cola,Beverages,21.75,134,2914.5,0
2025-04-04,SKU_1001,Coca Cola 200ml Regular,Coca Cola,Beverages,22.05,129,2844.45,0
2025-04-05,SKU_1001,Coca Cola 200ml Regular,Coca Cola,Beverages,21.78,162,3528.36,0
2025-04-06,SKU_1001,Coca Cola 200ml Regular,Coca Cola,Beverages,22.56,165,3722.4,0
2025-04-07,SKU_1001,Coca Cola 200ml Regular,Coca Cola,Beverages,22.85,120,2742.0,0
2025-04-08,SKU_1001,Coca Cola 200ml Regular,Coca Cola,Beverages,23.2,116,2691.2,5
2025-04-09,SKU_1001,Coca Cola 200ml Regular,Coca Cola,Beverages,23.59,118,2783.62,5
2025-04-10,SKU_1001,Coca Cola 200ml Regular,Coca Cola,Beverages,23.42,118,2763.56,10
2025-04-11,SKU_1001,Coca Cola 200ml Regular,Coca Cola,Beverages,22.05,109,2403.45,10
2025-04-12,SKU_1001,Coca Cola 200ml Regular,Coca Cola,Beverages,23.0,123,2829.0,5
2025-04-13,SKU_1001,Coca Cola 200ml Regular,Coca Cola,Beverages,22.17,144,3192.48,0
2025-04-14,SKU_1001,Coca Cola 200ml Regular,Coca Cola,Beverages,22.02,105,2312.1,10
2025-04-15,SKU_1001,Coca Cola 200ml Regular,Coca Cola,Beverages,20.12,137,2756.44,5
2025-04-16,SKU_1001,Coca Cola 200ml Regular,Coca Cola,Beverages,20.01,137,2741.37,10
2025-04-17,SKU_1001,Coca Cola 200ml Regular,Coca Cola,Beverages,19.43,135,2623.05,10
2025-04-18,SKU_1001,Coca Cola 200ml Regular,Coca Cola,Beverages,19.09,144,2748.96,0
2025-04-19,SKU_1001,Coca Cola 200ml Regular,Coca Cola,Beverages,17.95,200,3590.0,0
2025-04-20,SKU_1001,Coca Cola 200ml Regular,Coca Cola,Beverages,16.65,207,3446.55,0
2025-04-21,SKU_1001,Coca Cola 200ml Regular,Coca Cola,Beverages,15.79,182,2873.78,0
2025-04-22,SKU_1001,Coca Cola 200ml Regular,Coca Cola,Beverages,16.17,173,2797.41,10
2025-04-23,SKU_1001,Coca Cola 200ml Regular,Coca Cola,Beverages,13.75,221,3038.75,0
2025-04-24,SKU_1001,Coca Cola 200ml Regular,Coca Cola,Beverages,12.76,282,3598.32,5
2025-04-25,SKU_1001,Coca Cola 200ml Regular,Coca Cola,Beverages,12.25,303,3711.75,10
2025-04-26,SKU_1001,Coca Cola 200ml Regular,Coca Cola,Beverages,13.28,296,3930.88,0
2025-04-27,SKU_1001,Coca Cola 200ml Regular,Coca Cola,Beverages,12.47,311,3878.17,0
2025-04-28,SKU_1001,Coca Cola 200ml Regular,Coca Cola,Beverages,11.37,305,3467.85,0
2025-04-29,SKU_1001,Coca Cola 200ml Regular,Coca Cola,Beverages,12.08,264,3189.12,15
2025-04-30,SKU_1001,Coca Cola 200ml Regular,Coca Cola,Beverages,10.53,314,3306.42,5
2025-05-01,SKU_1001,Coca Cola 200ml Regular,Coca Cola,Beverages,10.25,461,4725.25,15
2025-05-02,SKU_1001,Coca Cola 200ml Regular,Coca Cola,Beverages,11.1,385,4273.5,10
2025-05-03,SKU_1001,Coca Cola 200ml Regular,Coca Cola,Beverages,11.01,499,5493.99,0
2025-05-04,SKU_1001,Coca Cola 200ml Regular,Coca Cola,Beverages,12.17,376,4575.92,0
2025-05-05,SKU_1001,Coca Cola 200ml Regular,Coca Cola,Beverages,11.2,368,4121.6,0
2025-05-06,SKU_1001,Coca Cola 200ml Regular,Coca Cola,Beverages,13.33,275,3665.75,0
2025-05-07,SKU_1001,Coca Cola 200ml Regular,Coca Cola,Beverages,13.07,310,4051.7,0
2025-05-08,SKU_1001,Coca Cola 200ml Regular,Coca Cola,Beverages,12.86,318,4089.48,15
2025-05-09,SKU_1001,Coca Cola 200ml Regular,Coca Cola,Beverages,13.9,263,3655.7,15
2025-05-10,SKU_1001,Coca Cola 200ml Regular,Coca Cola,Beverages,14.42,300,4326.0,10
2025-05-11,SKU_1001,Coca Cola 200ml Regular,Coca Cola,Beverages,16.35,224,3662.4,5
2025-05-12,SKU_1001,Coca Cola 200ml Regular,Coca Cola,Beverages,16.47,174,2865.78,0
2025-05-13,SKU_1001,Coca Cola 200ml Regular,Coca Cola,Beverages,18.82,132,2484.24,15
2025-05-14,SKU_1001,Coca Cola 200ml Regular,Coca Cola,Beverages,19.46,133,2588.18,0
2025-05-15,SKU_1001,Coca Cola 200ml Regular,Coca Cola,Beverages,19.13,132,2525.16,15
2025-05-16,SKU_1001,Coca Cola 200ml Regular,Coca Cola,Beverages,20.78,113,2348.14,0
2025-05-17,SKU_1001,Coca Cola 200ml Regular,Coca Cola,Beverages,20.66,149,3078.34,0
2025-05-18,SKU_1001,Coca Cola 200ml Regular,Coca Cola,Beverages,20.64,149,3075.36,0
2025-05-19,SKU_1001,Coca Cola 200ml Regular,Coca Cola,Beverages,21.2,120,2544.0,0
2025-05-20,SKU_1001,Coca Cola 200ml Regular,Coca Cola,Beverages,22.53,103,2320.59,0
2025-05-21,SKU_1001,Coca Cola 200ml Regular,Coca Cola,Beverages,22.76,106,2412.56,5
2025-05-22,SKU_1001,Coca Cola 200ml Regular,Coca Cola,Beverages,22.31,111,2476.41,0
2025-05-23,SKU_1001,Coca Cola 200ml Regular,Coca Cola,Beverages,22.75,98,2229.5,15
2025-05-24,SKU_1001,Coca Cola 200ml Regular,Coca Cola,Beverages,22.98,131,3010.38,5
2025-05-25,SKU_1001,Coca Cola 200ml Regular,Coca Cola,Beverages,23.42,128,2997.76,0
2025-05-26,SKU_1001,Coca Cola 200ml Regular,Coca Cola,Beverages,22.54,91,2051.14,0
2025-05-27,SKU_1001,Coca Cola 200ml Regular,Coca Cola,Beverages,22.03,99,2180.97,0
2025-05-28,SKU_1001,Coca Cola 200ml Regular,Coca Cola,Beverages,22.1,92,2033.2,0
2025-05-29,SKU_1001,Coca Cola 200ml Regular,Coca Cola,Beverages,21.0,109,2289.0,0
2025-05-30,SKU_1001,Coca Cola 200ml Regular,Coca Cola,Beverages,19.69,120,2362.8,15
2025-05-31,SKU_1001,Coca Cola 200ml Regular,Coca Cola,Beverages,20.11,138,2775.18,10
2025-06-01,SKU_1001,Coca Cola 200ml Regular,Coca Cola,Beverages,17.92,207,3709.44,0
2025-06-02,SKU_1001,Coca Cola 200ml Regular,Coca Cola,Beverages,16.83,173,2911.59,10
2025-06-03,SKU_1001,Coca Cola 200ml Regular,Coca Cola,Beverages,16.0,190,3040.0,5
2025-06-04,SKU_1001,Coca Cola 200ml Regular,Coca Cola,Beverages,16.38,199,3259.62,0
2025-06-05,SKU_1001,Coca Cola 200ml Regular,Coca Cola,Beverages,15.89,197,3130.33,0
2025-06-06,SKU_1001,Coca Cola 200ml Regular,Coca Cola,Beverages,15.11,214,3233.54,5
2025-06-07,SKU_1001,Coca Cola 200ml Regular,Coca Cola,Beverages,14.37,288,4138.56,15
2025-06-08,SKU_1001,Coca Cola 200ml Regular,Coca Cola,Beverages,12.76,377,4810.52,0
2025-06-09,SKU_1001,Coca Cola 200ml Regular,Coca Cola,Beverages,13.33,276,3679.08,0
2025-06-10,SKU_1001,Coca Cola 200ml Regular,Coca Cola,Beverages,12.66,287,3633.42,15
2025-06-11,SKU_1001,Coca Cola 200ml Regular,Coca Cola,Beverages,11.46,277,3174.42,0
2025-06-12,SKU_1001,Coca Cola 200ml Regular,Coca Cola,Beverages,10.27,335,3440.45,0
2025-06-13,SKU_1001,Coca Cola 200ml Regular,Coca Cola,Beverages,11.32,285,3226.2,15
2025-06-14,SKU_1001,Coca Cola 200ml Regular,Coca Cola,Beverages,11.29,367,4143.43,0
2025-06-15,SKU_1001,Coca Cola 200ml Regular,Coca Cola,Beverages,11.12,360,4003.2,10
2025-06-16,SKU_1001,Coca Cola 200ml Regular,Coca Cola,Beverages,10.3,365,3759.5,10
2025-06-17,SKU_1001,Coca Cola 200ml Regular,Coca Cola,Beverages,12.2,261,3184.2,0
2025-06-18,SKU_1001,Coca Cola 200ml Regular,Coca Cola,Beverages,12.09,270,3264.3,0
2025-06-19,SKU_1001,Coca Cola 200ml Regular,Coca Cola,Beverages,12.94,221,2859.74,15
2025-06-20,SKU_1001,Coca Cola 200ml Regular,Coca Cola,Beverages,12.39,269,3332.91,15
2025-06-21,SKU_1001,Coca Cola 200ml Regular,Coca Cola,Beverages,14.27,241,3439.07,10
2025-06-22,SKU_1001,Coca Cola 200ml Regular,Coca Cola,Beverages,14.89,222,3305.58,10
2025-06-23,SKU_1001,Coca Cola 200ml Regular,Coca Cola,Beverages,16.04,163,2614.52,15
2025-06-24,SKU_1001,Coca Cola 200ml Regular,Coca Cola,Beverages,16.24,150,2436.0,5
2025-06-25,SKU_1001,Coca Cola 200ml Regular,Coca Cola,Beverages,17.98,130,2337.4,10
2025-06-26,SKU_1001,Coca Cola 200ml Regular,Coca Cola,Beverages,18.12,119,2156.28,10
2025-06-27,SKU_1001,Coca Cola 200ml Regular,Coca Cola,Beverages,19.42,110,2136.2,5
2025-06-28,SKU_1001,Coca Cola 200ml Regular,Coca Cola,Beverages,19.99,128,2558.72,0
2025-06-29,SKU_1001,Coca Cola 200ml Regular,Coca Cola,Beverages,21.19,118,2500.42,15
