datasets/sales.csv
date,product_id,product_name,brand,category,selling_price,units_sold,revenue,promotion_discount_pct
2025-01-01,SKU_1003,Coca Cola 200ml Family,Coca Cola,Beverages,27.31,137,3741.47,15
2025-01-02,SKU_1003,Coca Cola 200ml Family,Coca Cola,Beverages,27.72,144,3991.68,0
2025-01-03,SKU_1003,Coca Cola 200ml Family,Coca Cola,Beverages,28.79,125,3598.75,15
2025-01-04,SKU_1003,Coca Cola 200ml Family,Coca Cola,Beverages,29.82,166,4950.12,0
2025-01-05,SKU_1003,Coca Cola 200ml Family,Coca Cola,Beverages,32.51,143,4648.93,10
2025-01-06,SKU_1003,Coca Cola 200ml Family,Coca Cola,Beverages,31.67,107,3388.69,0
2025-01-07,SKU_1003,Coca Cola 200ml Family,Coca Cola,Beverages,32.79,106,3475.74,15
2025-01-08,SKU_1003,Coca Cola 200ml Family,Coca Cola,Beverages,33.5,112,3752.0,10
2025-01-09,SKU_1003,Coca Cola 200ml Family,Coca Cola,Beverages,35.03,97,3397.91,0
2025-01-10,SKU_1003,Coca Cola 200ml Family,Coca Cola,Beverages,34.04,100,3404.0,0
2025-01-11,SKU_1003,Coca Cola 200ml Family,Coca Cola,Beverages,33.99,115,3908.85,0
2025-01-12,SKU_1003,Coca Cola 200ml Family,Coca Cola,Beverages,34.1,116,3955.6,5
2025-01-13,SKU_1003,Coca Cola 200ml Family,Coca Cola,Beverages,34.28,91,3119.48,0
2025-01-14,SKU_1003,Coca Cola 200ml Family,Coca Cola,Beverages,33.52,86,2882.72,0
2025-01-15,SKU_1003,Coca Cola 200ml Family,Coca Cola,Beverages,33.38,96,3204.48,0
2025-01-16,SKU_1003,Coca Cola 200ml Family,Coca Cola,Beverages,33.07,95,3141.65,10
2025-01-17,SKU_1003,Coca Cola 200ml Family,Coca Cola,Beverages,32.48,99,3215.52,15
2025-01-18,SKU_1003,Coca Cola 200ml Family,Coca Cola,Beverages,31.6,135,4266.0,0
2025-01-19,SKU_1003,Coca Cola 200ml Family,Coca Cola,Beverages,28.87,147,4243.89,10
2025-01-20,SKU_1003,Coca Cola 200ml Family,Coca Cola,Beverages,27.26,131,3571.06,0
2025-01-21,SKU_1003,Coca Cola 200ml Family,Coca Cola,Beverages,27.56,136,3748.16,0
2025-01-22,SKU_1003,Coca Cola 200ml Family,Coca Cola,Beverages,26.14,141,3685.74,10
2025-01-23,SKU_1003,Coca Cola 200ml Family,Coca Cola,Beverages,23.29,156,3633.24,10
2025-01-24,SKU_1003,Coca Cola 200ml Family,Coca Cola,Beverages,24.15,154,3719.1,0
2025-01-25,SKU_1003,Coca Cola 200ml Family,Coca Cola,Beverages,21.39,232,4962.48,10
2025-01-26,SKU_1003,Coca Cola 200ml Family,Coca Cola,Beverages,20.18,231,4661.58,10
2025-01-27,SKU_1003,Coca Cola 200ml Family,Coca Cola,Beverages,19.95,203,4049.85,15
2025-01-28,SKU_1003,Coca Cola 200ml Family,Coca Cola,Beverages,18.11,248,4491.28,0
2025-01-29,SKU_1003,Coca Cola 200ml Family,Coca Cola,Beverages,18.16,220,3995.2,15
2025-01-30,SKU_1003,Coca Cola 200ml Family,Coca Cola,Beverages,17.96,232,4166.72,5
2025-01-31,SKU_1003,Coca Cola 200ml Family,Coca Cola,Beverages,17.83,244,4350.52,5
2025-02-01,SKU_1003,Coca Cola 200ml Family,Coca Cola,Beverages,15.63,473,7392.99,0
2025-02-02,SKU_1003,Coca Cola 200ml Family,Coca Cola,Beverages,16.7,408,6813.6,5
2025-02-03,SKU_1003,Coca Cola 200ml Family,Coca Cola,Beverages,16.37,328,5369.36,15
2025-02-04,SKU_1003,Coca Cola 200ml Family,Coca Cola,Beverages,17.02,306,5208.12,0
2025-02-05,SKU_1003,Coca Cola 200ml Family,Coca Cola,Beverages,16.16,331,5348.96,15
2025-02-06,SKU_1003,Coca Cola 200ml Family,Coca Cola,Beverages,18.9,298,5632.2,0
2025-02-07,SKU_1003,Coca Cola 200ml Family,Coca Cola,Beverages,19.59,272,5328.48,0
2025-02-08,SKU_1003,Coca Cola 200ml Family,Coca Cola,Beverages,19.2,366,7027.2,0
2025-02-09,SKU_1003,Coca Cola 200ml Family,Coca Cola,Beverages,19.86,341,6772.26,0
2025-02-10,SKU_1003,Coca Cola 200ml Family,Coca Cola,Beverages,22.48,226,5080.48,0
2025-02-11,SKU_1003,Coca Cola 200ml Family,Coca Cola,Beverages,23.91,176,4208.16,0
2025-02-12,SKU_1003,Coca Cola 200ml Family,Coca Cola,Beverages,24.1,170,4097.0,0
2025-02-13,SKU_1003,Coca Cola 200ml Family,Coca Cola,Beverages,26.23,155,4065.65,10
2025-02-14,SKU_1003,Coca Cola 200ml Family,Coca Cola,Beverages,25.59,141,3608.19,0
2025-02-15,SKU_1003,Coca Cola 200ml Family,Coca Cola,Beverages,28.38,163,4625.94,0
2025-02-16,SKU_1003,Coca Cola 200ml Family,Coca Cola,Beverages,28.53,164,4678.92,0
2025-02-17,SKU_1003,Coca Cola 200ml Family,Coca Cola,Beverages,30.38,126,3827.88,0
2025-02-18,SKU_1003,Coca Cola 200ml Family,Coca Cola,Beverages,31.7,112,3550.4,0
2025-02-19,SKU_1003,Coca Cola 200ml Family,Coca Cola,Beverages,32.1,111,3563.1,0
2025-02-20,SKU_1003,Coca Cola 200ml Family,Coca Cola,Beverages,31.63,107,3384.41,15
2025-02-21,SKU_1003,Coca Cola 200ml Family,Coca Cola,Beverages,32.51,109,3543.59,0
2025-02-22,SKU_1003,Coca Cola 200ml Family,Coca Cola,Beverages,35.36,120,4243.2,5
2025-02-23,SKU_1003,Coca Cola 200ml Family,Coca Cola,Beverages,33.17,136,4511.12,0
2025-02-24,SKU_1003,Coca Cola 200ml Family,Coca Cola,Beverages,34.2,95,3249.0,15
2025-02-25,SKU_1003,Coca Cola 200ml Family,Coca Cola,Beverages,33.97,92,3125.24,0
2025-02-26,SKU_1003,Coca Cola 200ml Family,Coca Cola,Beverages,35.12,88,3090.56,5
2025-02-27,SKU_1003,Coca Cola 200ml Family,Coca Cola,Beverages,32.88,96,3156.48,15
2025-02-28,SKU_1003,Coca Cola 200ml Family,Coca Cola,Beverages,33.33,96,3199.68,5
2025-03-01,SKU_1003,Coca Cola 200ml Family,Coca Cola,Beverages,31.75,154,4889.5,15
2025-03-02,SKU_1003,Coca Cola 200ml Family,Coca Cola,Beverages,30.03,170,5105.1,15
2025-03-03,SKU_1003,Coca Cola 200ml Family,Coca Cola,Beverages,30.51,141,4301.91,15
2025-03-04,SKU_1003,Coca Cola 200ml Family,Coca Cola,Beverages,28.71,151,4335.21,0
2025-03-05,SKU_1003,Coca Cola 200ml Family,Coca Cola,Beverages,29.38,137,4025.06,0
2025-03-06,SKU_1003,Coca Cola 200ml Family,Coca Cola,Beverages,25.76,176,4533.76,15
2025-03-07,SKU_1003,Coca Cola 200ml Family,Coca Cola,Beverages,25.32,191,4836.12,0
2025-03-08,SKU_1003,Coca Cola 200ml Family,Coca Cola,Beverages,23.59,277,6534.43,0
2025-03-09,SKU_1003,Coca Cola 200ml Family,Coca Cola,Beverages,24.21,236,5713.56,5
2025-03-10,SKU_1003,Coca Cola 200ml Family,Coca Cola,Beverages,20.29,539,10936.31,5
2025-03-11,SKU_1003,Coca Cola 200ml Family,Coca Cola,Beverages,21.12,294,6209.28,15
2025-03-12,SKU_1003,Coca Cola 200ml Family,Coca Cola,Beverages,20.34,291,5918.94,5
2025-03-13,SKU_1003,Coca Cola 200ml Family,Coca Cola,Beverages,19.3,423,8163.9,0
2025-03-14,SKU_1003,Coca Cola 200ml Family,Coca Cola,Beverages,17.43,417,7268.31,0
2025-03-15,SKU_1003,Coca Cola 200ml Family,Coca Cola,Beverages,17.46,689,12029.94,5
2025-03-16,SKU_1003,Coca Cola 200ml Family,Coca Cola,Beverages,18.18,541,9835.38,15
2025-03-17,SKU_1003,Coca Cola 200ml Family,Coca Cola,Beverages,16.58,663,10992.54,10
2025-03-18,SKU_1003,Coca Cola 200ml Family,Coca Cola,Beverages,16.17,330,5336.1,0
2025-03-19,SKU_1003,Coca Cola 200ml Family,Coca Cola,Beverages,15.45,373,5762.85,0
2025-03-20,SKU_1003,Coca Cola 200ml Family,Coca Cola,Beverages,17.4,295,5133.0,15
2025-03-21,SKU_1003,Coca Cola 200ml Family,Coca Cola,Beverages,18.25,285,5201.25,5
2025-03-22,SKU_1003,Coca Cola 200ml Family,Coca Cola,Beverages,18.91,312,5899.92,0
2025-03-23,SKU_1003,Coca Cola 200ml Family,Coca Cola,Beverages,17.75,367,6514.25,0
2025-03-24,SKU_1003,Coca Cola 200ml Family,Coca Cola,Beverages,21.01,220,4622.2,0
2025-03-25,SKU_1003,Coca Cola 200ml Family,Coca Cola,Beverages,21.64,195,4219.8,15
2025-03-26,SKU_1003,Coca Cola 200ml Family,Coca Cola,Beverages,21.24,200,4248.0,0
2025-03-27,SKU_1003,Coca Cola 200ml Family,Coca Cola,Beverages,23.33,176,4106.08,10
2025-03-28,SKU_1003,Coca Cola 200ml Family,Coca Cola,Beverages,23.72,177,4198.44,15
2025-03-29,SKU_1003,Coca Cola 200ml Family,Coca Cola,Beverages,24.48,192,4700.16,10
2025-03-30,SKU_1003,Coca Cola 200ml Family,Coca Cola,Beverages,25.4,174,4419.6,5
2025-03-31,SKU_1003,Coca Cola 200ml Family,Coca Cola,Beverages,26.82,141,3781.62,5
2025-04-01,SKU_1003,Coca Cola 200ml Family,Coca Cola,Beverages,28.72,152,4365.44,0
2025-04-02,SKU_1003,Coca Cola 200ml Family,Coca Cola,Beverages,29.74,152,4520.48,10
2025-04-03,SKU_1003,Coca Cola 200ml Family,Coca Cola,Beverages,29.98,144,4317.12,0
2025-04-04,SKU_1003,Coca Cola 200ml Family,Coca Cola,Beverages,31.99,129,4126.71,0
2025-04-05,SKU_1003,Coca Cola 200ml Family,Coca Cola,Beverages,32.98,141,4650.18,0
2025-04-06,SKU_1003,Coca Cola 200ml Family,Coca Cola,Beverages,34.47,144,4963.68,0
2025-04-07,SKU_1003,Coca Cola 200ml Family,Coca Cola,Beverages,33.94,110,3733.4,10
2025-04-08,SKU_1003,Coca Cola 200ml Family,Coca Cola,Beverages,33.28,116,3860.48,0
2025-04-09,SKU_1003,Coca Cola 200ml Family,Coca Cola,Beverages,33.53,122,4090.66,0
2025-04-10,SKU_1003,Coca Cola 200ml Family,Coca Cola,Beverages,34.43,122,4200.46,0
2025-04-11,SKU_1003,Coca Cola 200ml Family,Coca Cola,Beverages,33.32,99,3298.68,10
2025-04-12,SKU_1003,Coca Cola 200ml Family,Coca Cola,Beverages,34.04,126,4289.04,0
2025-04-13,SKU_1003,Coca Cola 200ml Family,Coca Cola,Beverages,31.93,147,4693.71,15
2025-04-14,SKU_1003,Coca Cola 200ml Family,Coca Cola,Beverages,32.73,104,3403.92,0
2025-04-15,SKU_1003,Coca Cola 200ml Family,Coca Cola,Beverages,31.09,122,3792.98,10
2025-04-16,SKU_1003,Coca Cola 200ml Family,Coca Cola,Beverages,29.98,132,3957.36,0
2025-04-17,SKU_1003,Coca Cola 200ml Family,Coca Cola,Beverages,28.09,134,3764.06,15
2025-04-18,SKU_1003,Coca Cola 200ml Family,Coca Cola,Beverages,27.26,149,4061.74,0
2025-04-19,SKU_1003,Coca Cola 200ml Family,Coca Cola,Beverages,25.79,198,5106.42,10
2025-04-20,SKU_1003,Coca Cola 200ml Family,Coca Cola,Beverages,23.98,210,5035.8,10
2025-04-21,SKU_1003,Coca Cola 200ml Family,Coca Cola,Beverages,23.26,171,3977.46,5
2025-04-22,SKU_1003,Coca Cola 200ml Family,Coca Cola,Beverages,22.52,186,4188.72,0
2025-04-23,SKU_1003,Coca Cola 200ml Family,Coca Cola,Beverages,21.57,218,4702.26,10
2025-04-24,SKU_1003,Coca Cola 200ml Family,Coca Cola,Beverages,20.55,211,4336.05,5
2025-04-25,SKU_1003,Coca Cola 200ml Family,Coca Cola,Beverages,18.79,264,4960.56,0
2025-04-26,SKU_1003,Coca Cola 200ml Family,Coca Cola,Beverages,18.29,303,5541.87,15
2025-04-27,SKU_1003,Coca Cola 200ml Family,Coca Cola,Beverages,17.57,353,6202.21,0
2025-04-28,SKU_1003,Coca Cola 200ml Family,Coca Cola,Beverages,18.65,250,4662.5,0
2025-04-29,SKU_1003,Coca Cola 200ml Family,Coca Cola,Beverages,18.18,261,4744.98,10
2025-04-30,SKU_1003,Coca Cola 200ml Family,Coca Cola,Beverages,15.92,328,5221.76,5
2025-05-01,SKU_1003,Coca Cola 200ml Family,Coca Cola,Beverages,17.34,352,6103.68,0
2025-05-02,SKU_1003,Coca Cola 200ml Family,Coca Cola,Beverages,16.26,367,5967.42,0
2025-05-03,SKU_1003,Coca Cola 200ml Family,Coca Cola,Beverages,17.22,393,6767.46,10
2025-05-04,SKU_1003,Coca Cola 200ml Family,Coca Cola,Beverages,16.29,478,7786.62,0
2025-05-05,SKU_1003,Coca Cola 200ml Family,Coca Cola,Beverages,17.79,296,5265.84,0
2025-05-06,SKU_1003,Coca Cola 200ml Family,Coca Cola,Beverages,19.48,283,5512.84,0
2025-05-07,SKU_1003,Coca Cola 200ml Family,Coca Cola,Beverages,18.37,279,5125.23,10
2025-05-08,SKU_1003,Coca Cola 200ml Family,Coca Cola,Beverages,20.72,245,5076.4,15
2025-05-09,SKU_1003,Coca Cola 200ml Family,Coca Cola,Beverages,23.3,222,5172.6,0
2025-05-10,SKU_1003,Coca Cola 200ml Family,Coca Cola,Beverages,23.51,241,5665.91,0
2025-05-11,SKU_1003,Coca Cola 200ml Family,Coca Cola,Beverages,24.02,215,5164.3,15
2025-05-12,SKU_1003,Coca Cola 200ml Family,Coca Cola,Beverages,26.36,141,3716.76,15
2025-05-13,SKU_1003,Coca Cola 200ml Family,Coca Cola,Beverages,25.6,154,3942.4,0
2025-05-14,SKU_1003,Coca Cola 200ml Family,Coca Cola,Beverages,27.49,143,3931.07,0
2025-05-15,SKU_1003,Coca Cola 200ml Family,Coca Cola,Beverages,30.73,117,3595.41,0
2025-05-16,SKU_1003,Coca Cola 200ml Family,Coca Cola,Beverages,29.29,125,3661.25,15
2025-05-17,SKU_1003,Coca Cola 200ml Family,Coca Cola,Beverages,30.15,158,4763.7,15
2025-05-18,SKU_1003,Coca Cola 200ml Family,Coca Cola,Beverages,33.54,120,4024.8,5
2025-05-19,SKU_1003,Coca Cola 200ml Family,Coca Cola,Beverages,32.49,112,3638.88,15
2025-05-20,SKU_1003,Coca Cola 200ml Family,Coca Cola,Beverages,33.67,104,3501.68,5
2025-05-21,SKU_1003,Coca Cola 200ml Family,Coca Cola,Beverages,33.13,93,3081.09,0
2025-05-22,SKU_1003,Coca Cola 200ml Family,Coca Cola,Beverages,35.7,85,3034.5,0
2025-05-23,SKU_1003,Coca Cola 200ml Family,Coca Cola,Beverages,34.13,96,3276.48,0
2025-05-24,SKU_1003,Coca Cola 200ml Family,Coca Cola,Beverages,34.74,124,4307.76,15
2025-05-25,SKU_1003,Coca Cola 200ml Family,Coca Cola,Beverages,35.4,115,4071.0,0
2025-05-26,SKU_1003,Coca Cola 200ml Family,Coca Cola,Beverages,34.82,86,2994.52,0
2025-05-27,SKU_1003,Coca Cola 200ml Family,Coca Cola,Beverages,33.54,87,2917.98,0
2025-05-28,SKU_1003,Coca Cola 200ml Family,Coca Cola,Beverages,31.53,99,3121.47,10
2025-05-29,SKU_1003,Coca Cola 200ml Family,Coca Cola,Beverages,32.1,95,3049.5,15
2025-05-30,SKU_1003,Coca Cola 200ml Family,Coca Cola,Beverages,30.99,105,3253.95,5
2025-05-31,SKU_1003,Coca Cola 200ml Family,Coca Cola,Beverages,27.83,145,4035.35,15
2025-06-01,SKU_1003,Coca Cola 200ml Family,Coca Cola,Beverages,29.41,183,5382.03,10
2025-06-02,SKU_1003,Coca Cola 200ml Family,Coca Cola,Beverages,27.39,143,3916.77,10
2025-06-03,SKU_1003,Coca Cola 200ml Family,Coca Cola,Beverages,26.1,173,4515.3,0
2025-06-04,SKU_1003,Coca Cola 200ml Family,Coca Cola,Beverages,23.09,195,4502.55,15
2025-06-05,SKU_1003,Coca Cola 200ml Family,Coca Cola,Beverages,23.01,203,4671.03,0
2025-06-06,SKU_1003,Coca Cola 200ml Family,Coca Cola,Beverages,21.08,233,4911.64,10
2025-06-07,SKU_1003,Coca Cola 200ml Family,Coca Cola,Beverages,19.35,333,6443.55,0
2025-06-08,SKU_1003,Coca Cola 200ml Family,Coca Cola,Beverages,20.33,287,5834.71,0
2025-06-09,SKU_1003,Coca Cola 200ml Family,Coca Cola,Beverages,18.82,288,5420.16,5
2025-06-10,SKU_1003,Coca Cola 200ml Family,Coca Cola,Beverages,18.56,302,5605.12,0
2025-06-11,SKU_1003,Coca Cola 200ml Family,Coca Cola,Beverages,16.98,293,4975.14,0
2025-06-12,SKU_1003,Coca Cola 200ml Family,Coca Cola,Beverages,16.27,310,5043.7,15
2025-06-13,SKU_1003,Coca Cola 200ml Family,Coca Cola,Beverages,16.93,266,4503.38,0
2025-06-14,SKU_1003,Coca Cola 200ml Family,Coca Cola,Beverages,16.13,379,6113.27,5
2025-06-15,SKU_1003,Coca Cola 200ml Family,Coca Cola,Beverages,15.12,435,6577.2,15
2025-06-16,SKU_1003,Coca Cola 200ml Family,Coca Cola,Beverages,17.89,234,4186.26,0
2025-06-17,SKU_1003,Coca Cola 200ml Family,Coca Cola,Beverages,18.72,231,4324.32,0
2025-06-18,SKU_1003,Coca Cola 200ml Family,Coca Cola,Beverages,18.75,248,4650.0,15
2025-06-19,SKU_1003,Coca Cola 200ml Family,Coca Cola,Beverages,19.89,230,4574.7,5
2025-06-20,SKU_1003,Coca Cola 200ml Family,Coca Cola,Beverages,19.33,228,4407.24,0
2025-06-21,SKU_1003,Coca Cola 200ml Family,Coca Cola,Beverages,21.87,231,5051.97,10
2025-06-22,SKU_1003,Coca Cola 200ml Family,Coca Cola,Beverages,22.33,202,4510.66,10
2025-06-23,SKU_1003,Coca Cola 200ml Family,Coca Cola,Beverages,21.64,175,3787.0,5
2025-06-24,SKU_1003,Coca Cola 200ml Family,Coca Cola,Beverages,25.19,135,3400.65,5
2025-06-25,SKU_1003,Coca Cola 200ml Family,Coca Cola,Beverages,25.62,145,3714.9,10
2025-06-26,SKU_1003,Coca Cola 200ml Family,Coca Cola,Beverages,27.11,119,3226.09,5
2025-06-27,SKU_1003,Coca Cola 200ml Family,Coca Cola,Beverages,26.78,119,3186.82,15
2025-06-28,SKU_1003,Coca Cola 200ml Family,Coca Cola,Beverages,30.24,118,3568.32,5
2025-06-29,SKU_1003,Coca Cola 200ml Family,Coca Cola,Beverages,29.91,127,3798.57,0
