datasets/sales.csv
date,product_id,product_name,brand,category,selling_price,units_sold,revenue,promotion_discount_pct
2025-01-01,SKU_1004,Coca Cola 750ml Mini,Coca Cola,Beverages,25.54,85,2170.9,0
2025-01-02,SKU_1004,Coca Cola 750ml Mini,Coca Cola,Beverages,26.75,79,2113.25,0
2025-01-03,SKU_1004,Coca Cola 750ml Mini,Coca Cola,Beverages,27.12,70,1898.4,0
2025-01-04,SKU_1004,Coca Cola 750ml Mini,Coca Cola,Beverages,28.16,82,2309.12,5
2025-01-05,SKU_1004,Coca Cola 750ml Mini,Coca Cola,Beverages,28.08,93,2611.44,0
2025-01-06,SKU_1004,Coca Cola 750ml Mini,Coca Cola,Beverages,30.8,59,1817.2,0
2025-01-07,SKU_1004,Coca Cola 750ml Mini,Coca Cola,Beverages,30.65,63,1930.95,0
2025-01-08,SKU_1004,Coca Cola 750ml Mini,Coca Cola,Beverages,31.96,62,1981.52,5
2025-01-09,SKU_1004,Coca Cola 750ml Mini,Coca Cola,Beverages,31.54,60,1892.4,10
2025-01-10,SKU_1004,Coca Cola 750ml Mini,Coca Cola,Beverages,31.23,59,1842.57,0
2025-01-11,SKU_1004,Coca Cola 750ml Mini,Coca Cola,Beverages,31.26,68,2125.68,15
2025-01-12,SKU_1004,Coca Cola 750ml Mini,Coca Cola,Beverages,33.04,58,1916.32,0
2025-01-13,SKU_1004,Coca Cola 750ml Mini,Coca Cola,Beverages,33.06,51,1686.06,0
2025-01-14,SKU_1004,Coca Cola 750ml Mini,Coca Cola,Beverages,30.76,54,1661.04,0
2025-01-15,SKU_1004,Coca Cola 750ml Mini,Coca Cola,Beverages,30.52,55,1678.6,5
2025-01-16,SKU_1004,Coca Cola 750ml Mini,Coca Cola,Beverages,30.99,54,1673.46,10
2025-01-17,SKU_1004,Coca Cola 750ml Mini,Coca Cola,Beverages,29.87,59,1762.33,15
2025-01-18,SKU_1004,Coca Cola 750ml Mini,Coca Cola,Beverages,28.97,75,2172.75,0
2025-01-19,SKU_1004,Coca Cola 750ml Mini,Coca Cola,Beverages,28.07,73,2049.11,0
2025-01-20,SKU_1004,Coca Cola 750ml Mini,Coca Cola,Beverages,25.2,77,1940.4,5
2025-01-21,SKU_1004,Coca Cola 750ml Mini,Coca Cola,Beverages,24.7,84,2074.8,0
2025-01-22,SKU_1004,Coca Cola 750ml Mini,Coca Cola,Beverages,25.07,72,1805.04,5
2025-01-23,SKU_1004,Coca Cola 750ml Mini,Coca Cola,Beverages,21.32,92,1961.44,0
2025-01-24,SKU_1004,Coca Cola 750ml Mini,Coca Cola,Beverages,20.79,109,2266.11,0
2025-01-25,SKU_1004,Coca Cola 750ml Mini,Coca Cola,Beverages,19.66,149,2929.34,0
2025-01-26,SKU_1004,Coca Cola 750ml Mini,Coca Cola,Beverages,20.21,121,2445.41,0
2025-01-27,SKU_1004,Coca Cola 750ml Mini,Coca Cola,Beverages,18.25,110,2007.5,5
2025-01-28,SKU_1004,Coca Cola 750ml Mini,Coca Cola,Beverages,17.78,125,2222.5,10
2025-01-29,SKU_1004,Coca Cola 750ml Mini,Coca Cola,Beverages,16.82,134,2253.88,15
2025-01-30,SKU_1004,Coca Cola 750ml Mini,Coca Cola,Beverages,17.27,121,2089.67,0
2025-01-31,SKU_1004,Coca Cola 750ml Mini,Coca Cola,Beverages,17.03,135,2299.05,10
2025-02-01,SKU_1004,Coca Cola 750ml Mini,Coca Cola,Beverages,14.23,276,3927.48,15
2025-02-02,SKU_1004,Coca Cola 750ml Mini,Coca Cola,Beverages,16.05,249,3996.45,0
2025-02-03,SKU_1004,Coca Cola 750ml Mini,Coca Cola,Beverages,14.49,226,3274.74,10
2025-02-04,SKU_1004,Coca Cola 750ml Mini,Coca Cola,Beverages,15.93,187,2978.91,0
2025-02-05,SKU_1004,Coca Cola 750ml Mini,Coca Cola,Beverages,17.42,175,3048.5,10
2025-02-06,SKU_1004,Coca Cola 750ml Mini,Coca Cola,Beverages,15.66,183,2865.78,5
2025-02-07,SKU_1004,Coca Cola 750ml Mini,Coca Cola,Beverages,17.23,156,2687.88,15
2025-02-08,SKU_1004,Coca Cola 750ml Mini,Coca Cola,Beverages,18.48,187,3455.76,10
2025-02-09,SKU_1004,Coca Cola 750ml Mini,Coca Cola,Beverages,18.51,183,3387.33,0
2025-02-10,SKU_1004,Coca Cola 750ml Mini,Coca Cola,Beverages,19.12,146,2791.52,0
2025-02-11,SKU_1004,Coca Cola 750ml Mini,Coca Cola,Beverages,21.77,96,2089.92,0
2025-02-12,SKU_1004,Coca Cola 750ml Mini,Coca Cola,Beverages,22.58,90,2032.2,0
2025-02-13,SKU_1004,Coca Cola 750ml Mini,Coca Cola,Beverages,24.28,81,1966.68,0
2025-02-14,SKU_1004,Coca Cola 750ml Mini,Coca Cola,Beverages,24.91,80,1992.8,10
2025-02-15,SKU_1004,Coca Cola 750ml Mini,Coca Cola,Beverages,26.89,87,2339.43,15
2025-02-16,SKU_1004,Coca Cola 750ml Mini,Coca Cola,Beverages,28.17,83,2338.11,0
2025-02-17,SKU_1004,Coca Cola 750ml Mini,Coca Cola,Beverages,29.16,60,1749.6,10
2025-02-18,SKU_1004,Coca Cola 750ml Mini,Coca Cola,Beverages,28.38,65,1844.7,15
2025-02-19,SKU_1004,Coca Cola 750ml Mini,Coca Cola,Beverages,30.88,54,1667.52,10
2025-02-20,SKU_1004,Coca Cola 750ml Mini,Coca Cola,Beverages,31.33,54,1691.82,15
2025-02-21,SKU_1004,Coca Cola 750ml Mini,Coca Cola,Beverages,30.72,58,1781.76,0
2025-02-22,SKU_1004,Coca Cola 750ml Mini,Coca Cola,Beverages,32.57,68,2214.76,0
2025-02-23,SKU_1004,Coca Cola 750ml Mini,Coca Cola,Beverages,30.9,73,2255.7,5
2025-02-24,SKU_1004,Coca Cola 750ml Mini,Coca Cola,Beverages,32.31,54,1744.74,15
2025-02-25,SKU_1004,Coca Cola 750ml Mini,Coca Cola,Beverages,31.75,56,1778.0,0
2025-02-26,SKU_1004,Coca Cola 750ml Mini,Coca Cola,Beverages,31.52,55,1733.6,0
2025-02-27,SKU_1004,Coca Cola 750ml Mini,Coca Cola,Beverages,30.58,52,1590.16,5
2025-02-28,SKU_1004,Coca Cola 750ml Mini,Coca Cola,Beverages,31.67,53,1678.51,10
2025-03-01,SKU_1004,Coca Cola 750ml Mini,Coca Cola,Beverages,29.6,93,2752.8,15
2025-03-02,SKU_1004,Coca Cola 750ml Mini,Coca Cola,Beverages,29.37,87,2555.19,5
2025-03-03,SKU_1004,Coca Cola 750ml Mini,Coca Cola,Beverages,28.48,73,2079.04,0
2025-03-04,SKU_1004,Coca Cola 750ml Mini,Coca Cola,Beverages,26.88,90,2419.2,0
2025-03-05,SKU_1004,Coca Cola 750ml Mini,Coca Cola,Beverages,27.49,77,2116.73,0
2025-03-06,SKU_1004,Coca Cola 750ml Mini,Coca Cola,Beverages,23.66,102,2413.32,5
2025-03-07,SKU_1004,Coca Cola 750ml Mini,Coca Cola,Beverages,24.67,95,2343.65,15
2025-03-08,SKU_1004,Coca Cola 750ml Mini,Coca Cola,Beverages,22.9,128,2931.2,0
2025-03-09,SKU_1004,Coca Cola 750ml Mini,Coca Cola,Beverages,22.25,144,3204.0,0
2025-03-10,SKU_1004,Coca Cola 750ml Mini,Coca Cola,Beverages,21.64,197,4263.08,10
2025-03-11,SKU_1004,Coca Cola 750ml Mini,Coca Cola,Beverages,20.62,186,3835.32,0
2025-03-12,SKU_1004,Coca Cola 750ml Mini,Coca Cola,Beverages,16.91,223,3770.93,0
2025-03-13,SKU_1004,Coca Cola 750ml Mini,Coca Cola,Beverages,18.33,173,3171.09,15
2025-03-14,SKU_1004,Coca Cola 750ml Mini,Coca Cola,Beverages,15.84,332,5258.88,5
2025-03-15,SKU_1004,Coca Cola 750ml Mini,Coca Cola,Beverages,15.05,476,7163.8,0
2025-03-16,SKU_1004,Coca Cola 750ml Mini,Coca Cola,Beverages,16.63,325,5404.75,10
2025-03-17,SKU_1004,Coca Cola 750ml Mini,Coca Cola,Beverages,16.37,258,4223.46,15
2025-03-18,SKU_1004,Coca Cola 750ml Mini,Coca Cola,Beverages,14.49,207,2999.43,0
2025-03-19,SKU_1004,Coca Cola 750ml Mini,Coca Cola,Beverages,14.37,195,2802.15,5
2025-03-20,SKU_1004,Coca Cola 750ml Mini,Coca Cola,Beverages,16.89,163,2753.07,0
2025-03-21,SKU_1004,Coca Cola 750ml Mini,Coca Cola,Beverages,16.87,161,2716.07,15
2025-03-22,SKU_1004,Coca Cola 750ml Mini,Coca Cola,Beverages,17.42,196,3414.32,15
2025-03-23,SKU_1004,Coca Cola 750ml Mini,Coca Cola,Beverages,18.82,169,3180.58,5
2025-03-24,SKU_1004,Coca Cola 750ml Mini,Coca Cola,Beverages,19.0,122,2318.0,0
2025-03-25,SKU_1004,Coca Cola 750ml Mini,Coca Cola,Beverages,19.81,114,2258.34,15
2025-03-26,SKU_1004,Coca Cola 750ml Mini,Coca Cola,Beverages,21.34,95,2027.3,0
2025-03-27,SKU_1004,Coca Cola 750ml Mini,Coca Cola,Beverages,22.02,95,2091.9,15
2025-03-28,SKU_1004,Coca Cola 750ml Mini,Coca Cola,Beverages,22.26,87,1936.62,0
2025-03-29,SKU_1004,Coca Cola 750ml Mini,Coca Cola,Beverages,23.29,111,2585.19,15
2025-03-30,SKU_1004,Coca Cola 750ml Mini,Coca Cola,Beverages,26.17,86,2250.62,0
2025-03-31,SKU_1004,Coca Cola 750ml Mini,Coca Cola,Beverages,27.02,70,1891.4,0
2025-04-01,SKU_1004,Coca Cola 750ml Mini,Coca Cola,Beverages,27.75,87,2414.25,0
2025-04-02,SKU_1004,Coca Cola 750ml Mini,Coca Cola,Beverages,28.55,73,2084.15,15
2025-04-03,SKU_1004,Coca Cola 750ml Mini,Coca Cola,Beverages,29.22,80,2337.6,15
2025-04-04,SKU_1004,Coca Cola 750ml Mini,Coca Cola,Beverages,29.84,78,2327.52,15
2025-04-05,SKU_1004,Coca Cola 750ml Mini,Coca Cola,Beverages,30.83,80,2466.4,15
2025-04-06,SKU_1004,Coca Cola 750ml Mini,Coca Cola,Beverages,32.63,76,2479.88,0
2025-04-07,SKU_1004,Coca Cola 750ml Mini,Coca Cola,Beverages,31.29,72,2252.88,0
2025-04-08,SKU_1004,Coca Cola 750ml Mini,Coca Cola,Beverages,32.68,66,2156.88,10
2025-04-09,SKU_1004,Coca Cola 750ml Mini,Coca Cola,Beverages,33.5,63,2110.5,0
2025-04-10,SKU_1004,Coca Cola 750ml Mini,Coca Cola,Beverages,32.47,64,2078.08,0
2025-04-11,SKU_1004,Coca Cola 750ml Mini,Coca Cola,Beverages,32.89,51,1677.39,15
2025-04-12,SKU_1004,Coca Cola 750ml Mini,Coca Cola,Beverages,30.36,72,2185.92,0
2025-04-13,SKU_1004,Coca Cola 750ml Mini,Coca Cola,Beverages,30.12,72,2168.64,5
2025-04-14,SKU_1004,Coca Cola 750ml Mini,Coca Cola,Beverages,29.56,65,1921.4,0
2025-04-15,SKU_1004,Coca Cola 750ml Mini,Coca Cola,Beverages,28.5,70,1995.0,0
2025-04-16,SKU_1004,Coca Cola 750ml Mini,Coca Cola,Beverages,27.03,79,2135.37,0
2025-04-17,SKU_1004,Coca Cola 750ml Mini,Coca Cola,Beverages,27.71,72,1995.12,0
2025-04-18,SKU_1004,Coca Cola 750ml Mini,Coca Cola,Beverages,27.49,73,2006.77,10
2025-04-19,SKU_1004,Coca Cola 750ml Mini,Coca Cola,Beverages,25.89,95,2459.55,5
2025-04-20,SKU_1004,Coca Cola 750ml Mini,Coca Cola,Beverages,23.98,120,2877.6,0
2025-04-21,SKU_1004,Coca Cola 750ml Mini,Coca Cola,Beverages,22.76,99,2253.24,5
2025-04-22,SKU_1004,Coca Cola 750ml Mini,Coca Cola,Beverages,20.6,113,2327.8,10
2025-04-23,SKU_1004,Coca Cola 750ml Mini,Coca Cola,Beverages,19.12,136,2600.32,5
2025-04-24,SKU_1004,Coca Cola 750ml Mini,Coca Cola,Beverages,20.24,109,2206.16,0
2025-04-25,SKU_1004,Coca Cola 750ml Mini,Coca Cola,Beverages,16.93,160,2708.8,5
2025-04-26,SKU_1004,Coca Cola 750ml Mini,Coca Cola,Beverages,18.57,153,2841.21,0
2025-04-27,SKU_1004,Coca Cola 750ml Mini,Coca Cola,Beverages,16.26,180,2926.8,15
2025-04-28,SKU_1004,Coca Cola 750ml Mini,Coca Cola,Beverages,16.44,152,2498.88,5
2025-04-29,SKU_1004,Coca Cola 750ml Mini,Coca Cola,Beverages,16.53,151,2496.03,5
2025-04-30,SKU_1004,Coca Cola 750ml Mini,Coca Cola,Beverages,14.37,181,2600.97,10
2025-05-01,SKU_1004,Coca Cola 750ml Mini,Coca Cola,Beverages,16.72,174,2909.28,0
2025-05-02,SKU_1004,Coca Cola 750ml Mini,Coca Cola,Beverages,15.42,222,3423.24,15
2025-05-03,SKU_1004,Coca Cola 750ml Mini,Coca Cola,Beverages,14.56,271,3945.76,0
2025-05-04,SKU_1004,Coca Cola 750ml Mini,Coca Cola,Beverages,14.9,276,4112.4,0
2025-05-05,SKU_1004,Coca Cola 750ml Mini,Coca Cola,Beverages,15.76,191,3010.16,0
2025-05-06,SKU_1004,Coca Cola 750ml Mini,Coca Cola,Beverages,17.35,169,2932.15,0
2025-05-07,SKU_1004,Coca Cola 750ml Mini,Coca Cola,Beverages,17.49,170,2973.3,10
2025-05-08,SKU_1004,Coca Cola 750ml Mini,Coca Cola,Beverages,19.24,145,2789.8,10
2025-05-09,SKU_1004,Coca Cola 750ml Mini,Coca Cola,Beverages,18.98,135,2562.3,15
2025-05-10,SKU_1004,Coca Cola 750ml Mini,Coca Cola,Beverages,22.43,147,3297.21,0
2025-05-11,SKU_1004,Coca Cola 750ml Mini,Coca Cola,Beverages,22.22,129,2866.38,0
2025-05-12,SKU_1004,Coca Cola 750ml Mini,Coca Cola,Beverages,23.08,91,2100.28,15
2025-05-13,SKU_1004,Coca Cola 750ml Mini,Coca Cola,Beverages,26.27,74,1943.98,10
2025-05-14,SKU_1004,Coca Cola 750ml Mini,Coca Cola,Beverages,25.63,82,2101.66,10
2025-05-15,SKU_1004,Coca Cola 750ml Mini,Coca Cola,Beverages,26.92,72,1938.24,0
2025-05-16,SKU_1004,Coca Cola 750ml Mini,Coca Cola,Beverages,27.08,73,1976.84,15
2025-05-17,SKU_1004,Coca Cola 750ml Mini,Coca Cola,Beverages,30.73,68,2089.64,15
2025-05-18,SKU_1004,Coca Cola 750ml Mini,Coca Cola,Beverages,29.25,77,2252.25,0
2025-05-19,SKU_1004,Coca Cola 750ml Mini,Coca Cola,Beverages,30.65,62,1900.3,10
2025-05-20,SKU_1004,Coca Cola 750ml Mini,Coca Cola,Beverages,30.79,59,1816.61,0
2025-05-21,SKU_1004,Coca Cola 750ml Mini,Coca Cola,Beverages,32.79,56,1836.24,0
2025-05-22,SKU_1004,Coca Cola 750ml Mini,Coca Cola,Beverages,32.74,55,1800.7,15
2025-05-23,SKU_1004,Coca Cola 750ml Mini,Coca Cola,Beverages,30.94,55,1701.7,0
2025-05-24,SKU_1004,Coca Cola 750ml Mini,Coca Cola,Beverages,32.39,68,2202.52,0
2025-05-25,SKU_1004,Coca Cola 750ml Mini,Coca Cola,Beverages,32.3,69,2228.7,5
2025-05-26,SKU_1004,Coca Cola 750ml Mini,Coca Cola,Beverages,31.04,49,1520.96,5
2025-05-27,SKU_1004,Coca Cola 750ml Mini,Coca Cola,Beverages,30.97,55,1703.35,5
2025-05-28,SKU_1004,Coca Cola 750ml Mini,Coca Cola,Beverages,28.93,56,1620.08,0
2025-05-29,SKU_1004,Coca Cola 750ml Mini,Coca Cola,Beverages,29.72,57,1694.04,0
2025-05-30,SKU_1004,Coca Cola 750ml Mini,Coca Cola,Beverages,29.37,57,1674.09,15
2025-05-31,SKU_1004,Coca Cola 750ml Mini,Coca Cola,Beverages,27.6,82,2263.2,0
2025-06-01,SKU_1004,Coca Cola 750ml Mini,Coca Cola,Beverages,25.13,106,2663.78,15
2025-06-02,SKU_1004,Coca Cola 750ml Mini,Coca Cola,Beverages,23.86,103,2457.58,15
2025-06-03,SKU_1004,Coca Cola 750ml Mini,Coca Cola,Beverages,24.65,99,2440.35,0
2025-06-04,SKU_1004,Coca Cola 750ml Mini,Coca Cola,Beverages,21.16,116,2454.56,0
2025-06-05,SKU_1004,Coca Cola 750ml Mini,Coca Cola,Beverages,21.22,109,2312.98,0
2025-06-06,SKU_1004,Coca Cola 750ml Mini,Coca Cola,Beverages,21.39,120,2566.8,0
2025-06-07,SKU_1004,Coca Cola 750ml Mini,Coca Cola,Beverages,19.84,165,3273.6,5
2025-06-08,SKU_1004,Coca Cola 750ml Mini,Coca Cola,Beverages,17.93,200,3586.0,5
2025-06-09,SKU_1004,Coca Cola 750ml Mini,Coca Cola,Beverages,17.89,146,2611.94,10
2025-06-10,SKU_1004,Coca Cola 750ml Mini,Coca Cola,Beverages,17.7,156,2761.2,5
2025-06-11,SKU_1004,Coca Cola 750ml Mini,Coca Cola,Beverages,16.96,150,2544.0,5
2025-06-12,SKU_1004,Coca Cola 750ml Mini,Coca Cola,Beverages,15.94,164,2614.16,0
2025-06-13,SKU_1004,Coca Cola 750ml Mini,Coca Cola,Beverages,15.7,158,2480.6,0
2025-06-14,SKU_1004,Coca Cola 750ml Mini,Coca Cola,Beverages,14.08,235,3308.8,0
2025-06-15,SKU_1004,Coca Cola 750ml Mini,Coca Cola,Beverages,14.56,224,3261.44,5
2025-06-16,SKU_1004,Coca Cola 750ml Mini,Coca Cola,Beverages,14.49,190,2753.1,5
2025-06-17,SKU_1004,Coca Cola 750ml Mini,Coca Cola,Beverages,15.74,159,2502.66,0
2025-06-18,SKU_1004,Coca Cola 750ml Mini,Coca Cola,Beverages,17.16,135,2316.6,0
2025-06-19,SKU_1004,Coca Cola 750ml Mini,Coca Cola,Beverages,17.25,133,2294.25,15
2025-06-20,SKU_1004,Coca Cola 750ml Mini,Coca Cola,Beverages,19.33,114,2203.62,5
2025-06-21,SKU_1004,Coca Cola 750ml Mini,Coca Cola,Beverages,19.55,140,2737.0,5
2025-06-22,SKU_1004,Coca Cola 750ml Mini,Coca Cola,Beverages,19.46,150,2919.0,15
2025-06-23,SKU_1004,Coca Cola 750ml Mini,Coca Cola,Beverages,20.19,105,2119.95,0
2025-06-24,SKU_1004,Coca Cola 750ml Mini,Coca Cola,Beverages,21.67,88,1906.96,15
2025-06-25,SKU_1004,Coca Cola 750ml Mini,Coca Cola,Beverages,22.57,86,1941.02,0
2025-06-26,SKU_1004,Coca Cola 750ml Mini,Coca Cola,Beverages,24.79,67,1660.93,10
2025-06-27,SKU_1004,Coca Cola 750ml Mini,Coca Cola,Beverages,26.13,61,1593.93,10
2025-06-28,SKU_1004,Coca Cola 750ml Mini,Coca Cola,Beverages,28.31,68,1925.08,5
2025-06-29,SKU_1004,Coca Cola 750ml Mini,Coca Cola,Beverages,27.89,75,2091.75,5
