datasets/sales.csv
date,product_id,product_name,brand,category,selling_price,units_sold,revenue,promotion_discount_pct
2025-01-01,SKU_1005,Coca Cola 750ml Regular,Coca Cola,Beverages,37.02,80,2961.6,10
2025-01-02,SKU_1005,Coca Cola 750ml Regular,Coca Cola,Beverages,37.81,68,2571.08,0
2025-01-03,SKU_1005,Coca Cola 750ml Regular,Coca Cola,Beverages,38.53,68,2620.04,5
2025-01-04,SKU_1005,Coca Cola 750ml Regular,Coca Cola,Beverages,42.41,75,3180.75,10
2025-01-05,SKU_1005,Coca Cola 750ml Regular,Coca Cola,Beverages,42.03,80,3362.4,0
2025-01-06,SKU_1005,Coca Cola 750ml Regular,Coca Cola,Beverages,44.43,55,2443.65,0
2025-01-07,SKU_1005,Coca Cola 750ml Regular,Coca Cola,Beverages,43.13,56,2415.28,0
2025-01-08,SKU_1005,Coca Cola 750ml Regular,Coca Cola,Beverages,44.95,57,2562.15,10
2025-01-09,SKU_1005,Coca Cola 750ml Regular,Coca Cola,Beverages,47.38,52,2463.76,0
2025-01-10,SKU_1005,Coca Cola 750ml Regular,Coca Cola,Beverages,44.54,57,2538.78,10
2025-01-11,SKU_1005,Coca Cola 750ml Regular,Coca Cola,Beverages,45.78,60,2746.8,0
2025-01-12,SKU_1005,Coca Cola 750ml Regular,Coca Cola,Beverages,44.71,64,2861.44,0
2025-01-13,SKU_1005,Coca Cola 750ml Regular,Coca Cola,Beverages,47.03,46,2163.38,0
2025-01-14,SKU_1005,Coca Cola 750ml Regular,Coca Cola,Beverages,46.08,47,2165.76,10
2025-01-15,SKU_1005,Coca Cola 750ml Regular,Coca Cola,Beverages,42.68,56,2390.08,10
2025-01-16,SKU_1005,Coca Cola 750ml Regular,Coca Cola,Beverages,43.23,50,2161.5,0
2025-01-17,SKU_1005,Coca Cola 750ml Regular,Coca Cola,Beverages,43.49,54,2348.46,10
2025-01-18,SKU_1005,Coca Cola 750ml Regular,Coca Cola,Beverages,40.31,68,2741.08,15
2025-01-19,SKU_1005,Coca Cola 750ml Regular,Coca Cola,Beverages,40.14,70,2809.8,0
2025-01-20,SKU_1005,Coca Cola 750ml Regular,Coca Cola,Beverages,38.09,64,2437.76,0
2025-01-21,SKU_1005,Coca Cola 750ml Regular,Coca Cola,Beverages,37.47,63,2360.61,0
2025-01-22,SKU_1005,Coca Cola 750ml Regular,Coca Cola,Beverages,34.04,73,2484.92,5
2025-01-23,SKU_1005,Coca Cola 750ml Regular,Coca Cola,Beverages,33.73,80,2698.4,0
2025-01-24,SKU_1005,Coca Cola 750ml Regular,Coca Cola,Beverages,30.57,93,2843.01,15
2025-01-25,SKU_1005,Coca Cola 750ml Regular,Coca Cola,Beverages,30.05,117,3515.85,0
2025-01-26,SKU_1005,Coca Cola 750ml Regular,Coca Cola,Beverages,29.17,113,3296.21,0
2025-01-27,SKU_1005,Coca Cola 750ml Regular,Coca Cola,Beverages,27.59,109,3007.31,0
2025-01-28,SKU_1005,Coca Cola 750ml Regular,Coca Cola,Beverages,24.69,123,3036.87,5
2025-01-29,SKU_1005,Coca Cola 750ml Regular,Coca Cola,Beverages,25.12,118,2964.16,0
2025-01-30,SKU_1005,Coca Cola 750ml Regular,Coca Cola,Beverages,21.31,142,3026.02,0
2025-01-31,SKU_1005,Coca Cola 750ml Regular,Coca Cola,Beverages,23.87,137,3270.19,0
2025-02-01,SKU_1005,Coca Cola 750ml Regular,Coca Cola,Beverages,21.37,232,4957.84,10
2025-02-02,SKU_1005,Coca Cola 750ml Regular,Coca Cola,Beverages,22.04,234,5157.36,0
2025-02-03,SKU_1005,Coca Cola 750ml Regular,Coca Cola,Beverages,22.03,190,4185.7,0
2025-02-04,SKU_1005,Coca Cola 750ml Regular,Coca Cola,Beverages,23.98,162,3884.76,15
2025-02-05,SKU_1005,Coca Cola 750ml Regular,Coca Cola,Beverages,23.67,173,4094.91,0
2025-02-06,SKU_1005,Coca Cola 750ml Regular,Coca Cola,Beverages,23.03,165,3799.95,0
2025-02-07,SKU_1005,Coca Cola 750ml Regular,Coca Cola,Beverages,26.12,153,3996.36,0
2025-02-08,SKU_1005,Coca Cola 750ml Regular,Coca Cola,Beverages,26.87,178,4782.86,15
2025-02-09,SKU_1005,Coca Cola 750ml Regular,Coca Cola,Beverages,25.59,190,4862.1,0
2025-02-10,SKU_1005,Coca Cola 750ml Regular,Coca Cola,Beverages,29.57,109,3223.13,10
2025-02-11,SKU_1005,Coca Cola 750ml Regular,Coca Cola,Beverages,31.66,95,3007.7,0
2025-02-12,SKU_1005,Coca Cola 750ml Regular,Coca Cola,Beverages,33.39,88,2938.32,0
2025-02-13,SKU_1005,Coca Cola 750ml Regular,Coca Cola,Beverages,32.45,86,2790.7,0
2025-02-14,SKU_1005,Coca Cola 750ml Regular,Coca Cola,Beverages,34.05,80,2724.0,15
2025-02-15,SKU_1005,Coca Cola 750ml Regular,Coca Cola,Beverages,35.51,92,3266.92,0
2025-02-16,SKU_1005,Coca Cola 750ml Regular,Coca Cola,Beverages,39.54,81,3202.74,0
2025-02-17,SKU_1005,Coca Cola 750ml Regular,Coca Cola,Beverages,38.54,63,2428.02,15
2025-02-18,SKU_1005,Coca Cola 750ml Regular,Coca Cola,Beverages,41.08,57,2341.56,0
2025-02-19,SKU_1005,Coca Cola 750ml Regular,Coca Cola,Beverages,44.27,56,2479.12,5
2025-02-20,SKU_1005,Coca Cola 750ml Regular,Coca Cola,Beverages,42.69,59,2518.71,5
2025-02-21,SKU_1005,Coca Cola 750ml Regular,Coca Cola,Beverages,46.38,49,2272.62,15
2025-02-22,SKU_1005,Coca Cola 750ml Regular,Coca Cola,Beverages,44.13,66,2912.58,15
2025-02-23,SKU_1005,Coca Cola 750ml Regular,Coca Cola,Beverages,45.17,65,2936.05,0
2025-02-24,SKU_1005,Coca Cola 750ml Regular,Coca Cola,Beverages,46.2,48,2217.6,10
2025-02-25,SKU_1005,Coca Cola 750ml Regular,Coca Cola,Beverages,46.29,50,2314.5,0
2025-02-26,SKU_1005,Coca Cola 750ml Regular,Coca Cola,Beverages,46.54,44,2047.76,15
2025-02-27,SKU_1005,Coca Cola 750ml Regular,Coca Cola,Beverages,44.71,52,2324.92,15
2025-02-28,SKU_1005,Coca Cola 750ml Regular,Coca Cola,Beverages,42.36,56,2372.16,15
2025-03-01,SKU_1005,Coca Cola 750ml Regular,Coca Cola,Beverages,42.89,79,3388.31,10
2025-03-02,SKU_1005,Coca Cola 750ml Regular,Coca Cola,Beverages,43.04,83,3572.32,5
2025-03-03,SKU_1005,Coca Cola 750ml Regular,Coca Cola,Beverages,39.02,81,3160.62,0
2025-03-04,SKU_1005,Coca Cola 750ml Regular,Coca Cola,Beverages,38.55,74,2852.7,0
2025-03-05,SKU_1005,Coca Cola 750ml Regular,Coca Cola,Beverages,35.87,90,3228.3,0
2025-03-06,SKU_1005,Coca Cola 750ml Regular,Coca Cola,Beverages,34.75,92,3197.0,0
2025-03-07,SKU_1005,Coca Cola 750ml Regular,Coca Cola,Beverages,31.96,107,3419.72,0
2025-03-08,SKU_1005,Coca Cola 750ml Regular,Coca Cola,Beverages,33.11,128,4238.08,0
2025-03-09,SKU_1005,Coca Cola 750ml Regular,Coca Cola,Beverages,28.82,166,4784.12,0
2025-03-10,SKU_1005,Coca Cola 750ml Regular,Coca Cola,Beverages,30.73,163,5008.99,5
2025-03-11,SKU_1005,Coca Cola 750ml Regular,Coca Cola,Beverages,26.91,162,4359.42,0
2025-03-12,SKU_1005,Coca Cola 750ml Regular,Coca Cola,Beverages,26.39,257,6782.23,0
2025-03-13,SKU_1005,Coca Cola 750ml Regular,Coca Cola,Beverages,26.54,197,5228.38,5
2025-03-14,SKU_1005,Coca Cola 750ml Regular,Coca Cola,Beverages,22.34,272,6076.48,10
2025-03-15,SKU_1005,Coca Cola 750ml Regular,Coca Cola,Beverages,23.59,308,7265.72,0
2025-03-16,SKU_1005,Coca Cola 750ml Regular,Coca Cola,Beverages,21.49,326,7005.74,10
2025-03-17,SKU_1005,Coca Cola 750ml Regular,Coca Cola,Beverages,23.16,331,7665.96,0
2025-03-18,SKU_1005,Coca Cola 750ml Regular,Coca Cola,Beverages,21.19,169,3581.11,0
2025-03-19,SKU_1005,Coca Cola 750ml Regular,Coca Cola,Beverages,22.67,175,3967.25,0
2025-03-20,SKU_1005,Coca Cola 750ml Regular,Coca Cola,Beverages,21.94,183,4015.02,5
2025-03-21,SKU_1005,Coca Cola 750ml Regular,Coca Cola,Beverages,24.57,142,3488.94,0
2025-03-22,SKU_1005,Coca Cola 750ml Regular,Coca Cola,Beverages,24.47,187,4575.89,0
2025-03-23,SKU_1005,Coca Cola 750ml Regular,Coca Cola,Beverages,23.18,204,4728.72,0
2025-03-24,SKU_1005,Coca Cola 750ml Regular,Coca Cola,Beverages,26.39,126,3325.14,0
2025-03-25,SKU_1005,Coca Cola 750ml Regular,Coca Cola,Beverages,26.41,130,3433.3,0
2025-03-26,SKU_1005,Coca Cola 750ml Regular,Coca Cola,Beverages,29.99,98,2939.02,5
2025-03-27,SKU_1005,Coca Cola 750ml Regular,Coca Cola,Beverages,31.39,90,2825.1,0
2025-03-28,SKU_1005,Coca Cola 750ml Regular,Coca Cola,Beverages,31.93,92,2937.56,5
2025-03-29,SKU_1005,Coca Cola 750ml Regular,Coca Cola,Beverages,35.02,90,3151.8,5
2025-03-30,SKU_1005,Coca Cola 750ml Regular,Coca Cola,Beverages,33.98,101,3431.98,15
2025-03-31,SKU_1005,Coca Cola 750ml Regular,Coca Cola,Beverages,36.24,75,2718.0,5
2025-04-01,SKU_1005,Coca Cola 750ml Regular,Coca Cola,Beverages,37.21,87,3237.27,0
2025-04-02,SKU_1005,Coca Cola 750ml Regular,Coca Cola,Beverages,38.99,79,3080.21,5
2025-04-03,SKU_1005,Coca Cola 750ml Regular,Coca Cola,Beverages,40.31,77,3103.87,10
2025-04-04,SKU_1005,Coca Cola 750ml Regular,Coca Cola,Beverages,42.63,66,2813.58,15
2025-04-05,SKU_1005,Coca Cola 750ml Regular,Coca Cola,Beverages,44.97,84,3777.48,0
2025-04-06,SKU_1005,Coca Cola 750ml Regular,Coca Cola,Beverages,44.91,77,3458.07,0
2025-04-07,SKU_1005,Coca Cola 750ml Regular,Coca Cola,Beverages,47.16,56,2640.96,10
2025-04-08,SKU_1005,Coca Cola 750ml Regular,Coca Cola,Beverages,45.74,65,2973.1,5
2025-04-09,SKU_1005,Coca Cola 750ml Regular,Coca Cola,Beverages,45.59,64,2917.76,5
2025-04-10,SKU_1005,Coca Cola 750ml Regular,Coca Cola,Beverages,44.94,60,2696.4,5
2025-04-11,SKU_1005,Coca Cola 750ml Regular,Coca Cola,Beverages,47.4,47,2227.8,10
2025-04-12,SKU_1005,Coca Cola 750ml Regular,Coca Cola,Beverages,43.19,71,3066.49,0
2025-04-13,SKU_1005,Coca Cola 750ml Regular,Coca Cola,Beverages,42.54,71,3020.34,10
2025-04-14,SKU_1005,Coca Cola 750ml Regular,Coca Cola,Beverages,42.39,62,2628.18,5
2025-04-15,SKU_1005,Coca Cola 750ml Regular,Coca Cola,Beverages,42.37,60,2542.2,0
2025-04-16,SKU_1005,Coca Cola 750ml Regular,Coca Cola,Beverages,41.08,63,2588.04,5
2025-04-17,SKU_1005,Coca Cola 750ml Regular,Coca Cola,Beverages,40.31,60,2418.6,0
2025-04-18,SKU_1005,Coca Cola 750ml Regular,Coca Cola,Beverages,38.63,70,2704.1,10
2025-04-19,SKU_1005,Coca Cola 750ml Regular,Coca Cola,Beverages,35.23,97,3417.31,0
2025-04-20,SKU_1005,Coca Cola 750ml Regular,Coca Cola,Beverages,34.76,109,3788.84,0
2025-04-21,SKU_1005,Coca Cola 750ml Regular,Coca Cola,Beverages,32.15,96,3086.4,5
2025-04-22,SKU_1005,Coca Cola 750ml Regular,Coca Cola,Beverages,28.78,118,3396.04,0
2025-04-23,SKU_1005,Coca Cola 750ml Regular,Coca Cola,Beverages,27.9,116,3236.4,5
2025-04-24,SKU_1005,Coca Cola 750ml Regular,Coca Cola,Beverages,27.62,126,3480.12,5
2025-04-25,SKU_1005,Coca Cola 750ml Regular,Coca Cola,Beverages,27.19,115,3126.85,0
2025-04-26,SKU_1005,Coca Cola 750ml Regular,Coca Cola,Beverages,23.66,163,3856.58,0
2025-04-27,SKU_1005,Coca Cola 750ml Regular,Coca Cola,Beverages,25.25,151,3812.75,0
2025-04-28,SKU_1005,Coca Cola 750ml Regular,Coca Cola,Beverages,21.64,167,3613.88,5
2025-04-29,SKU_1005,Coca Cola 750ml Regular,Coca Cola,Beverages,22.02,159,3501.18,0
2025-04-30,SKU_1005,Coca Cola 750ml Regular,Coca Cola,Beverages,23.35,151,3525.85,15
2025-05-01,SKU_1005,Coca Cola 750ml Regular,Coca Cola,Beverages,21.16,204,4316.64,0
2025-05-02,SKU_1005,Coca Cola 750ml Regular,Coca Cola,Beverages,22.89,186,4257.54,0
2025-05-03,SKU_1005,Coca Cola 750ml Regular,Coca Cola,Beverages,20.54,274,5627.96,0
2025-05-04,SKU_1005,Coca Cola 750ml Regular,Coca Cola,Beverages,21.3,250,5325.0,15
2025-05-05,SKU_1005,Coca Cola 750ml Regular,Coca Cola,Beverages,24.07,159,3827.13,10
2025-05-06,SKU_1005,Coca Cola 750ml Regular,Coca Cola,Beverages,26.78,150,4017.0,15
2025-05-07,SKU_1005,Coca Cola 750ml Regular,Coca Cola,Beverages,25.31,161,4074.91,0
2025-05-08,SKU_1005,Coca Cola 750ml Regular,Coca Cola,Beverages,27.77,125,3471.25,15
2025-05-09,SKU_1005,Coca Cola 750ml Regular,Coca Cola,Beverages,29.34,127,3726.18,5
2025-05-10,SKU_1005,Coca Cola 750ml Regular,Coca Cola,Beverages,32.3,133,4295.9,0
2025-05-11,SKU_1005,Coca Cola 750ml Regular,Coca Cola,Beverages,34.31,106,3636.86,0
2025-05-12,SKU_1005,Coca Cola 750ml Regular,Coca Cola,Beverages,33.66,86,2894.76,0
2025-05-13,SKU_1005,Coca Cola 750ml Regular,Coca Cola,Beverages,34.59,86,2974.74,0
2025-05-14,SKU_1005,Coca Cola 750ml Regular,Coca Cola,Beverages,39.39,66,2599.74,0
2025-05-15,SKU_1005,Coca Cola 750ml Regular,Coca Cola,Beverages,38.91,71,2762.61,15
2025-05-16,SKU_1005,Coca Cola 750ml Regular,Coca Cola,Beverages,41.06,65,2668.9,5
2025-05-17,SKU_1005,Coca Cola 750ml Regular,Coca Cola,Beverages,43.25,72,3114.0,10
2025-05-18,SKU_1005,Coca Cola 750ml Regular,Coca Cola,Beverages,44.91,70,3143.7,10
2025-05-19,SKU_1005,Coca Cola 750ml Regular,Coca Cola,Beverages,45.96,54,2481.84,10
2025-05-20,SKU_1005,Coca Cola 750ml Regular,Coca Cola,Beverages,46.37,52,2411.24,5
2025-05-21,SKU_1005,Coca Cola 750ml Regular,Coca Cola,Beverages,44.53,54,2404.62,0
2025-05-22,SKU_1005,Coca Cola 750ml Regular,Coca Cola,Beverages,44.54,53,2360.62,15
2025-05-23,SKU_1005,Coca Cola 750ml Regular,Coca Cola,Beverages,47.42,48,2276.16,10
2025-05-24,SKU_1005,Coca Cola 750ml Regular,Coca Cola,Beverages,43.9,66,2897.4,5
2025-05-25,SKU_1005,Coca Cola 750ml Regular,Coca Cola,Beverages,44.4,67,2974.8,0
2025-05-26,SKU_1005,Coca Cola 750ml Regular,Coca Cola,Beverages,44.16,51,2252.16,0
2025-05-27,SKU_1005,Coca Cola 750ml Regular,Coca Cola,Beverages,43.06,49,2109.94,10
2025-05-28,SKU_1005,Coca Cola 750ml Regular,Coca Cola,Beverages,42.93,52,2232.36,0
2025-05-29,SKU_1005,Coca Cola 750ml Regular,Coca Cola,Beverages,43.39,47,2039.33,0
2025-05-30,SKU_1005,Coca Cola 750ml Regular,Coca Cola,Beverages,42.22,52,2195.44,0
2025-05-31,SKU_1005,Coca Cola 750ml Regular,Coca Cola,Beverages,39.93,69,2755.17,5
2025-06-01,SKU_1005,Coca Cola 750ml Regular,Coca Cola,Beverages,35.64,98,3492.72,0
2025-06-02,SKU_1005,Coca Cola 750ml Regular,Coca Cola,Beverages,37.41,79,2955.39,15
2025-06-03,SKU_1005,Coca Cola 750ml Regular,Coca Cola,Beverages,34.38,96,3300.48,10
2025-06-04,SKU_1005,Coca Cola 750ml Regular,Coca Cola,Beverages,32.44,96,3114.24,5
2025-06-05,SKU_1005,Coca Cola 750ml Regular,Coca Cola,Beverages,31.91,107,3414.37,0
2025-06-06,SKU_1005,Coca Cola 750ml Regular,Coca Cola,Beverages,30.59,100,3059.0,0
2025-06-07,SKU_1005,Coca Cola 750ml Regular,Coca Cola,Beverages,28.78,153,4403.34,10
2025-06-08,SKU_1005,Coca Cola 750ml Regular,Coca Cola,Beverages,24.2,184,4452.8,0
2025-06-09,SKU_1005,Coca Cola 750ml Regular,Coca Cola,Beverages,25.58,135,3453.3,5
2025-06-10,SKU_1005,Coca Cola 750ml Regular,Coca Cola,Beverages,24.17,153,3698.01,0
2025-06-11,SKU_1005,Coca Cola 750ml Regular,Coca Cola,Beverages,22.75,144,3276.0,0
2025-06-12,SKU_1005,Coca Cola 750ml Regular,Coca Cola,Beverages,21.58,157,3388.06,0
2025-06-13,SKU_1005,Coca Cola 750ml Regular,Coca Cola,Beverages,23.68,136,3220.48,5
2025-06-14,SKU_1005,Coca Cola 750ml Regular,Coca Cola,Beverages,23.29,188,4378.52,0
2025-06-15,SKU_1005,Coca Cola 750ml Regular,Coca Cola,Beverages,20.96,212,4443.52,0
2025-06-16,SKU_1005,Coca Cola 750ml Regular,Coca Cola,Beverages,21.7,160,3472.0,15
2025-06-17,SKU_1005,Coca Cola 750ml Regular,Coca Cola,Beverages,21.96,144,3162.24,5
2025-06-18,SKU_1005,Coca Cola 750ml Regular,Coca Cola,Beverages,23.15,150,3472.5,0
2025-06-19,SKU_1005,Coca Cola 750ml Regular,Coca Cola,Beverages,24.65,134,3303.1,10
2025-06-20,SKU_1005,Coca Cola 750ml Regular,Coca Cola,Beverages,27.14,114,3093.96,0
2025-06-21,SKU_1005,Coca Cola 750ml Regular,Coca Cola,Beverages,28.91,123,3555.93,0
2025-06-22,SKU_1005,Coca Cola 750ml Regular,Coca Cola,Beverages,29.28,116,3396.48,10
2025-06-23,SKU_1005,Coca Cola 750ml Regular,Coca Cola,Beverages,28.88,92,2656.96,15
2025-06-24,SKU_1005,Coca Cola 750ml Regular,Coca Cola,Beverages,32.54,82,2668.28,5
2025-06-25,SKU_1005,Coca Cola 750ml Regular,Coca Cola,Beverages,34.21,69,2360.49,0
2025-06-26,SKU_1005,Coca Cola 750ml Regular,Coca Cola,Beverages,34.63,64,2216.32,10
2025-06-27,SKU_1005,Coca Cola 750ml Regular,Coca Cola,Beverages,36.71,58,2129.18,0
2025-06-28,SKU_1005,Coca Cola 750ml Regular,Coca Cola,Beverages,37.3,70,2611.0,5
2025-06-29,SKU_1005,Coca Cola 750ml Regular,Coca Cola,Beverages,39.49,69,2724.81,0
