datasets/sales.csv
date,product_id,product_name,brand,category,selling_price,units_sold,revenue,promotion_discount_pct
2025-01-01,SKU_1006,Coca Cola 750ml Value,Coca Cola,Beverages,44.09,145,6393.05,15
2025-01-02,SKU_1006,Coca Cola 750ml Value,Coca Cola,Beverages,44.02,148,6514.96,0
2025-01-03,SKU_1006,Coca Cola 750ml Value,Coca Cola,Beverages,45.69,127,5802.63,0
2025-01-04,SKU_1006,Coca Cola 750ml Value,Coca Cola,Beverages,50.99,140,7138.6,15
2025-01-05,SKU_1006,Coca Cola 750ml Value,Coca Cola,Beverages,49.72,151,7507.72,0
2025-01-06,SKU_1006,Coca Cola 750ml Value,Coca Cola,Beverages,51.11,113,5775.43,0
2025-01-07,SKU_1006,Coca Cola 750ml Value,Coca Cola,Beverages,53.92,99,5338.08,15
2025-01-08,SKU_1006,Coca Cola 750ml Value,Coca Cola,Beverages,54.3,112,6081.6,0
2025-01-09,SKU_1006,Coca Cola 750ml Value,Coca Cola,Beverages,54.53,101,5507.53,5
2025-01-10,SKU_1006,Coca Cola 750ml Value,Coca Cola,Beverages,55.69,94,5234.86,10
2025-01-11,SKU_1006,Coca Cola 750ml Value,Coca Cola,Beverages,53.29,118,6288.22,0
2025-01-12,SKU_1006,Coca Cola 750ml Value,Coca Cola,Beverages,53.48,126,6738.48,0
2025-01-13,SKU_1006,Coca Cola 750ml Value,Coca Cola,Beverages,55.56,91,5055.96,0
2025-01-14,SKU_1006,Coca Cola 750ml Value,Coca Cola,Beverages,55.35,84,4649.4,0
2025-01-15,SKU_1006,Coca Cola 750ml Value,Coca Cola,Beverages,54.01,98,5292.98,0
2025-01-16,SKU_1006,Coca Cola 750ml Value,Coca Cola,Beverages,49.42,100,4942.0,0
2025-01-17,SKU_1006,Coca Cola 750ml Value,Coca Cola,Beverages,49.48,105,5195.4,5
2025-01-18,SKU_1006,Coca Cola 750ml Value,Coca Cola,Beverages,46.93,137,6429.41,0
2025-01-19,SKU_1006,Coca Cola 750ml Value,Coca Cola,Beverages,47.86,144,6891.84,0
2025-01-20,SKU_1006,Coca Cola 750ml Value,Coca Cola,Beverages,43.94,130,5712.2,5
2025-01-21,SKU_1006,Coca Cola 750ml Value,Coca Cola,Beverages,44.21,135,5968.35,0
2025-01-22,SKU_1006,Coca Cola 750ml Value,Coca Cola,Beverages,38.46,170,6538.2,0
2025-01-23,SKU_1006,Coca Cola 750ml Value,Coca Cola,Beverages,36.39,184,6695.76,15
2025-01-24,SKU_1006,Coca Cola 750ml Value,Coca Cola,Beverages,38.37,153,5870.61,0
2025-01-25,SKU_1006,Coca Cola 750ml Value,Coca Cola,Beverages,34.8,248,8630.4,0
2025-01-26,SKU_1006,Coca Cola 750ml Value,Coca Cola,Beverages,35.24,201,7083.24,0
2025-01-27,SKU_1006,Coca Cola 750ml Value,Coca Cola,Beverages,30.44,219,6666.36,10
2025-01-28,SKU_1006,Coca Cola 750ml Value,Coca Cola,Beverages,32.12,209,6713.08,0
2025-01-29,SKU_1006,Coca Cola 750ml Value,Coca Cola,Beverages,28.18,235,6622.3,0
2025-01-30,SKU_1006,Coca Cola 750ml Value,Coca Cola,Beverages,29.17,243,7088.31,5
2025-01-31,SKU_1006,Coca Cola 750ml Value,Coca Cola,Beverages,25.97,303,7868.91,0
2025-02-01,SKU_1006,Coca Cola 750ml Value,Coca Cola,Beverages,26.55,402,10673.1,15
2025-02-02,SKU_1006,Coca Cola 750ml Value,Coca Cola,Beverages,27.0,426,11502.0,0
2025-02-03,SKU_1006,Coca Cola 750ml Value,Coca Cola,Beverages,27.16,321,8718.36,5
2025-02-04,SKU_1006,Coca Cola 750ml Value,Coca Cola,Beverages,25.49,342,8717.58,10
2025-02-05,SKU_1006,Coca Cola 750ml Value,Coca Cola,Beverages,26.79,335,8974.65,0
2025-02-06,SKU_1006,Coca Cola 750ml Value,Coca Cola,Beverages,30.79,272,8374.88,5
2025-02-07,SKU_1006,Coca Cola 750ml Value,Coca Cola,Beverages,29.48,275,8107.0,0
2025-02-08,SKU_1006,Coca Cola 750ml Value,Coca Cola,Beverages,30.7,324,9946.8,0
2025-02-09,SKU_1006,Coca Cola 750ml Value,Coca Cola,Beverages,33.93,288,9771.84,0
2025-02-10,SKU_1006,Coca Cola 750ml Value,Coca Cola,Beverages,33.43,239,7989.77,0
2025-02-11,SKU_1006,Coca Cola 750ml Value,Coca Cola,Beverages,37.46,181,6780.26,15
2025-02-12,SKU_1006,Coca Cola 750ml Value,Coca Cola,Beverages,40.13,166,6661.58,10
2025-02-13,SKU_1006,Coca Cola 750ml Value,Coca Cola,Beverages,38.92,161,6266.12,0
2025-02-14,SKU_1006,Coca Cola 750ml Value,Coca Cola,Beverages,45.0,141,6345.0,0
2025-02-15,SKU_1006,Coca Cola 750ml Value,Coca Cola,Beverages,44.65,181,8081.65,0
2025-02-16,SKU_1006,Coca Cola 750ml Value,Coca Cola,Beverages,49.08,135,6625.8,15
2025-02-17,SKU_1006,Coca Cola 750ml Value,Coca Cola,Beverages,48.88,111,5425.68,5
2025-02-18,SKU_1006,Coca Cola 750ml Value,Coca Cola,Beverages,49.89,110,5487.9,5
2025-02-19,SKU_1006,Coca Cola 750ml Value,Coca Cola,Beverages,49.67,116,5761.72,0
2025-02-20,SKU_1006,Coca Cola 750ml Value,Coca Cola,Beverages,52.86,99,5233.14,5
2025-02-21,SKU_1006,Coca Cola 750ml Value,Coca Cola,Beverages,54.15,102,5523.3,0
2025-02-22,SKU_1006,Coca Cola 750ml Value,Coca Cola,Beverages,55.13,113,6229.69,10
2025-02-23,SKU_1006,Coca Cola 750ml Value,Coca Cola,Beverages,57.1,107,6109.7,0
2025-02-24,SKU_1006,Coca Cola 750ml Value,Coca Cola,Beverages,53.24,104,5536.96,5
2025-02-25,SKU_1006,Coca Cola 750ml Value,Coca Cola,Beverages,53.09,104,5521.36,10
2025-02-26,SKU_1006,Coca Cola 750ml Value,Coca Cola,Beverages,52.28,105,5489.4,0
2025-02-27,SKU_1006,Coca Cola 750ml Value,Coca Cola,Beverages,54.72,94,5143.68,15
2025-02-28,SKU_1006,Coca Cola 750ml Value,Coca Cola,Beverages,51.99,95,4939.05,5
2025-03-01,SKU_1006,Coca Cola 750ml Value,Coca Cola,Beverages,49.26,159,7832.34,0
2025-03-02,SKU_1006,Coca Cola 750ml Value,Coca Cola,Beverages,48.3,164,7921.2,0
2025-03-03,SKU_1006,Coca Cola 750ml Value,Coca Cola,Beverages,49.68,141,7004.88,0
2025-03-04,SKU_1006,Coca Cola 750ml Value,Coca Cola,Beverages,48.04,143,6869.72,15
2025-03-05,SKU_1006,Coca Cola 750ml Value,Coca Cola,Beverages,45.67,150,6850.5,0
2025-03-06,SKU_1006,Coca Cola 750ml Value,Coca Cola,Beverages,42.25,185,7816.25,0
2025-03-07,SKU_1006,Coca Cola 750ml Value,Coca Cola,Beverages,40.51,199,8061.49,5
2025-03-08,SKU_1006,Coca Cola 750ml Value,Coca Cola,Beverages,39.78,243,9666.54,15
2025-03-09,SKU_1006,Coca Cola 750ml Value,Coca Cola,Beverages,38.98,231,9004.38,0
2025-03-10,SKU_1006,Coca Cola 750ml Value,Coca Cola,Beverages,33.94,476,16155.44,10
2025-03-11,SKU_1006,Coca Cola 750ml Value,Coca Cola,Beverages,32.65,425,13876.25,10
2025-03-12,SKU_1006,Coca Cola 750ml Value,Coca Cola,Beverages,31.03,443,13746.29,5
2025-03-13,SKU_1006,Coca Cola 750ml Value,Coca Cola,Beverages,30.54,421,12857.34,5
2025-03-14,SKU_1006,Coca Cola 750ml Value,Coca Cola,Beverages,29.39,410,12049.9,5
2025-03-15,SKU_1006,Coca Cola 750ml Value,Coca Cola,Beverages,26.47,500,13235.0,10
2025-03-16,SKU_1006,Coca Cola 750ml Value,Coca Cola,Beverages,28.94,459,13283.46,0
2025-03-17,SKU_1006,Coca Cola 750ml Value,Coca Cola,Beverages,27.05,577,15607.85,0
2025-03-18,SKU_1006,Coca Cola 750ml Value,Coca Cola,Beverages,25.79,325,8381.75,0
2025-03-19,SKU_1006,Coca Cola 750ml Value,Coca Cola,Beverages,28.02,308,8630.16,0
2025-03-20,SKU_1006,Coca Cola 750ml Value,Coca Cola,Beverages,25.96,346,8982.16,0
2025-03-21,SKU_1006,Coca Cola 750ml Value,Coca Cola,Beverages,28.29,300,8487.0,0
2025-03-22,SKU_1006,Coca Cola 750ml Value,Coca Cola,Beverages,28.83,326,9398.58,0
2025-03-23,SKU_1006,Coca Cola 750ml Value,Coca Cola,Beverages,29.61,320,9475.2,0
2025-03-24,SKU_1006,Coca Cola 750ml Value,Coca Cola,Beverages,31.61,233,7365.13,5
2025-03-25,SKU_1006,Coca Cola 750ml Value,Coca Cola,Beverages,35.07,217,7610.19,0
2025-03-26,SKU_1006,Coca Cola 750ml Value,Coca Cola,Beverages,36.26,178,6454.28,10
2025-03-27,SKU_1006,Coca Cola 750ml Value,Coca Cola,Beverages,38.61,165,6370.65,15
2025-03-28,SKU_1006,Coca Cola 750ml Value,Coca Cola,Beverages,38.47,161,6193.67,5
2025-03-29,SKU_1006,Coca Cola 750ml Value,Coca Cola,Beverages,39.17,207,8108.19,0
2025-03-30,SKU_1006,Coca Cola 750ml Value,Coca Cola,Beverages,44.48,156,6938.88,0
2025-03-31,SKU_1006,Coca Cola 750ml Value,Coca Cola,Beverages,45.4,119,5402.6,15
2025-04-01,SKU_1006,Coca Cola 750ml Value,Coca Cola,Beverages,46.86,138,6466.68,15
2025-04-02,SKU_1006,Coca Cola 750ml Value,Coca Cola,Beverages,46.39,144,6680.16,0
2025-04-03,SKU_1006,Coca Cola 750ml Value,Coca Cola,Beverages,51.56,126,6496.56,0
2025-04-04,SKU_1006,Coca Cola 750ml Value,Coca Cola,Beverages,51.3,137,7028.1,10
2025-04-05,SKU_1006,Coca Cola 750ml Value,Coca Cola,Beverages,51.33,149,7648.17,0
2025-04-06,SKU_1006,Coca Cola 750ml Value,Coca Cola,Beverages,56.06,145,8128.7,0
2025-04-07,SKU_1006,Coca Cola 750ml Value,Coca Cola,Beverages,56.15,114,6401.1,0
2025-04-08,SKU_1006,Coca Cola 750ml Value,Coca Cola,Beverages,56.53,101,5709.53,5
2025-04-09,SKU_1006,Coca Cola 750ml Value,Coca Cola,Beverages,54.0,118,6372.0,0
2025-04-10,SKU_1006,Coca Cola 750ml Value,Coca Cola,Beverages,54.35,114,6195.9,5
2025-04-11,SKU_1006,Coca Cola 750ml Value,Coca Cola,Beverages,56.38,101,5694.38,15
2025-04-12,SKU_1006,Coca Cola 750ml Value,Coca Cola,Beverages,55.85,130,7260.5,5
2025-04-13,SKU_1006,Coca Cola 750ml Value,Coca Cola,Beverages,53.5,128,6848.0,0
2025-04-14,SKU_1006,Coca Cola 750ml Value,Coca Cola,Beverages,53.74,110,5911.4,10
2025-04-15,SKU_1006,Coca Cola 750ml Value,Coca Cola,Beverages,52.1,101,5262.1,10
2025-04-16,SKU_1006,Coca Cola 750ml Value,Coca Cola,Beverages,48.53,116,5629.48,15
2025-04-17,SKU_1006,Coca Cola 750ml Value,Coca Cola,Beverages,48.11,131,6302.41,5
2025-04-18,SKU_1006,Coca Cola 750ml Value,Coca Cola,Beverages,46.49,135,6276.15,0
2025-04-19,SKU_1006,Coca Cola 750ml Value,Coca Cola,Beverages,40.42,197,7962.74,10
2025-04-20,SKU_1006,Coca Cola 750ml Value,Coca Cola,Beverages,40.28,211,8499.08,5
2025-04-21,SKU_1006,Coca Cola 750ml Value,Coca Cola,Beverages,37.36,173,6463.28,0
2025-04-22,SKU_1006,Coca Cola 750ml Value,Coca Cola,Beverages,37.81,191,7221.71,10
2025-04-23,SKU_1006,Coca Cola 750ml Value,Coca Cola,Beverages,35.85,197,7062.45,15
2025-04-24,SKU_1006,Coca Cola 750ml Value,Coca Cola,Beverages,33.13,217,7189.21,15
2025-04-25,SKU_1006,Coca Cola 750ml Value,Coca Cola,Beverages,29.69,282,8372.58,15
2025-04-26,SKU_1006,Coca Cola 750ml Value,Coca Cola,Beverages,28.04,341,9561.64,0
2025-04-27,SKU_1006,Coca Cola 750ml Value,Coca Cola,Beverages,27.3,349,9527.7,5
2025-04-28,SKU_1006,Coca Cola 750ml Value,Coca Cola,Beverages,26.75,272,7276.0,15
2025-04-29,SKU_1006,Coca Cola 750ml Value,Coca Cola,Beverages,25.84,295,7622.8,15
2025-04-30,SKU_1006,Coca Cola 750ml Value,Coca Cola,Beverages,28.74,260,7472.4,10
2025-05-01,SKU_1006,Coca Cola 750ml Value,Coca Cola,Beverages,25.99,390,10136.1,0
2025-05-02,SKU_1006,Coca Cola 750ml Value,Coca Cola,Beverages,26.76,369,9874.44,0
2025-05-03,SKU_1006,Coca Cola 750ml Value,Coca Cola,Beverages,25.44,484,12312.96,0
2025-05-04,SKU_1006,Coca Cola 750ml Value,Coca Cola,Beverages,27.97,420,11747.4,10
2025-05-05,SKU_1006,Coca Cola 750ml Value,Coca Cola,Beverages,28.9,295,8525.5,0
2025-05-06,SKU_1006,Coca Cola 750ml Value,Coca Cola,Beverages,29.97,317,9500.49,0
2025-05-07,SKU_1006,Coca Cola 750ml Value,Coca Cola,Beverages,31.51,257,8098.07,0
2025-05-08,SKU_1006,Coca Cola 750ml Value,Coca Cola,Beverages,35.0,220,7700.0,0
2025-05-09,SKU_1006,Coca Cola 750ml Value,Coca Cola,Beverages,37.08,219,8120.52,15
2025-05-10,SKU_1006,Coca Cola 750ml Value,Coca Cola,Beverages,38.25,232,8874.0,10
2025-05-11,SKU_1006,Coca Cola 750ml Value,Coca Cola,Beverages,38.42,228,8759.76,0
2025-05-12,SKU_1006,Coca Cola 750ml Value,Coca Cola,Beverages,41.81,144,6020.64,0
2025-05-13,SKU_1006,Coca Cola 750ml Value,Coca Cola,Beverages,44.07,142,6257.94,0
2025-05-14,SKU_1006,Coca Cola 750ml Value,Coca Cola,Beverages,44.8,142,6361.6,0
2025-05-15,SKU_1006,Coca Cola 750ml Value,Coca Cola,Beverages,46.81,121,5664.01,0
2025-05-16,SKU_1006,Coca Cola 750ml Value,Coca Cola,Beverages,48.83,117,5713.11,0
2025-05-17,SKU_1006,Coca Cola 750ml Value,Coca Cola,Beverages,52.02,139,7230.78,0
2025-05-18,SKU_1006,Coca Cola 750ml Value,Coca Cola,Beverages,49.42,140,6918.8,0
2025-05-19,SKU_1006,Coca Cola 750ml Value,Coca Cola,Beverages,54.43,104,5660.72,0
2025-05-20,SKU_1006,Coca Cola 750ml Value,Coca Cola,Beverages,51.87,111,5757.57,5
2025-05-21,SKU_1006,Coca Cola 750ml Value,Coca Cola,Beverages,53.12,105,5577.6,5
2025-05-22,SKU_1006,Coca Cola 750ml Value,Coca Cola,Beverages,55.29,102,5639.58,0
2025-05-23,SKU_1006,Coca Cola 750ml Value,Coca Cola,Beverages,54.6,101,5514.6,5
2025-05-24,SKU_1006,Coca Cola 750ml Value,Coca Cola,Beverages,57.42,112,6431.04,10
2025-05-25,SKU_1006,Coca Cola 750ml Value,Coca Cola,Beverages,54.33,112,6084.96,15
2025-05-26,SKU_1006,Coca Cola 750ml Value,Coca Cola,Beverages,53.24,85,4525.4,15
2025-05-27,SKU_1006,Coca Cola 750ml Value,Coca Cola,Beverages,52.25,92,4807.0,0
2025-05-28,SKU_1006,Coca Cola 750ml Value,Coca Cola,Beverages,52.35,97,5077.95,0
2025-05-29,SKU_1006,Coca Cola 750ml Value,Coca Cola,Beverages,49.56,108,5352.48,0
2025-05-30,SKU_1006,Coca Cola 750ml Value,Coca Cola,Beverages,47.87,110,5265.7,0
2025-05-31,SKU_1006,Coca Cola 750ml Value,Coca Cola,Beverages,47.98,135,6477.3,0
2025-06-01,SKU_1006,Coca Cola 750ml Value,Coca Cola,Beverages,45.12,182,8211.84,0
2025-06-02,SKU_1006,Coca Cola 750ml Value,Coca Cola,Beverages,44.08,159,7008.72,0
2025-06-03,SKU_1006,Coca Cola 750ml Value,Coca Cola,Beverages,41.91,152,6370.32,0
2025-06-04,SKU_1006,Coca Cola 750ml Value,Coca Cola,Beverages,39.2,191,7487.2,5
2025-06-05,SKU_1006,Coca Cola 750ml Value,Coca Cola,Beverages,35.16,231,8121.96,10
2025-06-06,SKU_1006,Coca Cola 750ml Value,Coca Cola,Beverages,33.06,231,7636.86,0
2025-06-07,SKU_1006,Coca Cola 750ml Value,Coca Cola,Beverages,32.58,320,10425.6,0
2025-06-08,SKU_1006,Coca Cola 750ml Value,Coca Cola,Beverages,31.65,327,10349.55,0
2025-06-09,SKU_1006,Coca Cola 750ml Value,Coca Cola,Beverages,28.9,292,8438.8,0
2025-06-10,SKU_1006,Coca Cola 750ml Value,Coca Cola,Beverages,27.51,304,8363.04,0
2025-06-11,SKU_1006,Coca Cola 750ml Value,Coca Cola,Beverages,26.14,305,7972.7,0
2025-06-12,SKU_1006,Coca Cola 750ml Value,Coca Cola,Beverages,26.59,311,8269.49,5
2025-06-13,SKU_1006,Coca Cola 750ml Value,Coca Cola,Beverages,27.71,275,7620.25,0
2025-06-14,SKU_1006,Coca Cola 750ml Value,Coca Cola,Beverages,27.34,341,9322.94,0
2025-06-15,SKU_1006,Coca Cola 750ml Value,Coca Cola,Beverages,26.33,395,10400.35,0
2025-06-16,SKU_1006,Coca Cola 750ml Value,Coca Cola,Beverages,25.93,310,8038.3,0
2025-06-17,SKU_1006,Coca Cola 750ml Value,Coca Cola,Beverages,29.87,244,7288.28,0
2025-06-18,SKU_1006,Coca Cola 750ml Value,Coca Cola,Beverages,28.9,265,7658.5,10
2025-06-19,SKU_1006,Coca Cola 750ml Value,Coca Cola,Beverages,30.94,215,6652.1,5
2025-06-20,SKU_1006,Coca Cola 750ml Value,Coca Cola,Beverages,33.03,188,6209.64,10
2025-06-21,SKU_1006,Coca Cola 750ml Value,Coca Cola,Beverages,34.65,244,8454.6,15
2025-06-22,SKU_1006,Coca Cola 750ml Value,Coca Cola,Beverages,36.32,226,8208.32,5
2025-06-23,SKU_1006,Coca Cola 750ml Value,Coca Cola,Beverages,36.25,171,6198.75,0
2025-06-24,SKU_1006,Coca Cola 750ml Value,Coca Cola,Beverages,38.72,149,5769.28,10
2025-06-25,SKU_1006,Coca Cola 750ml Value,Coca Cola,Beverages,42.77,127,5431.79,10
2025-06-26,SKU_1006,Coca Cola 750ml Value,Coca Cola,Beverages,43.62,124,5408.88,15
2025-06-27,SKU_1006,Coca Cola 750ml Value,Coca Cola,Beverages,44.66,107,4778.62,10
2025-06-28,SKU_1006,Coca Cola 750ml Value,Coca Cola,Beverages,46.61,135,6292.35,0
2025-06-29,SKU_1006,Coca Cola 750ml Value,Coca Cola,Beverages,50.37,111,5591.07,15
