datasets/sales.csv
date,product_id,product_name,brand,category,selling_price,units_sold,revenue,promotion_discount_pct
2025-01-01,SKU_1008,Coca Cola 1L Mini,Coca Cola,Beverages,30.9,57,1761.3,0
2025-01-02,SKU_1008,Coca Cola 1L Mini,Coca Cola,Beverages,32.56,52,1693.12,0
2025-01-03,SKU_1008,Coca Cola 1L Mini,Coca Cola,Beverages,32.11,54,1733.94,0
2025-01-04,SKU_1008,Coca Cola 1L Mini,Coca Cola,Beverages,34.21,64,2189.44,0
2025-01-05,SKU_1008,Coca Cola 1L Mini,Coca Cola,Beverages,36.77,58,2132.66,5
2025-01-06,SKU_1008,Coca Cola 1L Mini,Coca Cola,Beverages,35.29,44,1552.76,15
2025-01-07,SKU_1008,Coca Cola 1L Mini,Coca Cola,Beverages,38.12,41,1562.92,0
2025-01-08,SKU_1008,Coca Cola 1L Mini,Coca Cola,Beverages,37.4,44,1645.6,0
2025-01-09,SKU_1008,Coca Cola 1L Mini,Coca Cola,Beverages,38.08,43,1637.44,0
2025-01-10,SKU_1008,Coca Cola 1L Mini,Coca Cola,Beverages,38.89,41,1594.49,0
2025-01-11,SKU_1008,Coca Cola 1L Mini,Coca Cola,Beverages,38.41,43,1651.63,0
2025-01-12,SKU_1008,Coca Cola 1L Mini,Coca Cola,Beverages,37.47,47,1761.09,10
2025-01-13,SKU_1008,Coca Cola 1L Mini,Coca Cola,Beverages,37.58,37,1390.46,15
2025-01-14,SKU_1008,Coca Cola 1L Mini,Coca Cola,Beverages,38.65,33,1275.45,0
2025-01-15,SKU_1008,Coca Cola 1L Mini,Coca Cola,Beverages,38.03,38,1445.14,15
2025-01-16,SKU_1008,Coca Cola 1L Mini,Coca Cola,Beverages,35.81,38,1360.78,0
2025-01-17,SKU_1008,Coca Cola 1L Mini,Coca Cola,Beverages,33.65,42,1413.3,0
2025-01-18,SKU_1008,Coca Cola 1L Mini,Coca Cola,Beverages,32.58,57,1857.06,10
2025-01-19,SKU_1008,Coca Cola 1L Mini,Coca Cola,Beverages,33.86,60,2031.6,0
2025-01-20,SKU_1008,Coca Cola 1L Mini,Coca Cola,Beverages,30.49,56,1707.44,5
2025-01-21,SKU_1008,Coca Cola 1L Mini,Coca Cola,Beverages,28.42,63,1790.46,0
2025-01-22,SKU_1008,Coca Cola 1L Mini,Coca Cola,Beverages,27.0,65,1755.0,0
2025-01-23,SKU_1008,Coca Cola 1L Mini,Coca Cola,Beverages,28.32,62,1755.84,15
2025-01-24,SKU_1008,Coca Cola 1L Mini,Coca Cola,Beverages,26.65,64,1705.6,0
2025-01-25,SKU_1008,Coca Cola 1L Mini,Coca Cola,Beverages,24.66,92,2268.72,15
2025-01-26,SKU_1008,Coca Cola 1L Mini,Coca Cola,Beverages,23.25,92,2139.0,0
2025-01-27,SKU_1008,Coca Cola 1L Mini,Coca Cola,Beverages,22.17,85,1884.45,15
2025-01-28,SKU_1008,Coca Cola 1L Mini,Coca Cola,Beverages,19.9,91,1810.9,10
2025-01-29,SKU_1008,Coca Cola 1L Mini,Coca Cola,Beverages,21.19,93,1970.67,10
2025-01-30,SKU_1008,Coca Cola 1L Mini,Coca Cola,Beverages,18.77,104,1952.08,10
2025-01-31,SKU_1008,Coca Cola 1L Mini,Coca Cola,Beverages,17.51,115,2013.65,15
2025-02-01,SKU_1008,Coca Cola 1L Mini,Coca Cola,Beverages,18.03,191,3443.73,15
2025-02-02,SKU_1008,Coca Cola 1L Mini,Coca Cola,Beverages,17.74,181,3210.94,10
2025-02-03,SKU_1008,Coca Cola 1L Mini,Coca Cola,Beverages,19.83,130,2577.9,10
2025-02-04,SKU_1008,Coca Cola 1L Mini,Coca Cola,Beverages,18.34,139,2549.26,15
2025-02-05,SKU_1008,Coca Cola 1L Mini,Coca Cola,Beverages,19.58,122,2388.76,10
2025-02-06,SKU_1008,Coca Cola 1L Mini,Coca Cola,Beverages,21.12,118,2492.16,5
2025-02-07,SKU_1008,Coca Cola 1L Mini,Coca Cola,Beverages,21.12,118,2492.16,5
2025-02-08,SKU_1008,Coca Cola 1L Mini,Coca Cola,Beverages,21.67,128,2773.76,0
2025-02-09,SKU_1008,Coca Cola 1L Mini,Coca Cola,Beverages,21.64,127,2748.28,10
2025-02-10,SKU_1008,Coca Cola 1L Mini,Coca Cola,Beverages,23.85,98,2337.3,0
2025-02-11,SKU_1008,Coca Cola 1L Mini,Coca Cola,Beverages,26.22,68,1782.96,15
2025-02-12,SKU_1008,Coca Cola 1L Mini,Coca Cola,Beverages,26.6,67,1782.2,0
2025-02-13,SKU_1008,Coca Cola 1L Mini,Coca Cola,Beverages,27.68,64,1771.52,15
2025-02-14,SKU_1008,Coca Cola 1L Mini,Coca Cola,Beverages,31.28,56,1751.68,5
2025-02-15,SKU_1008,Coca Cola 1L Mini,Coca Cola,Beverages,32.01,68,2176.68,0
2025-02-16,SKU_1008,Coca Cola 1L Mini,Coca Cola,Beverages,31.24,69,2155.56,0
2025-02-17,SKU_1008,Coca Cola 1L Mini,Coca Cola,Beverages,33.56,49,1644.44,10
2025-02-18,SKU_1008,Coca Cola 1L Mini,Coca Cola,Beverages,36.83,38,1399.54,0
2025-02-19,SKU_1008,Coca Cola 1L Mini,Coca Cola,Beverages,35.04,48,1681.92,0
2025-02-20,SKU_1008,Coca Cola 1L Mini,Coca Cola,Beverages,35.94,42,1509.48,0
2025-02-21,SKU_1008,Coca Cola 1L Mini,Coca Cola,Beverages,38.0,42,1596.0,0
2025-02-22,SKU_1008,Coca Cola 1L Mini,Coca Cola,Beverages,39.87,48,1913.76,0
2025-02-23,SKU_1008,Coca Cola 1L Mini,Coca Cola,Beverages,38.24,48,1835.52,5
2025-02-24,SKU_1008,Coca Cola 1L Mini,Coca Cola,Beverages,39.2,38,1489.6,15
2025-02-25,SKU_1008,Coca Cola 1L Mini,Coca Cola,Beverages,36.93,41,1514.13,0
2025-02-26,SKU_1008,Coca Cola 1L Mini,Coca Cola,Beverages,36.98,36,1331.28,0
2025-02-27,SKU_1008,Coca Cola 1L Mini,Coca Cola,Beverages,37.79,35,1322.65,0
2025-02-28,SKU_1008,Coca Cola 1L Mini,Coca Cola,Beverages,38.33,39,1494.87,0
2025-03-01,SKU_1008,Coca Cola 1L Mini,Coca Cola,Beverages,36.67,63,2310.21,0
2025-03-02,SKU_1008,Coca Cola 1L Mini,Coca Cola,Beverages,35.48,64,2270.72,0
2025-03-03,SKU_1008,Coca Cola 1L Mini,Coca Cola,Beverages,32.72,63,2061.36,0
2025-03-04,SKU_1008,Coca Cola 1L Mini,Coca Cola,Beverages,34.27,51,1747.77,0
2025-03-05,SKU_1008,Coca Cola 1L Mini,Coca Cola,Beverages,31.96,62,1981.52,0
2025-03-06,SKU_1008,Coca Cola 1L Mini,Coca Cola,Beverages,30.85,59,1820.15,15
2025-03-07,SKU_1008,Coca Cola 1L Mini,Coca Cola,Beverages,28.28,71,2007.88,0
2025-03-08,SKU_1008,Coca Cola 1L Mini,Coca Cola,Beverages,25.47,109,2776.23,0
2025-03-09,SKU_1008,Coca Cola 1L Mini,Coca Cola,Beverages,24.79,117,2900.43,0
2025-03-10,SKU_1008,Coca Cola 1L Mini,Coca Cola,Beverages,23.5,180,4230.0,10
2025-03-11,SKU_1008,Coca Cola 1L Mini,Coca Cola,Beverages,24.25,132,3201.0,0
2025-03-12,SKU_1008,Coca Cola 1L Mini,Coca Cola,Beverages,20.86,213,4443.18,5
2025-03-13,SKU_1008,Coca Cola 1L Mini,Coca Cola,Beverages,20.8,149,3099.2,0
2025-03-14,SKU_1008,Coca Cola 1L Mini,Coca Cola,Beverages,18.47,194,3583.18,0
2025-03-15,SKU_1008,Coca Cola 1L Mini,Coca Cola,Beverages,20.13,247,4972.11,0
2025-03-16,SKU_1008,Coca Cola 1L Mini,Coca Cola,Beverages,20.44,223,4558.12,5
2025-03-17,SKU_1008,Coca Cola 1L Mini,Coca Cola,Beverages,17.45,222,3873.9,10
2025-03-18,SKU_1008,Coca Cola 1L Mini,Coca Cola,Beverages,17.03,137,2333.11,0
2025-03-19,SKU_1008,Coca Cola 1L Mini,Coca Cola,Beverages,17.34,149,2583.66,0
2025-03-20,SKU_1008,Coca Cola 1L Mini,Coca Cola,Beverages,18.59,120,2230.8,5
2025-03-21,SKU_1008,Coca Cola 1L Mini,Coca Cola,Beverages,21.06,108,2274.48,10
2025-03-22,SKU_1008,Coca Cola 1L Mini,Coca Cola,Beverages,21.45,132,2831.4,0
2025-03-23,SKU_1008,Coca Cola 1L Mini,Coca Cola,Beverages,22.11,123,2719.53,15
2025-03-24,SKU_1008,Coca Cola 1L Mini,Coca Cola,Beverages,21.31,94,2003.14,0
2025-03-25,SKU_1008,Coca Cola 1L Mini,Coca Cola,Beverages,21.75,106,2305.5,10
2025-03-26,SKU_1008,Coca Cola 1L Mini,Coca Cola,Beverages,24.87,75,1865.25,15
2025-03-27,SKU_1008,Coca Cola 1L Mini,Coca Cola,Beverages,26.54,64,1698.56,10
2025-03-28,SKU_1008,Coca Cola 1L Mini,Coca Cola,Beverages,28.31,56,1585.36,15
2025-03-29,SKU_1008,Coca Cola 1L Mini,Coca Cola,Beverages,27.38,74,2026.12,0
2025-03-30,SKU_1008,Coca Cola 1L Mini,Coca Cola,Beverages,29.91,68,2033.88,10
2025-03-31,SKU_1008,Coca Cola 1L Mini,Coca Cola,Beverages,30.12,53,1596.36,0
2025-04-01,SKU_1008,Coca Cola 1L Mini,Coca Cola,Beverages,32.12,65,2087.8,10
2025-04-02,SKU_1008,Coca Cola 1L Mini,Coca Cola,Beverages,34.77,53,1842.81,0
2025-04-03,SKU_1008,Coca Cola 1L Mini,Coca Cola,Beverages,34.02,52,1769.04,10
2025-04-04,SKU_1008,Coca Cola 1L Mini,Coca Cola,Beverages,37.75,48,1812.0,0
2025-04-05,SKU_1008,Coca Cola 1L Mini,Coca Cola,Beverages,37.25,63,2346.75,15
2025-04-06,SKU_1008,Coca Cola 1L Mini,Coca Cola,Beverages,38.31,62,2375.22,0
2025-04-07,SKU_1008,Coca Cola 1L Mini,Coca Cola,Beverages,37.37,45,1681.65,5
2025-04-08,SKU_1008,Coca Cola 1L Mini,Coca Cola,Beverages,37.33,45,1679.85,15
2025-04-09,SKU_1008,Coca Cola 1L Mini,Coca Cola,Beverages,38.45,46,1768.7,0
2025-04-10,SKU_1008,Coca Cola 1L Mini,Coca Cola,Beverages,37.07,52,1927.64,0
2025-04-11,SKU_1008,Coca Cola 1L Mini,Coca Cola,Beverages,39.26,37,1452.62,0
2025-04-12,SKU_1008,Coca Cola 1L Mini,Coca Cola,Beverages,37.38,53,1981.14,15
2025-04-13,SKU_1008,Coca Cola 1L Mini,Coca Cola,Beverages,37.32,54,2015.28,0
2025-04-14,SKU_1008,Coca Cola 1L Mini,Coca Cola,Beverages,36.58,40,1463.2,0
2025-04-15,SKU_1008,Coca Cola 1L Mini,Coca Cola,Beverages,33.84,49,1658.16,5
2025-04-16,SKU_1008,Coca Cola 1L Mini,Coca Cola,Beverages,34.81,49,1705.69,15
2025-04-17,SKU_1008,Coca Cola 1L Mini,Coca Cola,Beverages,34.35,44,1511.4,0
2025-04-18,SKU_1008,Coca Cola 1L Mini,Coca Cola,Beverages,30.29,54,1635.66,15
2025-04-19,SKU_1008,Coca Cola 1L Mini,Coca Cola,Beverages,29.29,76,2226.04,10
2025-04-20,SKU_1008,Coca Cola 1L Mini,Coca Cola,Beverages,29.67,71,2106.57,5
2025-04-21,SKU_1008,Coca Cola 1L Mini,Coca Cola,Beverages,27.23,69,1878.87,0
2025-04-22,SKU_1008,Coca Cola 1L Mini,Coca Cola,Beverages,25.59,77,1970.43,5
2025-04-23,SKU_1008,Coca Cola 1L Mini,Coca Cola,Beverages,25.23,79,1993.17,0
2025-04-24,SKU_1008,Coca Cola 1L Mini,Coca Cola,Beverages,23.34,88,2053.92,15
2025-04-25,SKU_1008,Coca Cola 1L Mini,Coca Cola,Beverages,20.39,105,2140.95,0
2025-04-26,SKU_1008,Coca Cola 1L Mini,Coca Cola,Beverages,19.36,136,2632.96,15
2025-04-27,SKU_1008,Coca Cola 1L Mini,Coca Cola,Beverages,19.21,133,2554.93,0
2025-04-28,SKU_1008,Coca Cola 1L Mini,Coca Cola,Beverages,18.2,129,2347.8,0
2025-04-29,SKU_1008,Coca Cola 1L Mini,Coca Cola,Beverages,17.65,133,2347.45,0
2025-04-30,SKU_1008,Coca Cola 1L Mini,Coca Cola,Beverages,19.94,111,2213.34,5
2025-05-01,SKU_1008,Coca Cola 1L Mini,Coca Cola,Beverages,19.16,139,2663.24,0
2025-05-02,SKU_1008,Coca Cola 1L Mini,Coca Cola,Beverages,20.08,128,2570.24,10
2025-05-03,SKU_1008,Coca Cola 1L Mini,Coca Cola,Beverages,18.29,171,3127.59,0
2025-05-04,SKU_1008,Coca Cola 1L Mini,Coca Cola,Beverages,20.54,148,3039.92,5
2025-05-05,SKU_1008,Coca Cola 1L Mini,Coca Cola,Beverages,20.71,119,2464.49,0
2025-05-06,SKU_1008,Coca Cola 1L Mini,Coca Cola,Beverages,21.58,109,2352.22,5
2025-05-07,SKU_1008,Coca Cola 1L Mini,Coca Cola,Beverages,23.48,95,2230.6,0
2025-05-08,SKU_1008,Coca Cola 1L Mini,Coca Cola,Beverages,23.46,106,2486.76,0
2025-05-09,SKU_1008,Coca Cola 1L Mini,Coca Cola,Beverages,25.5,86,2193.0,0
2025-05-10,SKU_1008,Coca Cola 1L Mini,Coca Cola,Beverages,25.81,100,2581.0,15
2025-05-11,SKU_1008,Coca Cola 1L Mini,Coca Cola,Beverages,27.2,79,2148.8,15
2025-05-12,SKU_1008,Coca Cola 1L Mini,Coca Cola,Beverages,28.15,63,1773.45,15
2025-05-13,SKU_1008,Coca Cola 1L Mini,Coca Cola,Beverages,31.36,53,1662.08,0
2025-05-14,SKU_1008,Coca Cola 1L Mini,Coca Cola,Beverages,31.86,53,1688.58,15
2025-05-15,SKU_1008,Coca Cola 1L Mini,Coca Cola,Beverages,33.32,45,1499.4,0
2025-05-16,SKU_1008,Coca Cola 1L Mini,Coca Cola,Beverages,35.56,45,1600.2,0
2025-05-17,SKU_1008,Coca Cola 1L Mini,Coca Cola,Beverages,34.2,55,1881.0,0
2025-05-18,SKU_1008,Coca Cola 1L Mini,Coca Cola,Beverages,36.57,52,1901.64,15
2025-05-19,SKU_1008,Coca Cola 1L Mini,Coca Cola,Beverages,38.32,37,1417.84,5
2025-05-20,SKU_1008,Coca Cola 1L Mini,Coca Cola,Beverages,37.4,38,1421.2,0
2025-05-21,SKU_1008,Coca Cola 1L Mini,Coca Cola,Beverages,38.66,39,1507.74,5
2025-05-22,SKU_1008,Coca Cola 1L Mini,Coca Cola,Beverages,38.72,38,1471.36,0
2025-05-23,SKU_1008,Coca Cola 1L Mini,Coca Cola,Beverages,37.29,37,1379.73,0
2025-05-24,SKU_1008,Coca Cola 1L Mini,Coca Cola,Beverages,37.84,49,1854.16,0
2025-05-25,SKU_1008,Coca Cola 1L Mini,Coca Cola,Beverages,38.43,50,1921.5,0
2025-05-26,SKU_1008,Coca Cola 1L Mini,Coca Cola,Beverages,36.59,40,1463.6,0
2025-05-27,SKU_1008,Coca Cola 1L Mini,Coca Cola,Beverages,35.82,38,1361.16,5
2025-05-28,SKU_1008,Coca Cola 1L Mini,Coca Cola,Beverages,36.51,38,1387.38,15
2025-05-29,SKU_1008,Coca Cola 1L Mini,Coca Cola,Beverages,35.95,39,1402.05,5
2025-05-30,SKU_1008,Coca Cola 1L Mini,Coca Cola,Beverages,32.93,43,1415.99,0
2025-05-31,SKU_1008,Coca Cola 1L Mini,Coca Cola,Beverages,33.1,57,1886.7,0
2025-06-01,SKU_1008,Coca Cola 1L Mini,Coca Cola,Beverages,30.67,73,2238.91,10
2025-06-02,SKU_1008,Coca Cola 1L Mini,Coca Cola,Beverages,28.64,73,2090.72,0
2025-06-03,SKU_1008,Coca Cola 1L Mini,Coca Cola,Beverages,27.39,76,2081.64,15
2025-06-04,SKU_1008,Coca Cola 1L Mini,Coca Cola,Beverages,26.93,74,1992.82,15
2025-06-05,SKU_1008,Coca Cola 1L Mini,Coca Cola,Beverages,27.1,76,2059.6,0
2025-06-06,SKU_1008,Coca Cola 1L Mini,Coca Cola,Beverages,23.11,100,2311.0,15
2025-06-07,SKU_1008,Coca Cola 1L Mini,Coca Cola,Beverages,21.43,145,3107.35,10
2025-06-08,SKU_1008,Coca Cola 1L Mini,Coca Cola,Beverages,20.25,141,2855.25,0
2025-06-09,SKU_1008,Coca Cola 1L Mini,Coca Cola,Beverages,19.65,122,2397.3,5
2025-06-10,SKU_1008,Coca Cola 1L Mini,Coca Cola,Beverages,18.43,128,2359.04,0
2025-06-11,SKU_1008,Coca Cola 1L Mini,Coca Cola,Beverages,19.69,113,2224.97,5
2025-06-12,SKU_1008,Coca Cola 1L Mini,Coca Cola,Beverages,19.71,113,2227.23,5
2025-06-13,SKU_1008,Coca Cola 1L Mini,Coca Cola,Beverages,17.05,140,2387.0,5
2025-06-14,SKU_1008,Coca Cola 1L Mini,Coca Cola,Beverages,17.47,154,2690.38,0
2025-06-15,SKU_1008,Coca Cola 1L Mini,Coca Cola,Beverages,19.6,134,2626.4,5
2025-06-16,SKU_1008,Coca Cola 1L Mini,Coca Cola,Beverages,20.38,99,2017.62,0
2025-06-17,SKU_1008,Coca Cola 1L Mini,Coca Cola,Beverages,17.8,118,2100.4,15
2025-06-18,SKU_1008,Coca Cola 1L Mini,Coca Cola,Beverages,19.01,109,2072.09,0
2025-06-19,SKU_1008,Coca Cola 1L Mini,Coca Cola,Beverages,21.43,92,1971.56,10
2025-06-20,SKU_1008,Coca Cola 1L Mini,Coca Cola,Beverages,23.11,85,1964.35,10
2025-06-21,SKU_1008,Coca Cola 1L Mini,Coca Cola,Beverages,24.08,94,2263.52,0
2025-06-22,SKU_1008,Coca Cola 1L Mini,Coca Cola,Beverages,24.61,89,2190.29,10
2025-06-23,SKU_1008,Coca Cola 1L Mini,Coca Cola,Beverages,24.18,70,1692.6,0
2025-06-24,SKU_1008,Coca Cola 1L Mini,Coca Cola,Beverages,26.23,64,1678.72,15
2025-06-25,SKU_1008,Coca Cola 1L Mini,Coca Cola,Beverages,28.28,61,1725.08,10
2025-06-26,SKU_1008,Coca Cola 1L Mini,Coca Cola,Beverages,30.04,47,1411.88,0
2025-06-27,SKU_1008,Coca Cola 1L Mini,Coca Cola,Beverages,30.31,47,1424.57,10
2025-06-28,SKU_1008,Coca Cola 1L Mini,Coca Cola,Beverages,31.25,57,1781.25,10
2025-06-29,SKU_1008,Coca Cola 1L Mini,Coca Cola,Beverages,35.76,43,1537.68,15
