datasets/sales.csv
date,product_id,product_name,brand,category,selling_price,units_sold,revenue,promotion_discount_pct
2025-01-01,SKU_1010,Coca Cola 1L Value,Coca Cola,Beverages,53.23,89,4737.47,0
2025-01-02,SKU_1010,Coca Cola 1L Value,Coca Cola,Beverages,53.4,97,5179.8,0
2025-01-03,SKU_1010,Coca Cola 1L Value,Coca Cola,Beverages,56.51,88,4972.88,0
2025-01-04,SKU_1010,Coca Cola 1L Value,Coca Cola,Beverages,58.46,102,5962.92,5
2025-01-05,SKU_1010,Coca Cola 1L Value,Coca Cola,Beverages,58.58,97,5682.26,0
2025-01-06,SKU_1010,Coca Cola 1L Value,Coca Cola,Beverages,61.86,70,4330.2,0
2025-01-07,SKU_1010,Coca Cola 1L Value,Coca Cola,Beverages,65.71,64,4205.44,5
2025-01-08,SKU_1010,Coca Cola 1L Value,Coca Cola,Beverages,61.95,74,4584.3,0
2025-01-09,SKU_1010,Coca Cola 1L Value,Coca Cola,Beverages,67.58,65,4392.7,0
2025-01-10,SKU_1010,Coca Cola 1L Value,Coca Cola,Beverages,63.69,66,4203.54,15
2025-01-11,SKU_1010,Coca Cola 1L Value,Coca Cola,Beverages,65.08,68,4425.44,10
2025-01-12,SKU_1010,Coca Cola 1L Value,Coca Cola,Beverages,68.07,67,4560.69,5
2025-01-13,SKU_1010,Coca Cola 1L Value,Coca Cola,Beverages,63.37,59,3738.83,0
2025-01-14,SKU_1010,Coca Cola 1L Value,Coca Cola,Beverages,62.43,64,3995.52,15
2025-01-15,SKU_1010,Coca Cola 1L Value,Coca Cola,Beverages,61.79,67,4139.93,10
2025-01-16,SKU_1010,Coca Cola 1L Value,Coca Cola,Beverages,61.69,62,3824.78,0
2025-01-17,SKU_1010,Coca Cola 1L Value,Coca Cola,Beverages,60.46,63,3808.98,5
2025-01-18,SKU_1010,Coca Cola 1L Value,Coca Cola,Beverages,60.69,81,4915.89,0
2025-01-19,SKU_1010,Coca Cola 1L Value,Coca Cola,Beverages,58.37,83,4844.71,5
2025-01-20,SKU_1010,Coca Cola 1L Value,Coca Cola,Beverages,56.41,78,4399.98,0
2025-01-21,SKU_1010,Coca Cola 1L Value,Coca Cola,Beverages,48.83,92,4492.36,0
2025-01-22,SKU_1010,Coca Cola 1L Value,Coca Cola,Beverages,48.74,91,4435.34,0
2025-01-23,SKU_1010,Coca Cola 1L Value,Coca Cola,Beverages,44.1,112,4939.2,0
2025-01-24,SKU_1010,Coca Cola 1L Value,Coca Cola,Beverages,43.16,125,5395.0,0
2025-01-25,SKU_1010,Coca Cola 1L Value,Coca Cola,Beverages,43.66,136,5937.76,0
2025-01-26,SKU_1010,Coca Cola 1L Value,Coca Cola,Beverages,41.96,142,5958.32,0
2025-01-27,SKU_1010,Coca Cola 1L Value,Coca Cola,Beverages,37.23,132,4914.36,0
2025-01-28,SKU_1010,Coca Cola 1L Value,Coca Cola,Beverages,35.5,155,5502.5,0
2025-01-29,SKU_1010,Coca Cola 1L Value,Coca Cola,Beverages,37.21,143,5321.03,15
2025-01-30,SKU_1010,Coca Cola 1L Value,Coca Cola,Beverages,33.94,165,5600.1,10
2025-01-31,SKU_1010,Coca Cola 1L Value,Coca Cola,Beverages,33.78,159,5371.02,0
2025-02-01,SKU_1010,Coca Cola 1L Value,Coca Cola,Beverages,31.29,292,9136.68,0
2025-02-02,SKU_1010,Coca Cola 1L Value,Coca Cola,Beverages,32.16,271,8715.36,15
2025-02-03,SKU_1010,Coca Cola 1L Value,Coca Cola,Beverages,32.64,203,6625.92,0
2025-02-04,SKU_1010,Coca Cola 1L Value,Coca Cola,Beverages,30.77,220,6769.4,15
2025-02-05,SKU_1010,Coca Cola 1L Value,Coca Cola,Beverages,32.06,229,7341.74,10
2025-02-06,SKU_1010,Coca Cola 1L Value,Coca Cola,Beverages,33.75,190,6412.5,5
2025-02-07,SKU_1010,Coca Cola 1L Value,Coca Cola,Beverages,37.16,187,6948.92,15
2025-02-08,SKU_1010,Coca Cola 1L Value,Coca Cola,Beverages,39.43,192,7570.56,0
2025-02-09,SKU_1010,Coca Cola 1L Value,Coca Cola,Beverages,39.8,203,8079.4,15
2025-02-10,SKU_1010,Coca Cola 1L Value,Coca Cola,Beverages,41.51,138,5728.38,5
2025-02-11,SKU_1010,Coca Cola 1L Value,Coca Cola,Beverages,43.72,109,4765.48,0
2025-02-12,SKU_1010,Coca Cola 1L Value,Coca Cola,Beverages,49.29,93,4583.97,0
2025-02-13,SKU_1010,Coca Cola 1L Value,Coca Cola,Beverages,50.96,93,4739.28,5
2025-02-14,SKU_1010,Coca Cola 1L Value,Coca Cola,Beverages,53.52,92,4923.84,5
2025-02-15,SKU_1010,Coca Cola 1L Value,Coca Cola,Beverages,55.03,109,5998.27,15
2025-02-16,SKU_1010,Coca Cola 1L Value,Coca Cola,Beverages,56.6,96,5433.6,10
2025-02-17,SKU_1010,Coca Cola 1L Value,Coca Cola,Beverages,58.43,75,4382.25,5
2025-02-18,SKU_1010,Coca Cola 1L Value,Coca Cola,Beverages,58.12,74,4300.88,0
2025-02-19,SKU_1010,Coca Cola 1L Value,Coca Cola,Beverages,62.71,65,4076.15,0
2025-02-20,SKU_1010,Coca Cola 1L Value,Coca Cola,Beverages,62.6,71,4444.6,0
2025-02-21,SKU_1010,Coca Cola 1L Value,Coca Cola,Beverages,62.31,66,4112.46,10
2025-02-22,SKU_1010,Coca Cola 1L Value,Coca Cola,Beverages,63.72,81,5161.32,0
2025-02-23,SKU_1010,Coca Cola 1L Value,Coca Cola,Beverages,67.45,79,5328.55,0
2025-02-24,SKU_1010,Coca Cola 1L Value,Coca Cola,Beverages,67.02,58,3887.16,0
2025-02-25,SKU_1010,Coca Cola 1L Value,Coca Cola,Beverages,66.16,65,4300.4,0
2025-02-26,SKU_1010,Coca Cola 1L Value,Coca Cola,Beverages,65.87,61,4018.07,10
2025-02-27,SKU_1010,Coca Cola 1L Value,Coca Cola,Beverages,64.28,64,4113.92,15
2025-02-28,SKU_1010,Coca Cola 1L Value,Coca Cola,Beverages,64.6,57,3682.2,15
2025-03-01,SKU_1010,Coca Cola 1L Value,Coca Cola,Beverages,62.17,104,6465.68,0
2025-03-02,SKU_1010,Coca Cola 1L Value,Coca Cola,Beverages,58.05,107,6211.35,0
2025-03-03,SKU_1010,Coca Cola 1L Value,Coca Cola,Beverages,58.15,82,4768.3,0
2025-03-04,SKU_1010,Coca Cola 1L Value,Coca Cola,Beverages,54.16,97,5253.52,15
2025-03-05,SKU_1010,Coca Cola 1L Value,Coca Cola,Beverages,56.06,95,5325.7,0
2025-03-06,SKU_1010,Coca Cola 1L Value,Coca Cola,Beverages,53.79,105,5647.95,0
2025-03-07,SKU_1010,Coca Cola 1L Value,Coca Cola,Beverages,47.07,121,5695.47,0
2025-03-08,SKU_1010,Coca Cola 1L Value,Coca Cola,Beverages,47.15,158,7449.7,0
2025-03-09,SKU_1010,Coca Cola 1L Value,Coca Cola,Beverages,43.5,171,7438.5,5
2025-03-10,SKU_1010,Coca Cola 1L Value,Coca Cola,Beverages,39.98,283,11314.34,5
2025-03-11,SKU_1010,Coca Cola 1L Value,Coca Cola,Beverages,39.19,203,7955.57,15
2025-03-12,SKU_1010,Coca Cola 1L Value,Coca Cola,Beverages,39.35,249,9798.15,15
2025-03-13,SKU_1010,Coca Cola 1L Value,Coca Cola,Beverages,38.29,296,11333.84,0
2025-03-14,SKU_1010,Coca Cola 1L Value,Coca Cola,Beverages,36.32,315,11440.8,15
2025-03-15,SKU_1010,Coca Cola 1L Value,Coca Cola,Beverages,35.63,301,10724.63,0
2025-03-16,SKU_1010,Coca Cola 1L Value,Coca Cola,Beverages,29.84,477,14233.68,10
2025-03-17,SKU_1010,Coca Cola 1L Value,Coca Cola,Beverages,32.5,314,10205.0,0
2025-03-18,SKU_1010,Coca Cola 1L Value,Coca Cola,Beverages,31.27,196,6128.92,0
2025-03-19,SKU_1010,Coca Cola 1L Value,Coca Cola,Beverages,31.62,218,6893.16,0
2025-03-20,SKU_1010,Coca Cola 1L Value,Coca Cola,Beverages,30.65,217,6651.05,5
2025-03-21,SKU_1010,Coca Cola 1L Value,Coca Cola,Beverages,32.57,212,6904.84,0
2025-03-22,SKU_1010,Coca Cola 1L Value,Coca Cola,Beverages,32.27,232,7486.64,5
2025-03-23,SKU_1010,Coca Cola 1L Value,Coca Cola,Beverages,35.52,211,7494.72,0
2025-03-24,SKU_1010,Coca Cola 1L Value,Coca Cola,Beverages,39.69,138,5477.22,0
2025-03-25,SKU_1010,Coca Cola 1L Value,Coca Cola,Beverages,39.07,150,5860.5,0
2025-03-26,SKU_1010,Coca Cola 1L Value,Coca Cola,Beverages,42.31,121,5119.51,15
2025-03-27,SKU_1010,Coca Cola 1L Value,Coca Cola,Beverages,43.31,117,5067.27,15
2025-03-28,SKU_1010,Coca Cola 1L Value,Coca Cola,Beverages,45.82,98,4490.36,5
2025-03-29,SKU_1010,Coca Cola 1L Value,Coca Cola,Beverages,51.89,114,5915.46,0
2025-03-30,SKU_1010,Coca Cola 1L Value,Coca Cola,Beverages,53.61,104,5575.44,0
2025-03-31,SKU_1010,Coca Cola 1L Value,Coca Cola,Beverages,52.68,86,4530.48,10
2025-04-01,SKU_1010,Coca Cola 1L Value,Coca Cola,Beverages,55.01,94,5170.94,0
2025-04-02,SKU_1010,Coca Cola 1L Value,Coca Cola,Beverages,57.12,90,5140.8,0
2025-04-03,SKU_1010,Coca Cola 1L Value,Coca Cola,Beverages,57.79,91,5258.89,0
2025-04-04,SKU_1010,Coca Cola 1L Value,Coca Cola,Beverages,62.35,76,4738.6,15
2025-04-05,SKU_1010,Coca Cola 1L Value,Coca Cola,Beverages,62.11,99,6148.89,0
2025-04-06,SKU_1010,Coca Cola 1L Value,Coca Cola,Beverages,64.81,88,5703.28,5
2025-04-07,SKU_1010,Coca Cola 1L Value,Coca Cola,Beverages,67.91,73,4957.43,0
2025-04-08,SKU_1010,Coca Cola 1L Value,Coca Cola,Beverages,65.37,76,4968.12,0
2025-04-09,SKU_1010,Coca Cola 1L Value,Coca Cola,Beverages,63.42,77,4883.34,0
2025-04-10,SKU_1010,Coca Cola 1L Value,Coca Cola,Beverages,66.49,68,4521.32,15
2025-04-11,SKU_1010,Coca Cola 1L Value,Coca Cola,Beverages,67.05,61,4090.05,10
2025-04-12,SKU_1010,Coca Cola 1L Value,Coca Cola,Beverages,64.85,78,5058.3,5
2025-04-13,SKU_1010,Coca Cola 1L Value,Coca Cola,Beverages,64.15,78,5003.7,0
2025-04-14,SKU_1010,Coca Cola 1L Value,Coca Cola,Beverages,63.94,67,4283.98,5
2025-04-15,SKU_1010,Coca Cola 1L Value,Coca Cola,Beverages,61.21,69,4223.49,5
2025-04-16,SKU_1010,Coca Cola 1L Value,Coca Cola,Beverages,59.69,74,4417.06,0
2025-04-17,SKU_1010,Coca Cola 1L Value,Coca Cola,Beverages,57.17,86,4916.62,10
2025-04-18,SKU_1010,Coca Cola 1L Value,Coca Cola,Beverages,53.44,85,4542.4,0
2025-04-19,SKU_1010,Coca Cola 1L Value,Coca Cola,Beverages,54.1,104,5626.4,0
2025-04-20,SKU_1010,Coca Cola 1L Value,Coca Cola,Beverages,47.14,142,6693.88,5
2025-04-21,SKU_1010,Coca Cola 1L Value,Coca Cola,Beverages,48.34,109,5269.06,0
2025-04-22,SKU_1010,Coca Cola 1L Value,Coca Cola,Beverages,41.3,133,5492.9,10
2025-04-23,SKU_1010,Coca Cola 1L Value,Coca Cola,Beverages,40.54,128,5189.12,0
2025-04-24,SKU_1010,Coca Cola 1L Value,Coca Cola,Beverages,39.74,152,6040.48,15
2025-04-25,SKU_1010,Coca Cola 1L Value,Coca Cola,Beverages,38.26,142,5432.92,0
2025-04-26,SKU_1010,Coca Cola 1L Value,Coca Cola,Beverages,38.33,180,6899.4,0
2025-04-27,SKU_1010,Coca Cola 1L Value,Coca Cola,Beverages,34.29,217,7440.93,0
2025-04-28,SKU_1010,Coca Cola 1L Value,Coca Cola,Beverages,35.72,149,5322.28,0
2025-04-29,SKU_1010,Coca Cola 1L Value,Coca Cola,Beverages,30.71,201,6172.71,10
2025-04-30,SKU_1010,Coca Cola 1L Value,Coca Cola,Beverages,34.31,157,5386.67,0
2025-05-01,SKU_1010,Coca Cola 1L Value,Coca Cola,Beverages,30.16,245,7389.2,10
2025-05-02,SKU_1010,Coca Cola 1L Value,Coca Cola,Beverages,31.22,230,7180.6,5
2025-05-03,SKU_1010,Coca Cola 1L Value,Coca Cola,Beverages,35.03,265,9282.95,5
2025-05-04,SKU_1010,Coca Cola 1L Value,Coca Cola,Beverages,36.04,232,8361.28,5
2025-05-05,SKU_1010,Coca Cola 1L Value,Coca Cola,Beverages,35.23,200,7046.0,10
2025-05-06,SKU_1010,Coca Cola 1L Value,Coca Cola,Beverages,34.14,221,7544.94,0
2025-05-07,SKU_1010,Coca Cola 1L Value,Coca Cola,Beverages,36.74,190,6980.6,5
2025-05-08,SKU_1010,Coca Cola 1L Value,Coca Cola,Beverages,39.66,152,6028.32,0
2025-05-09,SKU_1010,Coca Cola 1L Value,Coca Cola,Beverages,43.29,134,5800.86,5
2025-05-10,SKU_1010,Coca Cola 1L Value,Coca Cola,Beverages,42.66,173,7380.18,0
2025-05-11,SKU_1010,Coca Cola 1L Value,Coca Cola,Beverages,44.72,141,6305.52,0
2025-05-12,SKU_1010,Coca Cola 1L Value,Coca Cola,Beverages,46.54,110,5119.4,0
2025-05-13,SKU_1010,Coca Cola 1L Value,Coca Cola,Beverages,52.55,82,4309.1,15
2025-05-14,SKU_1010,Coca Cola 1L Value,Coca Cola,Beverages,54.9,82,4501.8,0
2025-05-15,SKU_1010,Coca Cola 1L Value,Coca Cola,Beverages,55.01,84,4620.84,0
2025-05-16,SKU_1010,Coca Cola 1L Value,Coca Cola,Beverages,60.92,66,4020.72,15
2025-05-17,SKU_1010,Coca Cola 1L Value,Coca Cola,Beverages,57.72,93,5367.96,0
2025-05-18,SKU_1010,Coca Cola 1L Value,Coca Cola,Beverages,62.19,89,5534.91,0
2025-05-19,SKU_1010,Coca Cola 1L Value,Coca Cola,Beverages,64.82,64,4148.48,10
2025-05-20,SKU_1010,Coca Cola 1L Value,Coca Cola,Beverages,66.83,59,3942.97,15
2025-05-21,SKU_1010,Coca Cola 1L Value,Coca Cola,Beverages,64.92,67,4349.64,15
2025-05-22,SKU_1010,Coca Cola 1L Value,Coca Cola,Beverages,67.17,63,4231.71,0
2025-05-23,SKU_1010,Coca Cola 1L Value,Coca Cola,Beverages,66.13,56,3703.28,10
2025-05-24,SKU_1010,Coca Cola 1L Value,Coca Cola,Beverages,65.57,81,5311.17,0
2025-05-25,SKU_1010,Coca Cola 1L Value,Coca Cola,Beverages,67.38,74,4986.12,5
2025-05-26,SKU_1010,Coca Cola 1L Value,Coca Cola,Beverages,63.53,58,3684.74,0
2025-05-27,SKU_1010,Coca Cola 1L Value,Coca Cola,Beverages,63.24,63,3984.12,15
2025-05-28,SKU_1010,Coca Cola 1L Value,Coca Cola,Beverages,62.59,57,3567.63,5
2025-05-29,SKU_1010,Coca Cola 1L Value,Coca Cola,Beverages,59.0,69,4071.0,10
2025-05-30,SKU_1010,Coca Cola 1L Value,Coca Cola,Beverages,56.46,65,3669.9,10
2025-05-31,SKU_1010,Coca Cola 1L Value,Coca Cola,Beverages,55.04,98,5393.92,10
2025-06-01,SKU_1010,Coca Cola 1L Value,Coca Cola,Beverages,50.84,129,6558.36,0
2025-06-02,SKU_1010,Coca Cola 1L Value,Coca Cola,Beverages,49.42,116,5732.72,0
2025-06-03,SKU_1010,Coca Cola 1L Value,Coca Cola,Beverages,47.39,113,5355.07,0
2025-06-04,SKU_1010,Coca Cola 1L Value,Coca Cola,Beverages,46.47,112,5204.64,0
2025-06-05,SKU_1010,Coca Cola 1L Value,Coca Cola,Beverages,42.69,130,5549.7,10
2025-06-06,SKU_1010,Coca Cola 1L Value,Coca Cola,Beverages,39.22,145,5686.9,0
2025-06-07,SKU_1010,Coca Cola 1L Value,Coca Cola,Beverages,37.38,209,7812.42,10
2025-06-08,SKU_1010,Coca Cola 1L Value,Coca Cola,Beverages,40.04,187,7487.48,0
2025-06-09,SKU_1010,Coca Cola 1L Value,Coca Cola,Beverages,37.43,154,5764.22,15
2025-06-10,SKU_1010,Coca Cola 1L Value,Coca Cola,Beverages,34.97,188,6574.36,0
2025-06-11,SKU_1010,Coca Cola 1L Value,Coca Cola,Beverages,33.38,173,5774.74,0
2025-06-12,SKU_1010,Coca Cola 1L Value,Coca Cola,Beverages,32.39,194,6283.66,0
2025-06-13,SKU_1010,Coca Cola 1L Value,Coca Cola,Beverages,31.76,201,6383.76,15
2025-06-14,SKU_1010,Coca Cola 1L Value,Coca Cola,Beverages,31.73,232,7361.36,15
2025-06-15,SKU_1010,Coca Cola 1L Value,Coca Cola,Beverages,34.13,200,6826.0,10
2025-06-16,SKU_1010,Coca Cola 1L Value,Coca Cola,Beverages,32.89,170,5591.3,10
2025-06-17,SKU_1010,Coca Cola 1L Value,Coca Cola,Beverages,35.18,163,5734.34,10
2025-06-18,SKU_1010,Coca Cola 1L Value,Coca Cola,Beverages,31.95,186,5942.7,0
2025-06-19,SKU_1010,Coca Cola 1L Value,Coca Cola,Beverages,35.71,159,5677.89,10
2025-06-20,SKU_1010,Coca Cola 1L Value,Coca Cola,Beverages,37.83,134,5069.22,5
2025-06-21,SKU_1010,Coca Cola 1L Value,Coca Cola,Beverages,37.55,186,6984.3,15
2025-06-22,SKU_1010,Coca Cola 1L Value,Coca Cola,Beverages,40.99,154,6312.46,0
2025-06-23,SKU_1010,Coca Cola 1L Value,Coca Cola,Beverages,41.41,125,5176.25,0
2025-06-24,SKU_1010,Coca Cola 1L Value,Coca Cola,Beverages,47.71,96,4580.16,0
2025-06-25,SKU_1010,Coca Cola 1L Value,Coca Cola,Beverages,51.79,84,4350.36,0
2025-06-26,SKU_1010,Coca Cola 1L Value,Coca Cola,Beverages,48.85,84,4103.4,15
2025-06-27,SKU_1010,Coca Cola 1L Value,Coca Cola,Beverages,55.11,71,3912.81,0
2025-06-28,SKU_1010,Coca Cola 1L Value,Coca Cola,Beverages,55.08,87,4791.96,0
2025-06-29,SKU_1010,Coca Cola 1L Value,Coca Cola,Beverages,60.66,69,4185.54,5
