datasets/sales.csv
date,product_id,product_name,brand,category,selling_price,units_sold,revenue,promotion_discount_pct
2025-01-01,SKU_1011,Coca Cola 1L Family,Coca Cola,Beverages,66.82,83,5546.06,10
2025-01-02,SKU_1011,Coca Cola 1L Family,Coca Cola,Beverages,65.32,87,5682.84,15
2025-01-03,SKU_1011,Coca Cola 1L Family,Coca Cola,Beverages,68.7,75,5152.5,0
2025-01-04,SKU_1011,Coca Cola 1L Family,Coca Cola,Beverages,73.68,88,6483.84,0
2025-01-05,SKU_1011,Coca Cola 1L Family,Coca Cola,Beverages,72.98,90,6568.2,5
2025-01-06,SKU_1011,Coca Cola 1L Family,Coca Cola,Beverages,75.65,64,4841.6,5
2025-01-07,SKU_1011,Coca Cola 1L Family,Coca Cola,Beverages,81.49,62,5052.38,0
2025-01-08,SKU_1011,Coca Cola 1L Family,Coca Cola,Beverages,79.69,66,5259.54,10
2025-01-09,SKU_1011,Coca Cola 1L Family,Coca Cola,Beverages,79.94,64,5116.16,0
2025-01-10,SKU_1011,Coca Cola 1L Family,Coca Cola,Beverages,79.05,67,5296.35,5
2025-01-11,SKU_1011,Coca Cola 1L Family,Coca Cola,Beverages,82.89,69,5719.41,0
2025-01-12,SKU_1011,Coca Cola 1L Family,Coca Cola,Beverages,84.07,66,5548.62,0
2025-01-13,SKU_1011,Coca Cola 1L Family,Coca Cola,Beverages,82.42,56,4615.52,15
2025-01-14,SKU_1011,Coca Cola 1L Family,Coca Cola,Beverages,83.91,53,4447.23,5
2025-01-15,SKU_1011,Coca Cola 1L Family,Coca Cola,Beverages,76.43,60,4585.8,0
2025-01-16,SKU_1011,Coca Cola 1L Family,Coca Cola,Beverages,80.15,54,4328.1,0
2025-01-17,SKU_1011,Coca Cola 1L Family,Coca Cola,Beverages,78.63,56,4403.28,5
2025-01-18,SKU_1011,Coca Cola 1L Family,Coca Cola,Beverages,74.23,84,6235.32,0
2025-01-19,SKU_1011,Coca Cola 1L Family,Coca Cola,Beverages,72.95,78,5690.1,15
2025-01-20,SKU_1011,Coca Cola 1L Family,Coca Cola,Beverages,68.61,70,4802.7,5
2025-01-21,SKU_1011,Coca Cola 1L Family,Coca Cola,Beverages,62.31,80,4984.8,0
2025-01-22,SKU_1011,Coca Cola 1L Family,Coca Cola,Beverages,60.12,87,5230.44,5
2025-01-23,SKU_1011,Coca Cola 1L Family,Coca Cola,Beverages,61.33,90,5519.7,0
2025-01-24,SKU_1011,Coca Cola 1L Family,Coca Cola,Beverages,53.71,117,6284.07,0
2025-01-25,SKU_1011,Coca Cola 1L Family,Coca Cola,Beverages,54.21,134,7264.14,5
2025-01-26,SKU_1011,Coca Cola 1L Family,Coca Cola,Beverages,52.98,123,6516.54,15
2025-01-27,SKU_1011,Coca Cola 1L Family,Coca Cola,Beverages,43.45,149,6474.05,0
2025-01-28,SKU_1011,Coca Cola 1L Family,Coca Cola,Beverages,41.89,154,6451.06,15
2025-01-29,SKU_1011,Coca Cola 1L Family,Coca Cola,Beverages,42.95,155,6657.25,0
2025-01-30,SKU_1011,Coca Cola 1L Family,Coca Cola,Beverages,39.46,175,6905.5,15
2025-01-31,SKU_1011,Coca Cola 1L Family,Coca Cola,Beverages,42.73,144,6153.12,0
2025-02-01,SKU_1011,Coca Cola 1L Family,Coca Cola,Beverages,42.97,233,10012.01,0
2025-02-02,SKU_1011,Coca Cola 1L Family,Coca Cola,Beverages,36.52,280,10225.6,0
2025-02-03,SKU_1011,Coca Cola 1L Family,Coca Cola,Beverages,40.69,200,8138.0,5
2025-02-04,SKU_1011,Coca Cola 1L Family,Coca Cola,Beverages,37.53,234,8782.02,5
2025-02-05,SKU_1011,Coca Cola 1L Family,Coca Cola,Beverages,39.51,206,8139.06,0
2025-02-06,SKU_1011,Coca Cola 1L Family,Coca Cola,Beverages,39.51,210,8297.1,10
2025-02-07,SKU_1011,Coca Cola 1L Family,Coca Cola,Beverages,44.12,189,8338.68,0
2025-02-08,SKU_1011,Coca Cola 1L Family,Coca Cola,Beverages,46.5,201,9346.5,10
2025-02-09,SKU_1011,Coca Cola 1L Family,Coca Cola,Beverages,46.45,197,9150.65,5
2025-02-10,SKU_1011,Coca Cola 1L Family,Coca Cola,Beverages,51.79,128,6629.12,15
2025-02-11,SKU_1011,Coca Cola 1L Family,Coca Cola,Beverages,57.65,98,5649.7,0
2025-02-12,SKU_1011,Coca Cola 1L Family,Coca Cola,Beverages,55.9,101,5645.9,0
2025-02-13,SKU_1011,Coca Cola 1L Family,Coca Cola,Beverages,62.71,81,5079.51,5
2025-02-14,SKU_1011,Coca Cola 1L Family,Coca Cola,Beverages,62.36,84,5238.24,0
2025-02-15,SKU_1011,Coca Cola 1L Family,Coca Cola,Beverages,69.26,91,6302.66,0
2025-02-16,SKU_1011,Coca Cola 1L Family,Coca Cola,Beverages,68.74,95,6530.3,10
2025-02-17,SKU_1011,Coca Cola 1L Family,Coca Cola,Beverages,74.32,73,5425.36,0
2025-02-18,SKU_1011,Coca Cola 1L Family,Coca Cola,Beverages,72.54,71,5150.34,10
2025-02-19,SKU_1011,Coca Cola 1L Family,Coca Cola,Beverages,80.55,56,4510.8,15
2025-02-20,SKU_1011,Coca Cola 1L Family,Coca Cola,Beverages,79.9,58,4634.2,0
2025-02-21,SKU_1011,Coca Cola 1L Family,Coca Cola,Beverages,79.15,62,4907.3,15
2025-02-22,SKU_1011,Coca Cola 1L Family,Coca Cola,Beverages,84.74,70,5931.8,0
2025-02-23,SKU_1011,Coca Cola 1L Family,Coca Cola,Beverages,84.13,69,5804.97,0
2025-02-24,SKU_1011,Coca Cola 1L Family,Coca Cola,Beverages,82.43,56,4616.08,15
2025-02-25,SKU_1011,Coca Cola 1L Family,Coca Cola,Beverages,80.28,60,4816.8,0
2025-02-26,SKU_1011,Coca Cola 1L Family,Coca Cola,Beverages,78.68,57,4484.76,5
2025-02-27,SKU_1011,Coca Cola 1L Family,Coca Cola,Beverages,78.18,62,4847.16,0
2025-02-28,SKU_1011,Coca Cola 1L Family,Coca Cola,Beverages,76.91,58,4460.78,15
2025-03-01,SKU_1011,Coca Cola 1L Family,Coca Cola,Beverages,79.46,93,7389.78,15
2025-03-02,SKU_1011,Coca Cola 1L Family,Coca Cola,Beverages,76.21,94,7163.74,0
2025-03-03,SKU_1011,Coca Cola 1L Family,Coca Cola,Beverages,75.22,79,5942.38,5
2025-03-04,SKU_1011,Coca Cola 1L Family,Coca Cola,Beverages,68.41,95,6498.95,10
2025-03-05,SKU_1011,Coca Cola 1L Family,Coca Cola,Beverages,63.86,103,6577.58,10
2025-03-06,SKU_1011,Coca Cola 1L Family,Coca Cola,Beverages,66.83,94,6282.02,0
2025-03-07,SKU_1011,Coca Cola 1L Family,Coca Cola,Beverages,59.43,112,6656.16,5
2025-03-08,SKU_1011,Coca Cola 1L Family,Coca Cola,Beverages,60.17,132,7942.44,15
2025-03-09,SKU_1011,Coca Cola 1L Family,Coca Cola,Beverages,55.65,158,8792.7,0
2025-03-10,SKU_1011,Coca Cola 1L Family,Coca Cola,Beverages,51.91,221,11472.11,5
2025-03-11,SKU_1011,Coca Cola 1L Family,Coca Cola,Beverages,51.81,240,12434.4,0
2025-03-12,SKU_1011,Coca Cola 1L Family,Coca Cola,Beverages,47.86,204,9763.44,0
2025-03-13,SKU_1011,Coca Cola 1L Family,Coca Cola,Beverages,42.18,326,13750.68,5
2025-03-14,SKU_1011,Coca Cola 1L Family,Coca Cola,Beverages,45.39,273,12391.47,0
2025-03-15,SKU_1011,Coca Cola 1L Family,Coca Cola,Beverages,39.89,437,17431.93,0
2025-03-16,SKU_1011,Coca Cola 1L Family,Coca Cola,Beverages,40.19,391,15714.29,10
2025-03-17,SKU_1011,Coca Cola 1L Family,Coca Cola,Beverages,36.38,440,16007.2,0
2025-03-18,SKU_1011,Coca Cola 1L Family,Coca Cola,Beverages,37.61,204,7672.44,15
2025-03-19,SKU_1011,Coca Cola 1L Family,Coca Cola,Beverages,43.26,154,6662.04,0
2025-03-20,SKU_1011,Coca Cola 1L Family,Coca Cola,Beverages,41.81,186,7776.66,0
2025-03-21,SKU_1011,Coca Cola 1L Family,Coca Cola,Beverages,41.88,168,7035.84,0
2025-03-22,SKU_1011,Coca Cola 1L Family,Coca Cola,Beverages,46.05,186,8565.3,0
2025-03-23,SKU_1011,Coca Cola 1L Family,Coca Cola,Beverages,42.87,197,8445.39,15
2025-03-24,SKU_1011,Coca Cola 1L Family,Coca Cola,Beverages,48.58,137,6655.46,10
2025-03-25,SKU_1011,Coca Cola 1L Family,Coca Cola,Beverages,52.19,122,6367.18,15
2025-03-26,SKU_1011,Coca Cola 1L Family,Coca Cola,Beverages,55.41,105,5818.05,5
2025-03-27,SKU_1011,Coca Cola 1L Family,Coca Cola,Beverages,54.48,113,6156.24,15
2025-03-28,SKU_1011,Coca Cola 1L Family,Coca Cola,Beverages,61.21,95,5814.95,10
2025-03-29,SKU_1011,Coca Cola 1L Family,Coca Cola,Beverages,60.27,116,6991.32,10
2025-03-30,SKU_1011,Coca Cola 1L Family,Coca Cola,Beverages,65.82,95,6252.9,0
2025-03-31,SKU_1011,Coca Cola 1L Family,Coca Cola,Beverages,66.07,73,4823.11,0
2025-04-01,SKU_1011,Coca Cola 1L Family,Coca Cola,Beverages,67.41,87,5864.67,0
2025-04-02,SKU_1011,Coca Cola 1L Family,Coca Cola,Beverages,75.64,83,6278.12,0
2025-04-03,SKU_1011,Coca Cola 1L Family,Coca Cola,Beverages,72.39,86,6225.54,15
2025-04-04,SKU_1011,Coca Cola 1L Family,Coca Cola,Beverages,77.61,76,5898.36,15
2025-04-05,SKU_1011,Coca Cola 1L Family,Coca Cola,Beverages,81.87,91,7450.17,0
2025-04-06,SKU_1011,Coca Cola 1L Family,Coca Cola,Beverages,81.26,83,6744.58,10
2025-04-07,SKU_1011,Coca Cola 1L Family,Coca Cola,Beverages,80.19,73,5853.87,10
2025-04-08,SKU_1011,Coca Cola 1L Family,Coca Cola,Beverages,84.47,61,5152.67,0
2025-04-09,SKU_1011,Coca Cola 1L Family,Coca Cola,Beverages,83.56,68,5682.08,10
2025-04-10,SKU_1011,Coca Cola 1L Family,Coca Cola,Beverages,82.9,63,5222.7,0
2025-04-11,SKU_1011,Coca Cola 1L Family,Coca Cola,Beverages,83.71,60,5022.6,5
2025-04-12,SKU_1011,Coca Cola 1L Family,Coca Cola,Beverages,78.55,76,5969.8,15
2025-04-13,SKU_1011,Coca Cola 1L Family,Coca Cola,Beverages,82.53,73,6024.69,10
2025-04-14,SKU_1011,Coca Cola 1L Family,Coca Cola,Beverages,73.97,65,4808.05,15
2025-04-15,SKU_1011,Coca Cola 1L Family,Coca Cola,Beverages,73.11,77,5629.47,0
2025-04-16,SKU_1011,Coca Cola 1L Family,Coca Cola,Beverages,71.68,75,5376.0,10
2025-04-17,SKU_1011,Coca Cola 1L Family,Coca Cola,Beverages,66.64,86,5731.04,0
2025-04-18,SKU_1011,Coca Cola 1L Family,Coca Cola,Beverages,69.59,80,5567.2,10
2025-04-19,SKU_1011,Coca Cola 1L Family,Coca Cola,Beverages,65.4,102,6670.8,5
2025-04-20,SKU_1011,Coca Cola 1L Family,Coca Cola,Beverages,59.51,128,7617.28,0
2025-04-21,SKU_1011,Coca Cola 1L Family,Coca Cola,Beverages,59.26,105,6222.3,0
2025-04-22,SKU_1011,Coca Cola 1L Family,Coca Cola,Beverages,51.94,123,6388.62,0
2025-04-23,SKU_1011,Coca Cola 1L Family,Coca Cola,Beverages,49.26,141,6945.66,10
2025-04-24,SKU_1011,Coca Cola 1L Family,Coca Cola,Beverages,48.12,145,6977.4,0
2025-04-25,SKU_1011,Coca Cola 1L Family,Coca Cola,Beverages,48.41,145,7019.45,5
2025-04-26,SKU_1011,Coca Cola 1L Family,Coca Cola,Beverages,46.03,171,7871.13,5
2025-04-27,SKU_1011,Coca Cola 1L Family,Coca Cola,Beverages,43.96,179,7868.84,0
2025-04-28,SKU_1011,Coca Cola 1L Family,Coca Cola,Beverages,38.13,198,7549.74,0
2025-04-29,SKU_1011,Coca Cola 1L Family,Coca Cola,Beverages,38.03,192,7301.76,0
2025-04-30,SKU_1011,Coca Cola 1L Family,Coca Cola,Beverages,37.77,191,7214.07,10
2025-05-01,SKU_1011,Coca Cola 1L Family,Coca Cola,Beverages,42.59,184,7836.56,0
2025-05-02,SKU_1011,Coca Cola 1L Family,Coca Cola,Beverages,41.71,199,8300.29,0
2025-05-03,SKU_1011,Coca Cola 1L Family,Coca Cola,Beverages,41.57,239,9935.23,0
2025-05-04,SKU_1011,Coca Cola 1L Family,Coca Cola,Beverages,40.54,274,11107.96,0
2025-05-05,SKU_1011,Coca Cola 1L Family,Coca Cola,Beverages,41.74,197,8222.78,0
2025-05-06,SKU_1011,Coca Cola 1L Family,Coca Cola,Beverages,42.57,177,7534.89,0
2025-05-07,SKU_1011,Coca Cola 1L Family,Coca Cola,Beverages,45.7,167,7631.9,0
2025-05-08,SKU_1011,Coca Cola 1L Family,Coca Cola,Beverages,49.35,145,7155.75,0
2025-05-09,SKU_1011,Coca Cola 1L Family,Coca Cola,Beverages,55.22,118,6515.96,0
2025-05-10,SKU_1011,Coca Cola 1L Family,Coca Cola,Beverages,58.2,137,7973.4,5
2025-05-11,SKU_1011,Coca Cola 1L Family,Coca Cola,Beverages,58.62,128,7503.36,5
2025-05-12,SKU_1011,Coca Cola 1L Family,Coca Cola,Beverages,61.51,91,5597.41,0
2025-05-13,SKU_1011,Coca Cola 1L Family,Coca Cola,Beverages,63.02,82,5167.64,0
2025-05-14,SKU_1011,Coca Cola 1L Family,Coca Cola,Beverages,67.98,78,5302.44,0
2025-05-15,SKU_1011,Coca Cola 1L Family,Coca Cola,Beverages,72.45,66,4781.7,15
2025-05-16,SKU_1011,Coca Cola 1L Family,Coca Cola,Beverages,72.68,72,5232.96,10
2025-05-17,SKU_1011,Coca Cola 1L Family,Coca Cola,Beverages,72.58,83,6024.14,5
2025-05-18,SKU_1011,Coca Cola 1L Family,Coca Cola,Beverages,75.74,77,5831.98,0
2025-05-19,SKU_1011,Coca Cola 1L Family,Coca Cola,Beverages,78.5,59,4631.5,5
2025-05-20,SKU_1011,Coca Cola 1L Family,Coca Cola,Beverages,82.23,58,4769.34,10
2025-05-21,SKU_1011,Coca Cola 1L Family,Coca Cola,Beverages,78.65,61,4797.65,5
2025-05-22,SKU_1011,Coca Cola 1L Family,Coca Cola,Beverages,83.1,59,4902.9,15
2025-05-23,SKU_1011,Coca Cola 1L Family,Coca Cola,Beverages,81.66,54,4409.64,15
2025-05-24,SKU_1011,Coca Cola 1L Family,Coca Cola,Beverages,82.32,73,6009.36,0
2025-05-25,SKU_1011,Coca Cola 1L Family,Coca Cola,Beverages,83.22,66,5492.52,5
2025-05-26,SKU_1011,Coca Cola 1L Family,Coca Cola,Beverages,79.15,53,4194.95,0
2025-05-27,SKU_1011,Coca Cola 1L Family,Coca Cola,Beverages,82.23,51,4193.73,5
2025-05-28,SKU_1011,Coca Cola 1L Family,Coca Cola,Beverages,77.33,54,4175.82,5
2025-05-29,SKU_1011,Coca Cola 1L Family,Coca Cola,Beverages,73.84,64,4725.76,0
2025-05-30,SKU_1011,Coca Cola 1L Family,Coca Cola,Beverages,72.36,68,4920.48,10
2025-05-31,SKU_1011,Coca Cola 1L Family,Coca Cola,Beverages,72.7,81,5888.7,0
2025-06-01,SKU_1011,Coca Cola 1L Family,Coca Cola,Beverages,66.92,118,7896.56,15
2025-06-02,SKU_1011,Coca Cola 1L Family,Coca Cola,Beverages,67.05,90,6034.5,15
2025-06-03,SKU_1011,Coca Cola 1L Family,Coca Cola,Beverages,59.93,103,6172.79,0
2025-06-04,SKU_1011,Coca Cola 1L Family,Coca Cola,Beverages,54.54,120,6544.8,0
2025-06-05,SKU_1011,Coca Cola 1L Family,Coca Cola,Beverages,54.62,114,6226.68,0
2025-06-06,SKU_1011,Coca Cola 1L Family,Coca Cola,Beverages,53.15,125,6643.75,15
2025-06-07,SKU_1011,Coca Cola 1L Family,Coca Cola,Beverages,47.01,179,8414.79,0
2025-06-08,SKU_1011,Coca Cola 1L Family,Coca Cola,Beverages,49.86,169,8426.34,0
2025-06-09,SKU_1011,Coca Cola 1L Family,Coca Cola,Beverages,41.2,199,8198.8,10
2025-06-10,SKU_1011,Coca Cola 1L Family,Coca Cola,Beverages,41.23,194,7998.62,5
2025-06-11,SKU_1011,Coca Cola 1L Family,Coca Cola,Beverages,39.57,164,6489.48,0
2025-06-12,SKU_1011,Coca Cola 1L Family,Coca Cola,Beverages,42.54,147,6253.38,10
2025-06-13,SKU_1011,Coca Cola 1L Family,Coca Cola,Beverages,43.14,144,6212.16,15
2025-06-14,SKU_1011,Coca Cola 1L Family,Coca Cola,Beverages,39.76,206,8190.56,10
2025-06-15,SKU_1011,Coca Cola 1L Family,Coca Cola,Beverages,42.13,193,8131.09,15
2025-06-16,SKU_1011,Coca Cola 1L Family,Coca Cola,Beverages,37.6,185,6956.0,0
2025-06-17,SKU_1011,Coca Cola 1L Family,Coca Cola,Beverages,42.57,152,6470.64,10
2025-06-18,SKU_1011,Coca Cola 1L Family,Coca Cola,Beverages,46.07,127,5850.89,0
2025-06-19,SKU_1011,Coca Cola 1L Family,Coca Cola,Beverages,41.55,150,6232.5,5
2025-06-20,SKU_1011,Coca Cola 1L Family,Coca Cola,Beverages,44.48,144,6405.12,0
2025-06-21,SKU_1011,Coca Cola 1L Family,Coca Cola,Beverages,47.86,153,7322.58,10
2025-06-22,SKU_1011,Coca Cola 1L Family,Coca Cola,Beverages,52.03,142,7388.26,0
2025-06-23,SKU_1011,Coca Cola 1L Family,Coca Cola,Beverages,54.32,107,5812.24,15
2025-06-24,SKU_1011,Coca Cola 1L Family,Coca Cola,Beverages,55.25,97,5359.25,0
2025-06-25,SKU_1011,Coca Cola 1L Family,Coca Cola,Beverages,64.99,76,4939.24,15
2025-06-26,SKU_1011,Coca Cola 1L Family,Coca Cola,Beverages,67.08,65,4360.2,5
2025-06-27,SKU_1011,Coca Cola 1L Family,Coca Cola,Beverages,68.18,69,4704.42,0
2025-06-28,SKU_1011,Coca Cola 1L Family,Coca Cola,Beverages,71.92,71,5106.32,0
2025-06-29,SKU_1011,Coca Cola 1L Family,Coca Cola,Beverages,72.47,69,5000.43,5
