datasets/sales.csv
date,product_id,product_name,brand,category,selling_price,units_sold,revenue,promotion_discount_pct
2025-01-01,SKU_1012,Coca Cola 2L Mini,Coca Cola,Beverages,60.32,110,6635.2,15
2025-01-02,SKU_1012,Coca Cola 2L Mini,Coca Cola,Beverages,60.23,119,7167.37,5
2025-01-03,SKU_1012,Coca Cola 2L Mini,Coca Cola,Beverages,65.63,107,7022.41,0
2025-01-04,SKU_1012,Coca Cola 2L Mini,Coca Cola,Beverages,65.27,132,8615.64,0
2025-01-05,SKU_1012,Coca Cola 2L Mini,Coca Cola,Beverages,68.97,122,8414.34,0
2025-01-06,SKU_1012,Coca Cola 2L Mini,Coca Cola,Beverages,68.34,88,6013.92,0
2025-01-07,SKU_1012,Coca Cola 2L Mini,Coca Cola,Beverages,72.88,86,6267.68,0
2025-01-08,SKU_1012,Coca Cola 2L Mini,Coca Cola,Beverages,71.4,88,6283.2,0
2025-01-09,SKU_1012,Coca Cola 2L Mini,Coca Cola,Beverages,73.31,91,6671.21,0
2025-01-10,SKU_1012,Coca Cola 2L Mini,Coca Cola,Beverages,74.5,88,6556.0,0
2025-01-11,SKU_1012,Coca Cola 2L Mini,Coca Cola,Beverages,74.33,89,6615.37,0
2025-01-12,SKU_1012,Coca Cola 2L Mini,Coca Cola,Beverages,77.12,91,7017.92,0
2025-01-13,SKU_1012,Coca Cola 2L Mini,Coca Cola,Beverages,76.31,73,5570.63,5
2025-01-14,SKU_1012,Coca Cola 2L Mini,Coca Cola,Beverages,75.79,71,5381.09,0
2025-01-15,SKU_1012,Coca Cola 2L Mini,Coca Cola,Beverages,74.64,68,5075.52,0
2025-01-16,SKU_1012,Coca Cola 2L Mini,Coca Cola,Beverages,70.65,87,6146.55,0
2025-01-17,SKU_1012,Coca Cola 2L Mini,Coca Cola,Beverages,69.19,78,5396.82,0
2025-01-18,SKU_1012,Coca Cola 2L Mini,Coca Cola,Beverages,70.06,107,7496.42,15
2025-01-19,SKU_1012,Coca Cola 2L Mini,Coca Cola,Beverages,61.47,128,7868.16,0
2025-01-20,SKU_1012,Coca Cola 2L Mini,Coca Cola,Beverages,62.07,95,5896.65,15
2025-01-21,SKU_1012,Coca Cola 2L Mini,Coca Cola,Beverages,57.65,120,6918.0,15
2025-01-22,SKU_1012,Coca Cola 2L Mini,Coca Cola,Beverages,56.26,117,6582.42,5
2025-01-23,SKU_1012,Coca Cola 2L Mini,Coca Cola,Beverages,54.53,124,6761.72,0
2025-01-24,SKU_1012,Coca Cola 2L Mini,Coca Cola,Beverages,53.74,126,6771.24,0
2025-01-25,SKU_1012,Coca Cola 2L Mini,Coca Cola,Beverages,50.06,170,8510.2,5
2025-01-26,SKU_1012,Coca Cola 2L Mini,Coca Cola,Beverages,45.09,207,9333.63,0
2025-01-27,SKU_1012,Coca Cola 2L Mini,Coca Cola,Beverages,46.31,140,6483.4,0
2025-01-28,SKU_1012,Coca Cola 2L Mini,Coca Cola,Beverages,38.66,215,8311.9,15
2025-01-29,SKU_1012,Coca Cola 2L Mini,Coca Cola,Beverages,38.78,203,7872.34,0
2025-01-30,SKU_1012,Coca Cola 2L Mini,Coca Cola,Beverages,35.77,243,8692.11,5
2025-01-31,SKU_1012,Coca Cola 2L Mini,Coca Cola,Beverages,40.45,200,8090.0,0
2025-02-01,SKU_1012,Coca Cola 2L Mini,Coca Cola,Beverages,38.22,334,12765.48,0
2025-02-02,SKU_1012,Coca Cola 2L Mini,Coca Cola,Beverages,33.28,394,13112.32,5
2025-02-03,SKU_1012,Coca Cola 2L Mini,Coca Cola,Beverages,33.98,302,10261.96,10
2025-02-04,SKU_1012,Coca Cola 2L Mini,Coca Cola,Beverages,36.78,261,9599.58,15
2025-02-05,SKU_1012,Coca Cola 2L Mini,Coca Cola,Beverages,39.94,247,9865.18,15
2025-02-06,SKU_1012,Coca Cola 2L Mini,Coca Cola,Beverages,42.06,226,9505.56,5
2025-02-07,SKU_1012,Coca Cola 2L Mini,Coca Cola,Beverages,39.53,262,10356.86,0
2025-02-08,SKU_1012,Coca Cola 2L Mini,Coca Cola,Beverages,40.86,301,12298.86,0
2025-02-09,SKU_1012,Coca Cola 2L Mini,Coca Cola,Beverages,44.7,233,10415.1,15
2025-02-10,SKU_1012,Coca Cola 2L Mini,Coca Cola,Beverages,50.66,163,8257.58,10
2025-02-11,SKU_1012,Coca Cola 2L Mini,Coca Cola,Beverages,48.69,161,7839.09,0
2025-02-12,SKU_1012,Coca Cola 2L Mini,Coca Cola,Beverages,50.62,136,6884.32,15
2025-02-13,SKU_1012,Coca Cola 2L Mini,Coca Cola,Beverages,55.3,123,6801.9,10
2025-02-14,SKU_1012,Coca Cola 2L Mini,Coca Cola,Beverages,61.48,105,6455.4,0
2025-02-15,SKU_1012,Coca Cola 2L Mini,Coca Cola,Beverages,59.8,140,8372.0,5
2025-02-16,SKU_1012,Coca Cola 2L Mini,Coca Cola,Beverages,64.75,131,8482.25,0
2025-02-17,SKU_1012,Coca Cola 2L Mini,Coca Cola,Beverages,64.61,106,6848.66,5
2025-02-18,SKU_1012,Coca Cola 2L Mini,Coca Cola,Beverages,71.72,80,5737.6,15
2025-02-19,SKU_1012,Coca Cola 2L Mini,Coca Cola,Beverages,73.67,85,6261.95,0
2025-02-20,SKU_1012,Coca Cola 2L Mini,Coca Cola,Beverages,76.27,72,5491.44,0
2025-02-21,SKU_1012,Coca Cola 2L Mini,Coca Cola,Beverages,72.37,83,6006.71,0
2025-02-22,SKU_1012,Coca Cola 2L Mini,Coca Cola,Beverages,74.18,98,7269.64,0
2025-02-23,SKU_1012,Coca Cola 2L Mini,Coca Cola,Beverages,79.34,83,6585.22,0
2025-02-24,SKU_1012,Coca Cola 2L Mini,Coca Cola,Beverages,73.24,83,6078.92,0
2025-02-25,SKU_1012,Coca Cola 2L Mini,Coca Cola,Beverages,73.27,83,6081.41,0
2025-02-26,SKU_1012,Coca Cola 2L Mini,Coca Cola,Beverages,72.41,77,5575.57,10
2025-02-27,SKU_1012,Coca Cola 2L Mini,Coca Cola,Beverages,76.07,75,5705.25,5
2025-02-28,SKU_1012,Coca Cola 2L Mini,Coca Cola,Beverages,74.5,74,5513.0,0
2025-03-01,SKU_1012,Coca Cola 2L Mini,Coca Cola,Beverages,71.46,116,8289.36,0
2025-03-02,SKU_1012,Coca Cola 2L Mini,Coca Cola,Beverages,69.78,135,9420.3,0
2025-03-03,SKU_1012,Coca Cola 2L Mini,Coca Cola,Beverages,68.0,101,6868.0,0
2025-03-04,SKU_1012,Coca Cola 2L Mini,Coca Cola,Beverages,65.7,118,7752.6,0
2025-03-05,SKU_1012,Coca Cola 2L Mini,Coca Cola,Beverages,62.92,116,7298.72,15
2025-03-06,SKU_1012,Coca Cola 2L Mini,Coca Cola,Beverages,61.4,136,8350.4,10
2025-03-07,SKU_1012,Coca Cola 2L Mini,Coca Cola,Beverages,56.15,151,8478.65,0
2025-03-08,SKU_1012,Coca Cola 2L Mini,Coca Cola,Beverages,54.74,199,10893.26,5
2025-03-09,SKU_1012,Coca Cola 2L Mini,Coca Cola,Beverages,50.28,230,11564.4,0
2025-03-10,SKU_1012,Coca Cola 2L Mini,Coca Cola,Beverages,45.44,270,12268.8,5
2025-03-11,SKU_1012,Coca Cola 2L Mini,Coca Cola,Beverages,47.13,219,10321.47,10
2025-03-12,SKU_1012,Coca Cola 2L Mini,Coca Cola,Beverages,46.08,355,16358.4,0
2025-03-13,SKU_1012,Coca Cola 2L Mini,Coca Cola,Beverages,39.64,401,15895.64,0
2025-03-14,SKU_1012,Coca Cola 2L Mini,Coca Cola,Beverages,42.13,284,11964.92,5
2025-03-15,SKU_1012,Coca Cola 2L Mini,Coca Cola,Beverages,38.02,419,15930.38,10
2025-03-16,SKU_1012,Coca Cola 2L Mini,Coca Cola,Beverages,34.74,630,21886.2,0
2025-03-17,SKU_1012,Coca Cola 2L Mini,Coca Cola,Beverages,36.6,355,12993.0,0
2025-03-18,SKU_1012,Coca Cola 2L Mini,Coca Cola,Beverages,36.81,247,9092.07,0
2025-03-19,SKU_1012,Coca Cola 2L Mini,Coca Cola,Beverages,38.77,225,8723.25,0
2025-03-20,SKU_1012,Coca Cola 2L Mini,Coca Cola,Beverages,37.34,259,9671.06,0
2025-03-21,SKU_1012,Coca Cola 2L Mini,Coca Cola,Beverages,39.0,245,9555.0,15
2025-03-22,SKU_1012,Coca Cola 2L Mini,Coca Cola,Beverages,40.28,261,10513.08,0
2025-03-23,SKU_1012,Coca Cola 2L Mini,Coca Cola,Beverages,42.2,254,10718.8,0
2025-03-24,SKU_1012,Coca Cola 2L Mini,Coca Cola,Beverages,40.92,203,8306.76,10
2025-03-25,SKU_1012,Coca Cola 2L Mini,Coca Cola,Beverages,43.2,203,8769.6,10
2025-03-26,SKU_1012,Coca Cola 2L Mini,Coca Cola,Beverages,48.06,146,7016.76,0
2025-03-27,SKU_1012,Coca Cola 2L Mini,Coca Cola,Beverages,51.29,137,7026.73,5
2025-03-28,SKU_1012,Coca Cola 2L Mini,Coca Cola,Beverages,52.44,135,7079.4,0
2025-03-29,SKU_1012,Coca Cola 2L Mini,Coca Cola,Beverages,55.81,143,7980.83,0
2025-03-30,SKU_1012,Coca Cola 2L Mini,Coca Cola,Beverages,59.45,130,7728.5,0
2025-03-31,SKU_1012,Coca Cola 2L Mini,Coca Cola,Beverages,60.29,109,6571.61,10
2025-04-01,SKU_1012,Coca Cola 2L Mini,Coca Cola,Beverages,63.16,122,7705.52,0
2025-04-02,SKU_1012,Coca Cola 2L Mini,Coca Cola,Beverages,68.88,114,7852.32,10
2025-04-03,SKU_1012,Coca Cola 2L Mini,Coca Cola,Beverages,71.28,93,6629.04,0
2025-04-04,SKU_1012,Coca Cola 2L Mini,Coca Cola,Beverages,73.79,98,7231.42,15
2025-04-05,SKU_1012,Coca Cola 2L Mini,Coca Cola,Beverages,75.5,113,8531.5,0
2025-04-06,SKU_1012,Coca Cola 2L Mini,Coca Cola,Beverages,77.42,104,8051.68,0
2025-04-07,SKU_1012,Coca Cola 2L Mini,Coca Cola,Beverages,75.83,87,6597.21,0
2025-04-08,SKU_1012,Coca Cola 2L Mini,Coca Cola,Beverages,74.27,101,7501.27,15
2025-04-09,SKU_1012,Coca Cola 2L Mini,Coca Cola,Beverages,78.04,84,6555.36,5
2025-04-10,SKU_1012,Coca Cola 2L Mini,Coca Cola,Beverages,76.55,86,6583.3,0
2025-04-11,SKU_1012,Coca Cola 2L Mini,Coca Cola,Beverages,75.59,79,5971.61,5
2025-04-12,SKU_1012,Coca Cola 2L Mini,Coca Cola,Beverages,76.14,99,7537.86,15
2025-04-13,SKU_1012,Coca Cola 2L Mini,Coca Cola,Beverages,70.67,102,7208.34,0
2025-04-14,SKU_1012,Coca Cola 2L Mini,Coca Cola,Beverages,73.53,87,6397.11,5
2025-04-15,SKU_1012,Coca Cola 2L Mini,Coca Cola,Beverages,71.01,82,5822.82,0
2025-04-16,SKU_1012,Coca Cola 2L Mini,Coca Cola,Beverages,66.38,102,6770.76,0
2025-04-17,SKU_1012,Coca Cola 2L Mini,Coca Cola,Beverages,62.67,104,6517.68,5
2025-04-18,SKU_1012,Coca Cola 2L Mini,Coca Cola,Beverages,59.38,115,6828.7,0
2025-04-19,SKU_1012,Coca Cola 2L Mini,Coca Cola,Beverages,56.66,166,9405.56,0
2025-04-20,SKU_1012,Coca Cola 2L Mini,Coca Cola,Beverages,56.18,155,8707.9,0
2025-04-21,SKU_1012,Coca Cola 2L Mini,Coca Cola,Beverages,55.16,123,6784.68,0
2025-04-22,SKU_1012,Coca Cola 2L Mini,Coca Cola,Beverages,48.57,161,7819.77,15
2025-04-23,SKU_1012,Coca Cola 2L Mini,Coca Cola,Beverages,47.48,179,8498.92,0
2025-04-24,SKU_1012,Coca Cola 2L Mini,Coca Cola,Beverages,46.16,175,8078.0,10
2025-04-25,SKU_1012,Coca Cola 2L Mini,Coca Cola,Beverages,44.86,182,8164.52,0
2025-04-26,SKU_1012,Coca Cola 2L Mini,Coca Cola,Beverages,38.25,280,10710.0,0
2025-04-27,SKU_1012,Coca Cola 2L Mini,Coca Cola,Beverages,42.97,229,9840.13,10
2025-04-28,SKU_1012,Coca Cola 2L Mini,Coca Cola,Beverages,36.03,229,8250.87,0
2025-04-29,SKU_1012,Coca Cola 2L Mini,Coca Cola,Beverages,38.87,222,8629.14,5
2025-04-30,SKU_1012,Coca Cola 2L Mini,Coca Cola,Beverages,36.69,226,8291.94,0
2025-05-01,SKU_1012,Coca Cola 2L Mini,Coca Cola,Beverages,37.02,289,10698.78,0
2025-05-02,SKU_1012,Coca Cola 2L Mini,Coca Cola,Beverages,33.82,332,11228.24,0
2025-05-03,SKU_1012,Coca Cola 2L Mini,Coca Cola,Beverages,39.66,316,12532.56,15
2025-05-04,SKU_1012,Coca Cola 2L Mini,Coca Cola,Beverages,35.18,405,14247.9,5
2025-05-05,SKU_1012,Coca Cola 2L Mini,Coca Cola,Beverages,37.81,264,9981.84,10
2025-05-06,SKU_1012,Coca Cola 2L Mini,Coca Cola,Beverages,39.62,236,9350.32,5
2025-05-07,SKU_1012,Coca Cola 2L Mini,Coca Cola,Beverages,42.84,213,9124.92,15
2025-05-08,SKU_1012,Coca Cola 2L Mini,Coca Cola,Beverages,44.93,192,8626.56,0
2025-05-09,SKU_1012,Coca Cola 2L Mini,Coca Cola,Beverages,46.02,203,9342.06,15
2025-05-10,SKU_1012,Coca Cola 2L Mini,Coca Cola,Beverages,52.93,211,11168.23,0
2025-05-11,SKU_1012,Coca Cola 2L Mini,Coca Cola,Beverages,54.76,153,8378.28,0
2025-05-12,SKU_1012,Coca Cola 2L Mini,Coca Cola,Beverages,58.95,110,6484.5,5
2025-05-13,SKU_1012,Coca Cola 2L Mini,Coca Cola,Beverages,60.25,102,6145.5,10
2025-05-14,SKU_1012,Coca Cola 2L Mini,Coca Cola,Beverages,65.09,100,6509.0,0
2025-05-15,SKU_1012,Coca Cola 2L Mini,Coca Cola,Beverages,66.73,100,6673.0,0
2025-05-16,SKU_1012,Coca Cola 2L Mini,Coca Cola,Beverages,66.36,93,6171.48,0
2025-05-17,SKU_1012,Coca Cola 2L Mini,Coca Cola,Beverages,72.29,106,7662.74,5
2025-05-18,SKU_1012,Coca Cola 2L Mini,Coca Cola,Beverages,70.71,111,7848.81,0
2025-05-19,SKU_1012,Coca Cola 2L Mini,Coca Cola,Beverages,71.85,83,5963.55,0
2025-05-20,SKU_1012,Coca Cola 2L Mini,Coca Cola,Beverages,72.42,85,6155.7,5
2025-05-21,SKU_1012,Coca Cola 2L Mini,Coca Cola,Beverages,77.77,71,5521.67,15
2025-05-22,SKU_1012,Coca Cola 2L Mini,Coca Cola,Beverages,74.14,84,6227.76,0
2025-05-23,SKU_1012,Coca Cola 2L Mini,Coca Cola,Beverages,78.34,70,5483.8,15
2025-05-24,SKU_1012,Coca Cola 2L Mini,Coca Cola,Beverages,78.98,89,7029.22,0
2025-05-25,SKU_1012,Coca Cola 2L Mini,Coca Cola,Beverages,78.76,84,6615.84,5
2025-05-26,SKU_1012,Coca Cola 2L Mini,Coca Cola,Beverages,75.6,73,5518.8,10
2025-05-27,SKU_1012,Coca Cola 2L Mini,Coca Cola,Beverages,71.32,73,5206.36,0
2025-05-28,SKU_1012,Coca Cola 2L Mini,Coca Cola,Beverages,73.09,76,5554.84,0
2025-05-29,SKU_1012,Coca Cola 2L Mini,Coca Cola,Beverages,67.26,79,5313.54,0
2025-05-30,SKU_1012,Coca Cola 2L Mini,Coca Cola,Beverages,68.63,75,5147.25,0
2025-05-31,SKU_1012,Coca Cola 2L Mini,Coca Cola,Beverages,67.26,100,6726.0,0
2025-06-01,SKU_1012,Coca Cola 2L Mini,Coca Cola,Beverages,58.77,158,9285.66,0
2025-06-02,SKU_1012,Coca Cola 2L Mini,Coca Cola,Beverages,56.11,147,8248.17,0
2025-06-03,SKU_1012,Coca Cola 2L Mini,Coca Cola,Beverages,58.58,122,7146.76,0
2025-06-04,SKU_1012,Coca Cola 2L Mini,Coca Cola,Beverages,53.33,149,7946.17,10
2025-06-05,SKU_1012,Coca Cola 2L Mini,Coca Cola,Beverages,53.89,154,8299.06,0
2025-06-06,SKU_1012,Coca Cola 2L Mini,Coca Cola,Beverages,45.09,205,9243.45,0
2025-06-07,SKU_1012,Coca Cola 2L Mini,Coca Cola,Beverages,44.28,254,11247.12,15
2025-06-08,SKU_1012,Coca Cola 2L Mini,Coca Cola,Beverages,44.46,253,11248.38,10
2025-06-09,SKU_1012,Coca Cola 2L Mini,Coca Cola,Beverages,41.66,221,9206.86,10
2025-06-10,SKU_1012,Coca Cola 2L Mini,Coca Cola,Beverages,40.45,232,9384.4,15
2025-06-11,SKU_1012,Coca Cola 2L Mini,Coca Cola,Beverages,36.27,248,8994.96,0
2025-06-12,SKU_1012,Coca Cola 2L Mini,Coca Cola,Beverages,37.39,208,7777.12,5
2025-06-13,SKU_1012,Coca Cola 2L Mini,Coca Cola,Beverages,34.81,253,8806.93,10
2025-06-14,SKU_1012,Coca Cola 2L Mini,Coca Cola,Beverages,33.93,328,11129.04,0
2025-06-15,SKU_1012,Coca Cola 2L Mini,Coca Cola,Beverages,36.49,273,9961.77,0
2025-06-16,SKU_1012,Coca Cola 2L Mini,Coca Cola,Beverages,40.53,202,8187.06,15
2025-06-17,SKU_1012,Coca Cola 2L Mini,Coca Cola,Beverages,40.91,203,8304.73,5
2025-06-18,SKU_1012,Coca Cola 2L Mini,Coca Cola,Beverages,40.99,197,8075.03,0
2025-06-19,SKU_1012,Coca Cola 2L Mini,Coca Cola,Beverages,40.32,204,8225.28,0
2025-06-20,SKU_1012,Coca Cola 2L Mini,Coca Cola,Beverages,44.48,158,7027.84,15
2025-06-21,SKU_1012,Coca Cola 2L Mini,Coca Cola,Beverages,45.93,182,8359.26,0
2025-06-22,SKU_1012,Coca Cola 2L Mini,Coca Cola,Beverages,48.59,189,9183.51,0
2025-06-23,SKU_1012,Coca Cola 2L Mini,Coca Cola,Beverages,53.68,122,6548.96,15
2025-06-24,SKU_1012,Coca Cola 2L Mini,Coca Cola,Beverages,52.35,123,6439.05,5
2025-06-25,SKU_1012,Coca Cola 2L Mini,Coca Cola,Beverages,54.69,119,6508.11,0
2025-06-26,SKU_1012,Coca Cola 2L Mini,Coca Cola,Beverages,60.55,85,5146.75,0
2025-06-27,SKU_1012,Coca Cola 2L Mini,Coca Cola,Beverages,62.4,88,5491.2,0
2025-06-28,SKU_1012,Coca Cola 2L Mini,Coca Cola,Beverages,64.51,103,6644.53,0
2025-06-29,SKU_1012,Coca Cola 2L Mini,Coca Cola,Beverages,70.48,88,6202.24,5
