datasets/sales.csv
date,product_id,product_name,brand,category,selling_price,units_sold,revenue,promotion_discount_pct
2025-01-01,SKU_1013,Coca Cola 2L Regular,Coca Cola,Beverages,80.56,68,5478.08,0
2025-01-02,SKU_1013,Coca Cola 2L Regular,Coca Cola,Beverages,87.7,62,5437.4,10
2025-01-03,SKU_1013,Coca Cola 2L Regular,Coca Cola,Beverages,90.15,64,5769.6,0
2025-01-04,SKU_1013,Coca Cola 2L Regular,Coca Cola,Beverages,93.22,73,6805.06,15
2025-01-05,SKU_1013,Coca Cola 2L Regular,Coca Cola,Beverages,100.99,61,6160.39,5
2025-01-06,SKU_1013,Coca Cola 2L Regular,Coca Cola,Beverages,103.73,52,5393.96,5
2025-01-07,SKU_1013,Coca Cola 2L Regular,Coca Cola,Beverages,107.82,50,5391.0,10
2025-01-08,SKU_1013,Coca Cola 2L Regular,Coca Cola,Beverages,111.24,45,5005.8,10
2025-01-09,SKU_1013,Coca Cola 2L Regular,Coca Cola,Beverages,112.84,42,4739.28,0
2025-01-10,SKU_1013,Coca Cola 2L Regular,Coca Cola,Beverages,109.62,49,5371.38,0
2025-01-11,SKU_1013,Coca Cola 2L Regular,Coca Cola,Beverages,109.64,50,5482.0,10
2025-01-12,SKU_1013,Coca Cola 2L Regular,Coca Cola,Beverages,107.16,50,5358.0,0
2025-01-13,SKU_1013,Coca Cola 2L Regular,Coca Cola,Beverages,107.76,40,4310.4,10
2025-01-14,SKU_1013,Coca Cola 2L Regular,Coca Cola,Beverages,107.89,40,4315.6,5
2025-01-15,SKU_1013,Coca Cola 2L Regular,Coca Cola,Beverages,103.35,42,4340.7,0
2025-01-16,SKU_1013,Coca Cola 2L Regular,Coca Cola,Beverages,105.41,44,4638.04,0
2025-01-17,SKU_1013,Coca Cola 2L Regular,Coca Cola,Beverages,96.47,51,4919.97,15
2025-01-18,SKU_1013,Coca Cola 2L Regular,Coca Cola,Beverages,93.37,61,5695.57,10
2025-01-19,SKU_1013,Coca Cola 2L Regular,Coca Cola,Beverages,93.33,71,6626.43,0
2025-01-20,SKU_1013,Coca Cola 2L Regular,Coca Cola,Beverages,92.45,55,5084.75,5
2025-01-21,SKU_1013,Coca Cola 2L Regular,Coca Cola,Beverages,86.58,61,5281.38,15
2025-01-22,SKU_1013,Coca Cola 2L Regular,Coca Cola,Beverages,80.79,72,5816.88,10
2025-01-23,SKU_1013,Coca Cola 2L Regular,Coca Cola,Beverages,79.82,68,5427.76,0
2025-01-24,SKU_1013,Coca Cola 2L Regular,Coca Cola,Beverages,74.84,78,5837.52,0
2025-01-25,SKU_1013,Coca Cola 2L Regular,Coca Cola,Beverages,73.53,95,6985.35,15
2025-01-26,SKU_1013,Coca Cola 2L Regular,Coca Cola,Beverages,68.62,100,6862.0,5
2025-01-27,SKU_1013,Coca Cola 2L Regular,Coca Cola,Beverages,65.44,90,5889.6,0
2025-01-28,SKU_1013,Coca Cola 2L Regular,Coca Cola,Beverages,62.0,97,6014.0,0
2025-01-29,SKU_1013,Coca Cola 2L Regular,Coca Cola,Beverages,58.27,106,6176.62,15
2025-01-30,SKU_1013,Coca Cola 2L Regular,Coca Cola,Beverages,53.99,116,6262.84,5
2025-01-31,SKU_1013,Coca Cola 2L Regular,Coca Cola,Beverages,49.09,136,6676.24,5
2025-02-01,SKU_1013,Coca Cola 2L Regular,Coca Cola,Beverages,49.58,202,10015.16,0
2025-02-02,SKU_1013,Coca Cola 2L Regular,Coca Cola,Beverages,55.92,186,10401.12,0
2025-02-03,SKU_1013,Coca Cola 2L Regular,Coca Cola,Beverages,55.37,139,7696.43,5
2025-02-04,SKU_1013,Coca Cola 2L Regular,Coca Cola,Beverages,53.09,144,7644.96,15
2025-02-05,SKU_1013,Coca Cola 2L Regular,Coca Cola,Beverages,55.67,135,7515.45,10
2025-02-06,SKU_1013,Coca Cola 2L Regular,Coca Cola,Beverages,61.06,130,7937.8,15
2025-02-07,SKU_1013,Coca Cola 2L Regular,Coca Cola,Beverages,60.11,132,7934.52,0
2025-02-08,SKU_1013,Coca Cola 2L Regular,Coca Cola,Beverages,59.78,161,9624.58,10
2025-02-09,SKU_1013,Coca Cola 2L Regular,Coca Cola,Beverages,68.01,133,9045.33,10
2025-02-10,SKU_1013,Coca Cola 2L Regular,Coca Cola,Beverages,67.82,114,7731.48,10
2025-02-11,SKU_1013,Coca Cola 2L Regular,Coca Cola,Beverages,73.07,79,5772.53,0
2025-02-12,SKU_1013,Coca Cola 2L Regular,Coca Cola,Beverages,78.25,70,5477.5,10
2025-02-13,SKU_1013,Coca Cola 2L Regular,Coca Cola,Beverages,81.19,75,6089.25,0
2025-02-14,SKU_1013,Coca Cola 2L Regular,Coca Cola,Beverages,80.73,71,5731.83,0
2025-02-15,SKU_1013,Coca Cola 2L Regular,Coca Cola,Beverages,84.57,76,6427.32,15
2025-02-16,SKU_1013,Coca Cola 2L Regular,Coca Cola,Beverages,90.95,78,7094.1,15
2025-02-17,SKU_1013,Coca Cola 2L Regular,Coca Cola,Beverages,97.32,52,5060.64,15
2025-02-18,SKU_1013,Coca Cola 2L Regular,Coca Cola,Beverages,101.23,53,5365.19,5
2025-02-19,SKU_1013,Coca Cola 2L Regular,Coca Cola,Beverages,105.98,49,5193.02,0
2025-02-20,SKU_1013,Coca Cola 2L Regular,Coca Cola,Beverages,107.73,42,4524.66,5
2025-02-21,SKU_1013,Coca Cola 2L Regular,Coca Cola,Beverages,105.35,45,4740.75,0
2025-02-22,SKU_1013,Coca Cola 2L Regular,Coca Cola,Beverages,110.65,55,6085.75,0
2025-02-23,SKU_1013,Coca Cola 2L Regular,Coca Cola,Beverages,108.49,58,6292.42,0
2025-02-24,SKU_1013,Coca Cola 2L Regular,Coca Cola,Beverages,111.28,46,5118.88,10
2025-02-25,SKU_1013,Coca Cola 2L Regular,Coca Cola,Beverages,110.11,44,4844.84,5
2025-02-26,SKU_1013,Coca Cola 2L Regular,Coca Cola,Beverages,104.52,44,4598.88,0
2025-02-27,SKU_1013,Coca Cola 2L Regular,Coca Cola,Beverages,105.3,42,4422.6,15
2025-02-28,SKU_1013,Coca Cola 2L Regular,Coca Cola,Beverages,100.99,44,4443.56,5
2025-03-01,SKU_1013,Coca Cola 2L Regular,Coca Cola,Beverages,101.12,71,7179.52,0
2025-03-02,SKU_1013,Coca Cola 2L Regular,Coca Cola,Beverages,97.22,71,6902.62,15
2025-03-03,SKU_1013,Coca Cola 2L Regular,Coca Cola,Beverages,93.59,64,5989.76,10
2025-03-04,SKU_1013,Coca Cola 2L Regular,Coca Cola,Beverages,88.99,69,6140.31,0
2025-03-05,SKU_1013,Coca Cola 2L Regular,Coca Cola,Beverages,85.31,76,6483.56,10
2025-03-06,SKU_1013,Coca Cola 2L Regular,Coca Cola,Beverages,81.86,76,6221.36,0
2025-03-07,SKU_1013,Coca Cola 2L Regular,Coca Cola,Beverages,83.88,72,6039.36,0
2025-03-08,SKU_1013,Coca Cola 2L Regular,Coca Cola,Beverages,79.51,111,8825.61,0
2025-03-09,SKU_1013,Coca Cola 2L Regular,Coca Cola,Beverages,70.52,126,8885.52,10
2025-03-10,SKU_1013,Coca Cola 2L Regular,Coca Cola,Beverages,71.5,143,10224.5,0
2025-03-11,SKU_1013,Coca Cola 2L Regular,Coca Cola,Beverages,62.71,190,11914.9,0
2025-03-12,SKU_1013,Coca Cola 2L Regular,Coca Cola,Beverages,62.35,165,10287.75,5
2025-03-13,SKU_1013,Coca Cola 2L Regular,Coca Cola,Beverages,61.91,153,9472.23,10
2025-03-14,SKU_1013,Coca Cola 2L Regular,Coca Cola,Beverages,58.89,242,14251.38,15
2025-03-15,SKU_1013,Coca Cola 2L Regular,Coca Cola,Beverages,58.18,228,13265.04,0
2025-03-16,SKU_1013,Coca Cola 2L Regular,Coca Cola,Beverages,48.71,371,18071.41,0
2025-03-17,SKU_1013,Coca Cola 2L Regular,Coca Cola,Beverages,56.21,228,12815.88,0
2025-03-18,SKU_1013,Coca Cola 2L Regular,Coca Cola,Beverages,53.42,152,8119.84,0
2025-03-19,SKU_1013,Coca Cola 2L Regular,Coca Cola,Beverages,57.0,122,6954.0,0
2025-03-20,SKU_1013,Coca Cola 2L Regular,Coca Cola,Beverages,49.51,161,7971.11,0
2025-03-21,SKU_1013,Coca Cola 2L Regular,Coca Cola,Beverages,52.42,151,7915.42,0
2025-03-22,SKU_1013,Coca Cola 2L Regular,Coca Cola,Beverages,55.27,168,9285.36,5
2025-03-23,SKU_1013,Coca Cola 2L Regular,Coca Cola,Beverages,57.35,152,8717.2,0
2025-03-24,SKU_1013,Coca Cola 2L Regular,Coca Cola,Beverages,64.21,103,6613.63,15
2025-03-25,SKU_1013,Coca Cola 2L Regular,Coca Cola,Beverages,67.88,103,6991.64,10
2025-03-26,SKU_1013,Coca Cola 2L Regular,Coca Cola,Beverages,69.93,86,6013.98,0
2025-03-27,SKU_1013,Coca Cola 2L Regular,Coca Cola,Beverages,73.59,74,5445.66,5
2025-03-28,SKU_1013,Coca Cola 2L Regular,Coca Cola,Beverages,79.86,64,5111.04,15
2025-03-29,SKU_1013,Coca Cola 2L Regular,Coca Cola,Beverages,79.82,85,6784.7,5
2025-03-30,SKU_1013,Coca Cola 2L Regular,Coca Cola,Beverages,84.5,74,6253.0,0
2025-03-31,SKU_1013,Coca Cola 2L Regular,Coca Cola,Beverages,84.91,64,5434.24,5
2025-04-01,SKU_1013,Coca Cola 2L Regular,Coca Cola,Beverages,91.55,73,6683.15,0
2025-04-02,SKU_1013,Coca Cola 2L Regular,Coca Cola,Beverages,99.91,64,6394.24,15
2025-04-03,SKU_1013,Coca Cola 2L Regular,Coca Cola,Beverages,95.6,66,6309.6,15
2025-04-04,SKU_1013,Coca Cola 2L Regular,Coca Cola,Beverages,100.87,61,6153.07,10
2025-04-05,SKU_1013,Coca Cola 2L Regular,Coca Cola,Beverages,101.87,76,7742.12,15
2025-04-06,SKU_1013,Coca Cola 2L Regular,Coca Cola,Beverages,104.86,68,7130.48,0
2025-04-07,SKU_1013,Coca Cola 2L Regular,Coca Cola,Beverages,110.51,49,5414.99,15
2025-04-08,SKU_1013,Coca Cola 2L Regular,Coca Cola,Beverages,104.51,58,6061.58,0
2025-04-09,SKU_1013,Coca Cola 2L Regular,Coca Cola,Beverages,110.02,51,5611.02,0
2025-04-10,SKU_1013,Coca Cola 2L Regular,Coca Cola,Beverages,113.16,47,5318.52,0
2025-04-11,SKU_1013,Coca Cola 2L Regular,Coca Cola,Beverages,108.27,43,4655.61,0
2025-04-12,SKU_1013,Coca Cola 2L Regular,Coca Cola,Beverages,109.63,59,6468.17,5
2025-04-13,SKU_1013,Coca Cola 2L Regular,Coca Cola,Beverages,102.81,66,6785.46,0
2025-04-14,SKU_1013,Coca Cola 2L Regular,Coca Cola,Beverages,103.18,46,4746.28,0
2025-04-15,SKU_1013,Coca Cola 2L Regular,Coca Cola,Beverages,95.5,58,5539.0,0
2025-04-16,SKU_1013,Coca Cola 2L Regular,Coca Cola,Beverages,94.79,56,5308.24,0
2025-04-17,SKU_1013,Coca Cola 2L Regular,Coca Cola,Beverages,90.58,61,5525.38,15
2025-04-18,SKU_1013,Coca Cola 2L Regular,Coca Cola,Beverages,88.47,63,5573.61,5
2025-04-19,SKU_1013,Coca Cola 2L Regular,Coca Cola,Beverages,89.12,75,6684.0,15
2025-04-20,SKU_1013,Coca Cola 2L Regular,Coca Cola,Beverages,82.4,89,7333.6,0
2025-04-21,SKU_1013,Coca Cola 2L Regular,Coca Cola,Beverages,79.53,75,5964.75,10
2025-04-22,SKU_1013,Coca Cola 2L Regular,Coca Cola,Beverages,72.78,88,6404.64,0
2025-04-23,SKU_1013,Coca Cola 2L Regular,Coca Cola,Beverages,72.61,87,6317.07,0
2025-04-24,SKU_1013,Coca Cola 2L Regular,Coca Cola,Beverages,64.3,107,6880.1,0
2025-04-25,SKU_1013,Coca Cola 2L Regular,Coca Cola,Beverages,62.91,111,6983.01,0
2025-04-26,SKU_1013,Coca Cola 2L Regular,Coca Cola,Beverages,58.24,149,8677.76,0
2025-04-27,SKU_1013,Coca Cola 2L Regular,Coca Cola,Beverages,53.72,169,9078.68,0
2025-04-28,SKU_1013,Coca Cola 2L Regular,Coca Cola,Beverages,50.84,147,7473.48,5
2025-04-29,SKU_1013,Coca Cola 2L Regular,Coca Cola,Beverages,52.48,131,6874.88,5
2025-04-30,SKU_1013,Coca Cola 2L Regular,Coca Cola,Beverages,51.73,130,6724.9,15
2025-05-01,SKU_1013,Coca Cola 2L Regular,Coca Cola,Beverages,48.12,196,9431.52,0
2025-05-02,SKU_1013,Coca Cola 2L Regular,Coca Cola,Beverages,53.26,159,8468.34,0
2025-05-03,SKU_1013,Coca Cola 2L Regular,Coca Cola,Beverages,52.4,216,11318.4,10
2025-05-04,SKU_1013,Coca Cola 2L Regular,Coca Cola,Beverages,57.35,173,9921.55,15
2025-05-05,SKU_1013,Coca Cola 2L Regular,Coca Cola,Beverages,55.88,155,8661.4,15
2025-05-06,SKU_1013,Coca Cola 2L Regular,Coca Cola,Beverages,57.88,147,8508.36,10
2025-05-07,SKU_1013,Coca Cola 2L Regular,Coca Cola,Beverages,57.89,147,8509.83,10
2025-05-08,SKU_1013,Coca Cola 2L Regular,Coca Cola,Beverages,66.54,112,7452.48,15
2025-05-09,SKU_1013,Coca Cola 2L Regular,Coca Cola,Beverages,69.63,104,7241.52,15
2025-05-10,SKU_1013,Coca Cola 2L Regular,Coca Cola,Beverages,76.49,116,8872.84,0
2025-05-11,SKU_1013,Coca Cola 2L Regular,Coca Cola,Beverages,75.1,103,7735.3,0
2025-05-12,SKU_1013,Coca Cola 2L Regular,Coca Cola,Beverages,80.02,70,5601.4,10
2025-05-13,SKU_1013,Coca Cola 2L Regular,Coca Cola,Beverages,85.43,60,5125.8,0
2025-05-14,SKU_1013,Coca Cola 2L Regular,Coca Cola,Beverages,91.87,57,5236.59,0
2025-05-15,SKU_1013,Coca Cola 2L Regular,Coca Cola,Beverages,95.67,54,5166.18,0
2025-05-16,SKU_1013,Coca Cola 2L Regular,Coca Cola,Beverages,97.88,51,4991.88,0
2025-05-17,SKU_1013,Coca Cola 2L Regular,Coca Cola,Beverages,98.47,62,6105.14,5
2025-05-18,SKU_1013,Coca Cola 2L Regular,Coca Cola,Beverages,99.84,62,6190.08,15
2025-05-19,SKU_1013,Coca Cola 2L Regular,Coca Cola,Beverages,107.87,47,5069.89,10
2025-05-20,SKU_1013,Coca Cola 2L Regular,Coca Cola,Beverages,104.34,44,4590.96,10
2025-05-21,SKU_1013,Coca Cola 2L Regular,Coca Cola,Beverages,104.35,44,4591.4,15
2025-05-22,SKU_1013,Coca Cola 2L Regular,Coca Cola,Beverages,106.32,42,4465.44,0
2025-05-23,SKU_1013,Coca Cola 2L Regular,Coca Cola,Beverages,105.96,47,4980.12,10
2025-05-24,SKU_1013,Coca Cola 2L Regular,Coca Cola,Beverages,109.79,56,6148.24,0
2025-05-25,SKU_1013,Coca Cola 2L Regular,Coca Cola,Beverages,110.36,49,5407.64,0
2025-05-26,SKU_1013,Coca Cola 2L Regular,Coca Cola,Beverages,109.3,36,3934.8,10
2025-05-27,SKU_1013,Coca Cola 2L Regular,Coca Cola,Beverages,108.98,41,4468.18,5
2025-05-28,SKU_1013,Coca Cola 2L Regular,Coca Cola,Beverages,97.42,43,4189.06,0
2025-05-29,SKU_1013,Coca Cola 2L Regular,Coca Cola,Beverages,97.75,44,4301.0,5
2025-05-30,SKU_1013,Coca Cola 2L Regular,Coca Cola,Beverages,97.93,44,4308.92,10
2025-05-31,SKU_1013,Coca Cola 2L Regular,Coca Cola,Beverages,89.88,71,6381.48,0
2025-06-01,SKU_1013,Coca Cola 2L Regular,Coca Cola,Beverages,91.05,85,7739.25,0
2025-06-02,SKU_1013,Coca Cola 2L Regular,Coca Cola,Beverages,88.0,68,5984.0,0
2025-06-03,SKU_1013,Coca Cola 2L Regular,Coca Cola,Beverages,84.13,73,6141.49,0
2025-06-04,SKU_1013,Coca Cola 2L Regular,Coca Cola,Beverages,75.57,84,6347.88,15
2025-06-05,SKU_1013,Coca Cola 2L Regular,Coca Cola,Beverages,72.65,94,6829.1,5
2025-06-06,SKU_1013,Coca Cola 2L Regular,Coca Cola,Beverages,68.2,107,7297.4,0
2025-06-07,SKU_1013,Coca Cola 2L Regular,Coca Cola,Beverages,69.87,118,8244.66,0
2025-06-08,SKU_1013,Coca Cola 2L Regular,Coca Cola,Beverages,62.82,147,9234.54,10
2025-06-09,SKU_1013,Coca Cola 2L Regular,Coca Cola,Beverages,57.0,141,8037.0,10
2025-06-10,SKU_1013,Coca Cola 2L Regular,Coca Cola,Beverages,57.2,134,7664.8,10
2025-06-11,SKU_1013,Coca Cola 2L Regular,Coca Cola,Beverages,58.34,109,6359.06,10
2025-06-12,SKU_1013,Coca Cola 2L Regular,Coca Cola,Beverages,56.85,119,6765.15,15
2025-06-13,SKU_1013,Coca Cola 2L Regular,Coca Cola,Beverages,53.49,135,7221.15,15
2025-06-14,SKU_1013,Coca Cola 2L Regular,Coca Cola,Beverages,54.5,154,8393.0,0
2025-06-15,SKU_1013,Coca Cola 2L Regular,Coca Cola,Beverages,53.42,151,8066.42,0
2025-06-16,SKU_1013,Coca Cola 2L Regular,Coca Cola,Beverages,53.31,128,6823.68,5
2025-06-17,SKU_1013,Coca Cola 2L Regular,Coca Cola,Beverages,52.8,128,6758.4,0
2025-06-18,SKU_1013,Coca Cola 2L Regular,Coca Cola,Beverages,61.12,109,6662.08,0
2025-06-19,SKU_1013,Coca Cola 2L Regular,Coca Cola,Beverages,59.87,111,6645.57,15
2025-06-20,SKU_1013,Coca Cola 2L Regular,Coca Cola,Beverages,58.74,102,5991.48,10
2025-06-21,SKU_1013,Coca Cola 2L Regular,Coca Cola,Beverages,65.27,111,7244.97,10
2025-06-22,SKU_1013,Coca Cola 2L Regular,Coca Cola,Beverages,65.35,115,7515.25,10
2025-06-23,SKU_1013,Coca Cola 2L Regular,Coca Cola,Beverages,73.75,77,5678.75,0
2025-06-24,SKU_1013,Coca Cola 2L Regular,Coca Cola,Beverages,77.31,73,5643.63,0
2025-06-25,SKU_1013,Coca Cola 2L Regular,Coca Cola,Beverages,83.31,61,5081.91,10
2025-06-26,SKU_1013,Coca Cola 2L Regular,Coca Cola,Beverages,85.71,51,4371.21,15
2025-06-27,SKU_1013,Coca Cola 2L Regular,Coca Cola,Beverages,84.8,50,4240.0,5
2025-06-28,SKU_1013,Coca Cola 2L Regular,Coca Cola,Beverages,95.78,56,5363.68,0
2025-06-29,SKU_1013,Coca Cola 2L Regular,Coca Cola,Beverages,93.89,62,5821.18,0
