datasets/sales.csv
date,product_id,product_name,brand,category,selling_price,units_sold,revenue,promotion_discount_pct
2025-01-01,SKU_1014,Coca Cola 2L Value,Coca Cola,Beverages,104.16,56,5832.96,0
2025-01-02,SKU_1014,Coca Cola 2L Value,Coca Cola,Beverages,111.47,53,5907.91,15
2025-01-03,SKU_1014,Coca Cola 2L Value,Coca Cola,Beverages,107.87,56,6040.72,0
2025-01-04,SKU_1014,Coca Cola 2L Value,Coca Cola,Beverages,115.6,56,6473.6,0
2025-01-05,SKU_1014,Coca Cola 2L Value,Coca Cola,Beverages,118.22,62,7329.64,10
2025-01-06,SKU_1014,Coca Cola 2L Value,Coca Cola,Beverages,121.47,43,5223.21,0
2025-01-07,SKU_1014,Coca Cola 2L Value,Coca Cola,Beverages,130.29,38,4951.02,15
2025-01-08,SKU_1014,Coca Cola 2L Value,Coca Cola,Beverages,129.37,38,4916.06,5
2025-01-09,SKU_1014,Coca Cola 2L Value,Coca Cola,Beverages,130.7,40,5228.0,0
2025-01-10,SKU_1014,Coca Cola 2L Value,Coca Cola,Beverages,126.44,39,4931.16,0
2025-01-11,SKU_1014,Coca Cola 2L Value,Coca Cola,Beverages,129.17,47,6070.99,5
2025-01-12,SKU_1014,Coca Cola 2L Value,Coca Cola,Beverages,130.83,43,5625.69,5
2025-01-13,SKU_1014,Coca Cola 2L Value,Coca Cola,Beverages,126.59,39,4937.01,0
2025-01-14,SKU_1014,Coca Cola 2L Value,Coca Cola,Beverages,130.16,36,4685.76,15
2025-01-15,SKU_1014,Coca Cola 2L Value,Coca Cola,Beverages,123.68,39,4823.52,15
2025-01-16,SKU_1014,Coca Cola 2L Value,Coca Cola,Beverages,128.34,37,4748.58,0
2025-01-17,SKU_1014,Coca Cola 2L Value,Coca Cola,Beverages,116.15,45,5226.75,0
2025-01-18,SKU_1014,Coca Cola 2L Value,Coca Cola,Beverages,112.33,54,6065.82,10
2025-01-19,SKU_1014,Coca Cola 2L Value,Coca Cola,Beverages,108.96,57,6210.72,0
2025-01-20,SKU_1014,Coca Cola 2L Value,Coca Cola,Beverages,111.72,46,5139.12,10
2025-01-21,SKU_1014,Coca Cola 2L Value,Coca Cola,Beverages,104.38,50,5219.0,0
2025-01-22,SKU_1014,Coca Cola 2L Value,Coca Cola,Beverages,100.91,53,5348.23,0
2025-01-23,SKU_1014,Coca Cola 2L Value,Coca Cola,Beverages,88.35,67,5919.45,0
2025-01-24,SKU_1014,Coca Cola 2L Value,Coca Cola,Beverages,84.55,75,6341.25,0
2025-01-25,SKU_1014,Coca Cola 2L Value,Coca Cola,Beverages,77.8,103,8013.4,15
2025-01-26,SKU_1014,Coca Cola 2L Value,Coca Cola,Beverages,83.42,91,7591.22,15
2025-01-27,SKU_1014,Coca Cola 2L Value,Coca Cola,Beverages,69.98,95,6648.1,0
2025-01-28,SKU_1014,Coca Cola 2L Value,Coca Cola,Beverages,71.13,87,6188.31,0
2025-01-29,SKU_1014,Coca Cola 2L Value,Coca Cola,Beverages,67.84,100,6784.0,15
2025-01-30,SKU_1014,Coca Cola 2L Value,Coca Cola,Beverages,65.67,107,7026.69,0
2025-01-31,SKU_1014,Coca Cola 2L Value,Coca Cola,Beverages,59.68,123,7340.64,0
2025-02-01,SKU_1014,Coca Cola 2L Value,Coca Cola,Beverages,62.15,164,10192.6,0
2025-02-02,SKU_1014,Coca Cola 2L Value,Coca Cola,Beverages,66.79,157,10486.03,0
2025-02-03,SKU_1014,Coca Cola 2L Value,Coca Cola,Beverages,60.35,134,8086.9,0
2025-02-04,SKU_1014,Coca Cola 2L Value,Coca Cola,Beverages,61.53,147,9044.91,0
2025-02-05,SKU_1014,Coca Cola 2L Value,Coca Cola,Beverages,65.63,125,8203.75,10
2025-02-06,SKU_1014,Coca Cola 2L Value,Coca Cola,Beverages,63.13,145,9153.85,10
2025-02-07,SKU_1014,Coca Cola 2L Value,Coca Cola,Beverages,68.73,112,7697.76,5
2025-02-08,SKU_1014,Coca Cola 2L Value,Coca Cola,Beverages,79.25,120,9510.0,15
2025-02-09,SKU_1014,Coca Cola 2L Value,Coca Cola,Beverages,83.43,101,8426.43,10
2025-02-10,SKU_1014,Coca Cola 2L Value,Coca Cola,Beverages,86.76,87,7548.12,0
2025-02-11,SKU_1014,Coca Cola 2L Value,Coca Cola,Beverages,82.09,77,6320.93,5
2025-02-12,SKU_1014,Coca Cola 2L Value,Coca Cola,Beverages,89.63,70,6274.1,0
2025-02-13,SKU_1014,Coca Cola 2L Value,Coca Cola,Beverages,94.94,58,5506.52,5
2025-02-14,SKU_1014,Coca Cola 2L Value,Coca Cola,Beverages,97.97,55,5388.35,0
2025-02-15,SKU_1014,Coca Cola 2L Value,Coca Cola,Beverages,106.34,63,6699.42,10
2025-02-16,SKU_1014,Coca Cola 2L Value,Coca Cola,Beverages,109.85,64,7030.4,10
2025-02-17,SKU_1014,Coca Cola 2L Value,Coca Cola,Beverages,119.03,46,5475.38,10
2025-02-18,SKU_1014,Coca Cola 2L Value,Coca Cola,Beverages,113.72,44,5003.68,0
2025-02-19,SKU_1014,Coca Cola 2L Value,Coca Cola,Beverages,125.81,38,4780.78,10
2025-02-20,SKU_1014,Coca Cola 2L Value,Coca Cola,Beverages,128.13,42,5381.46,0
2025-02-21,SKU_1014,Coca Cola 2L Value,Coca Cola,Beverages,125.12,43,5380.16,5
2025-02-22,SKU_1014,Coca Cola 2L Value,Coca Cola,Beverages,124.12,54,6702.48,15
2025-02-23,SKU_1014,Coca Cola 2L Value,Coca Cola,Beverages,131.23,48,6299.04,15
2025-02-24,SKU_1014,Coca Cola 2L Value,Coca Cola,Beverages,136.3,36,4906.8,0
2025-02-25,SKU_1014,Coca Cola 2L Value,Coca Cola,Beverages,136.08,38,5171.04,0
2025-02-26,SKU_1014,Coca Cola 2L Value,Coca Cola,Beverages,127.38,34,4330.92,15
2025-02-27,SKU_1014,Coca Cola 2L Value,Coca Cola,Beverages,132.55,36,4771.8,5
2025-02-28,SKU_1014,Coca Cola 2L Value,Coca Cola,Beverages,120.77,40,4830.8,15
2025-03-01,SKU_1014,Coca Cola 2L Value,Coca Cola,Beverages,121.68,62,7544.16,0
2025-03-02,SKU_1014,Coca Cola 2L Value,Coca Cola,Beverages,115.41,66,7617.06,5
2025-03-03,SKU_1014,Coca Cola 2L Value,Coca Cola,Beverages,118.38,48,5682.24,0
2025-03-04,SKU_1014,Coca Cola 2L Value,Coca Cola,Beverages,111.09,59,6554.31,0
2025-03-05,SKU_1014,Coca Cola 2L Value,Coca Cola,Beverages,110.23,61,6724.03,10
2025-03-06,SKU_1014,Coca Cola 2L Value,Coca Cola,Beverages,100.84,66,6655.44,15
2025-03-07,SKU_1014,Coca Cola 2L Value,Coca Cola,Beverages,91.42,84,7679.28,0
2025-03-08,SKU_1014,Coca Cola 2L Value,Coca Cola,Beverages,88.94,95,8449.3,15
2025-03-09,SKU_1014,Coca Cola 2L Value,Coca Cola,Beverages,91.65,96,8798.4,0
2025-03-10,SKU_1014,Coca Cola 2L Value,Coca Cola,Beverages,80.81,189,15273.09,0
2025-03-11,SKU_1014,Coca Cola 2L Value,Coca Cola,Beverages,77.06,155,11944.3,0
2025-03-12,SKU_1014,Coca Cola 2L Value,Coca Cola,Beverages,72.99,152,11094.48,10
2025-03-13,SKU_1014,Coca Cola 2L Value,Coca Cola,Beverages,72.97,129,9413.13,0
2025-03-14,SKU_1014,Coca Cola 2L Value,Coca Cola,Beverages,65.54,206,13501.24,0
2025-03-15,SKU_1014,Coca Cola 2L Value,Coca Cola,Beverages,62.78,277,17390.06,0
2025-03-16,SKU_1014,Coca Cola 2L Value,Coca Cola,Beverages,60.95,327,19930.65,0
2025-03-17,SKU_1014,Coca Cola 2L Value,Coca Cola,Beverages,66.36,229,15196.44,10
2025-03-18,SKU_1014,Coca Cola 2L Value,Coca Cola,Beverages,57.87,148,8564.76,5
2025-03-19,SKU_1014,Coca Cola 2L Value,Coca Cola,Beverages,61.74,121,7470.54,0
2025-03-20,SKU_1014,Coca Cola 2L Value,Coca Cola,Beverages,61.67,130,8017.1,0
2025-03-21,SKU_1014,Coca Cola 2L Value,Coca Cola,Beverages,65.33,124,8100.92,15
2025-03-22,SKU_1014,Coca Cola 2L Value,Coca Cola,Beverages,65.54,145,9503.3,10
2025-03-23,SKU_1014,Coca Cola 2L Value,Coca Cola,Beverages,75.3,113,8508.9,10
2025-03-24,SKU_1014,Coca Cola 2L Value,Coca Cola,Beverages,73.43,100,7343.0,15
2025-03-25,SKU_1014,Coca Cola 2L Value,Coca Cola,Beverages,83.48,74,6177.52,0
2025-03-26,SKU_1014,Coca Cola 2L Value,Coca Cola,Beverages,85.46,65,5554.9,0
2025-03-27,SKU_1014,Coca Cola 2L Value,Coca Cola,Beverages,83.27,73,6078.71,10
2025-03-28,SKU_1014,Coca Cola 2L Value,Coca Cola,Beverages,92.51,66,6105.66,0
2025-03-29,SKU_1014,Coca Cola 2L Value,Coca Cola,Beverages,96.96,68,6593.28,0
2025-03-30,SKU_1014,Coca Cola 2L Value,Coca Cola,Beverages,101.43,68,6897.24,0
2025-03-31,SKU_1014,Coca Cola 2L Value,Coca Cola,Beverages,111.39,49,5458.11,0
2025-04-01,SKU_1014,Coca Cola 2L Value,Coca Cola,Beverages,108.8,59,6419.2,10
2025-04-02,SKU_1014,Coca Cola 2L Value,Coca Cola,Beverages,111.34,59,6569.06,0
2025-04-03,SKU_1014,Coca Cola 2L Value,Coca Cola,Beverages,118.16,50,5908.0,0
2025-04-04,SKU_1014,Coca Cola 2L Value,Coca Cola,Beverages,119.25,51,6081.75,5
2025-04-05,SKU_1014,Coca Cola 2L Value,Coca Cola,Beverages,120.29,69,8300.01,10
2025-04-06,SKU_1014,Coca Cola 2L Value,Coca Cola,Beverages,128.13,55,7047.15,0
2025-04-07,SKU_1014,Coca Cola 2L Value,Coca Cola,Beverages,130.41,46,5998.86,5
2025-04-08,SKU_1014,Coca Cola 2L Value,Coca Cola,Beverages,130.01,45,5850.45,5
2025-04-09,SKU_1014,Coca Cola 2L Value,Coca Cola,Beverages,125.78,48,6037.44,0
2025-04-10,SKU_1014,Coca Cola 2L Value,Coca Cola,Beverages,132.08,42,5547.36,0
2025-04-11,SKU_1014,Coca Cola 2L Value,Coca Cola,Beverages,135.3,37,5006.1,5
2025-04-12,SKU_1014,Coca Cola 2L Value,Coca Cola,Beverages,127.38,47,5986.86,0
2025-04-13,SKU_1014,Coca Cola 2L Value,Coca Cola,Beverages,126.62,54,6837.48,0
2025-04-14,SKU_1014,Coca Cola 2L Value,Coca Cola,Beverages,124.37,40,4974.8,15
2025-04-15,SKU_1014,Coca Cola 2L Value,Coca Cola,Beverages,113.54,46,5222.84,5
2025-04-16,SKU_1014,Coca Cola 2L Value,Coca Cola,Beverages,120.87,42,5076.54,0
2025-04-17,SKU_1014,Coca Cola 2L Value,Coca Cola,Beverages,112.79,49,5526.71,10
2025-04-18,SKU_1014,Coca Cola 2L Value,Coca Cola,Beverages,105.37,56,5900.72,0
2025-04-19,SKU_1014,Coca Cola 2L Value,Coca Cola,Beverages,100.51,70,7035.7,5
2025-04-20,SKU_1014,Coca Cola 2L Value,Coca Cola,Beverages,99.96,72,7197.12,0
2025-04-21,SKU_1014,Coca Cola 2L Value,Coca Cola,Beverages,86.24,77,6640.48,10
2025-04-22,SKU_1014,Coca Cola 2L Value,Coca Cola,Beverages,82.75,80,6620.0,0
2025-04-23,SKU_1014,Coca Cola 2L Value,Coca Cola,Beverages,81.47,82,6680.54,15
2025-04-24,SKU_1014,Coca Cola 2L Value,Coca Cola,Beverages,75.69,90,6812.1,0
2025-04-25,SKU_1014,Coca Cola 2L Value,Coca Cola,Beverages,77.21,95,7334.95,15
2025-04-26,SKU_1014,Coca Cola 2L Value,Coca Cola,Beverages,71.21,121,8616.41,15
2025-04-27,SKU_1014,Coca Cola 2L Value,Coca Cola,Beverages,70.72,125,8840.0,0
2025-04-28,SKU_1014,Coca Cola 2L Value,Coca Cola,Beverages,71.21,97,6907.37,0
2025-04-29,SKU_1014,Coca Cola 2L Value,Coca Cola,Beverages,69.1,92,6357.2,5
2025-04-30,SKU_1014,Coca Cola 2L Value,Coca Cola,Beverages,57.84,132,7634.88,15
2025-05-01,SKU_1014,Coca Cola 2L Value,Coca Cola,Beverages,62.77,132,8285.64,5
2025-05-02,SKU_1014,Coca Cola 2L Value,Coca Cola,Beverages,64.86,129,8366.94,10
2025-05-03,SKU_1014,Coca Cola 2L Value,Coca Cola,Beverages,68.6,148,10152.8,15
2025-05-04,SKU_1014,Coca Cola 2L Value,Coca Cola,Beverages,65.99,158,10426.42,15
2025-05-05,SKU_1014,Coca Cola 2L Value,Coca Cola,Beverages,66.15,132,8731.8,0
2025-05-06,SKU_1014,Coca Cola 2L Value,Coca Cola,Beverages,66.32,137,9085.84,10
2025-05-07,SKU_1014,Coca Cola 2L Value,Coca Cola,Beverages,76.97,105,8081.85,0
2025-05-08,SKU_1014,Coca Cola 2L Value,Coca Cola,Beverages,80.04,90,7203.6,15
2025-05-09,SKU_1014,Coca Cola 2L Value,Coca Cola,Beverages,80.22,91,7300.02,10
2025-05-10,SKU_1014,Coca Cola 2L Value,Coca Cola,Beverages,91.13,94,8566.22,10
2025-05-11,SKU_1014,Coca Cola 2L Value,Coca Cola,Beverages,95.13,73,6944.49,0
2025-05-12,SKU_1014,Coca Cola 2L Value,Coca Cola,Beverages,102.42,57,5837.94,0
2025-05-13,SKU_1014,Coca Cola 2L Value,Coca Cola,Beverages,98.73,59,5825.07,0
2025-05-14,SKU_1014,Coca Cola 2L Value,Coca Cola,Beverages,112.28,45,5052.6,0
2025-05-15,SKU_1014,Coca Cola 2L Value,Coca Cola,Beverages,114.44,44,5035.36,0
2025-05-16,SKU_1014,Coca Cola 2L Value,Coca Cola,Beverages,116.67,44,5133.48,0
2025-05-17,SKU_1014,Coca Cola 2L Value,Coca Cola,Beverages,116.7,60,7002.0,0
2025-05-18,SKU_1014,Coca Cola 2L Value,Coca Cola,Beverages,122.77,52,6384.04,10
2025-05-19,SKU_1014,Coca Cola 2L Value,Coca Cola,Beverages,129.35,40,5174.0,5
2025-05-20,SKU_1014,Coca Cola 2L Value,Coca Cola,Beverages,123.92,42,5204.64,15
2025-05-21,SKU_1014,Coca Cola 2L Value,Coca Cola,Beverages,134.89,35,4721.15,0
2025-05-22,SKU_1014,Coca Cola 2L Value,Coca Cola,Beverages,135.07,33,4457.31,0
2025-05-23,SKU_1014,Coca Cola 2L Value,Coca Cola,Beverages,136.05,33,4489.65,0
2025-05-24,SKU_1014,Coca Cola 2L Value,Coca Cola,Beverages,129.38,49,6339.62,0
2025-05-25,SKU_1014,Coca Cola 2L Value,Coca Cola,Beverages,125.88,47,5916.36,15
2025-05-26,SKU_1014,Coca Cola 2L Value,Coca Cola,Beverages,123.87,37,4583.19,0
2025-05-27,SKU_1014,Coca Cola 2L Value,Coca Cola,Beverages,121.04,36,4357.44,0
2025-05-28,SKU_1014,Coca Cola 2L Value,Coca Cola,Beverages,123.11,40,4924.4,10
2025-05-29,SKU_1014,Coca Cola 2L Value,Coca Cola,Beverages,114.87,40,4594.8,15
2025-05-30,SKU_1014,Coca Cola 2L Value,Coca Cola,Beverages,112.35,45,5055.75,0
2025-05-31,SKU_1014,Coca Cola 2L Value,Coca Cola,Beverages,106.39,62,6596.18,0
2025-06-01,SKU_1014,Coca Cola 2L Value,Coca Cola,Beverages,106.95,67,7165.65,5
2025-06-02,SKU_1014,Coca Cola 2L Value,Coca Cola,Beverages,99.01,69,6831.69,5
2025-06-03,SKU_1014,Coca Cola 2L Value,Coca Cola,Beverages,96.29,69,6644.01,15
2025-06-04,SKU_1014,Coca Cola 2L Value,Coca Cola,Beverages,93.58,70,6550.6,15
2025-06-05,SKU_1014,Coca Cola 2L Value,Coca Cola,Beverages,91.59,69,6319.71,0
2025-06-06,SKU_1014,Coca Cola 2L Value,Coca Cola,Beverages,84.64,87,7363.68,15
2025-06-07,SKU_1014,Coca Cola 2L Value,Coca Cola,Beverages,80.07,119,9528.33,0
2025-06-08,SKU_1014,Coca Cola 2L Value,Coca Cola,Beverages,70.5,134,9447.0,0
2025-06-09,SKU_1014,Coca Cola 2L Value,Coca Cola,Beverages,75.57,95,7179.15,15
2025-06-10,SKU_1014,Coca Cola 2L Value,Coca Cola,Beverages,69.42,111,7705.62,0
2025-06-11,SKU_1014,Coca Cola 2L Value,Coca Cola,Beverages,60.54,113,6841.02,10
2025-06-12,SKU_1014,Coca Cola 2L Value,Coca Cola,Beverages,63.36,108,6842.88,15
2025-06-13,SKU_1014,Coca Cola 2L Value,Coca Cola,Beverages,66.62,102,6795.24,15
2025-06-14,SKU_1014,Coca Cola 2L Value,Coca Cola,Beverages,66.19,122,8075.18,0
2025-06-15,SKU_1014,Coca Cola 2L Value,Coca Cola,Beverages,61.8,145,8961.0,0
2025-06-16,SKU_1014,Coca Cola 2L Value,Coca Cola,Beverages,62.14,124,7705.36,0
2025-06-17,SKU_1014,Coca Cola 2L Value,Coca Cola,Beverages,61.91,107,6624.37,0
2025-06-18,SKU_1014,Coca Cola 2L Value,Coca Cola,Beverages,72.59,87,6315.33,5
2025-06-19,SKU_1014,Coca Cola 2L Value,Coca Cola,Beverages,74.28,93,6908.04,0
2025-06-20,SKU_1014,Coca Cola 2L Value,Coca Cola,Beverages,75.56,78,5893.68,0
2025-06-21,SKU_1014,Coca Cola 2L Value,Coca Cola,Beverages,83.04,90,7473.6,0
2025-06-22,SKU_1014,Coca Cola 2L Value,Coca Cola,Beverages,83.05,90,7474.5,0
2025-06-23,SKU_1014,Coca Cola 2L Value,Coca Cola,Beverages,92.71,63,5840.73,10
2025-06-24,SKU_1014,Coca Cola 2L Value,Coca Cola,Beverages,97.64,55,5370.2,0
2025-06-25,SKU_1014,Coca Cola 2L Value,Coca Cola,Beverages,97.16,52,5052.32,0
2025-06-26,SKU_1014,Coca Cola 2L Value,Coca Cola,Beverages,106.62,45,4797.9,0
2025-06-27,SKU_1014,Coca Cola 2L Value,Coca Cola,Beverages,105.32,45,4739.4,0
2025-06-28,SKU_1014,Coca Cola 2L Value,Coca Cola,Beverages,110.63,49,5420.87,0
2025-06-29,SKU_1014,Coca Cola 2L Value,Coca Cola,Beverages,117.62,43,5057.66,0
