datasets/sales.csv
date,product_id,product_name,brand,category,selling_price,units_sold,revenue,promotion_discount_pct
2025-01-01,SKU_1015,Coca Cola 2L Family,Coca Cola,Beverages,130.26,56,7294.56,0
2025-01-02,SKU_1015,Coca Cola 2L Family,Coca Cola,Beverages,126.49,63,7968.87,0
2025-01-03,SKU_1015,Coca Cola 2L Family,Coca Cola,Beverages,136.09,51,6940.59,15
2025-01-04,SKU_1015,Coca Cola 2L Family,Coca Cola,Beverages,146.65,63,9238.95,15
2025-01-05,SKU_1015,Coca Cola 2L Family,Coca Cola,Beverages,143.71,59,8478.89,0
2025-01-06,SKU_1015,Coca Cola 2L Family,Coca Cola,Beverages,149.82,46,6891.72,0
2025-01-07,SKU_1015,Coca Cola 2L Family,Coca Cola,Beverages,155.71,41,6384.11,0
2025-01-08,SKU_1015,Coca Cola 2L Family,Coca Cola,Beverages,155.66,41,6382.06,0
2025-01-09,SKU_1015,Coca Cola 2L Family,Coca Cola,Beverages,158.39,39,6177.21,0
2025-01-10,SKU_1015,Coca Cola 2L Family,Coca Cola,Beverages,159.0,39,6201.0,10
2025-01-11,SKU_1015,Coca Cola 2L Family,Coca Cola,Beverages,161.77,42,6794.34,5
2025-01-12,SKU_1015,Coca Cola 2L Family,Coca Cola,Beverages,160.14,46,7366.44,0
2025-01-13,SKU_1015,Coca Cola 2L Family,Coca Cola,Beverages,168.46,33,5559.18,15
2025-01-14,SKU_1015,Coca Cola 2L Family,Coca Cola,Beverages,157.86,36,5682.96,0
2025-01-15,SKU_1015,Coca Cola 2L Family,Coca Cola,Beverages,153.76,38,5842.88,15
2025-01-16,SKU_1015,Coca Cola 2L Family,Coca Cola,Beverages,155.91,40,6236.4,0
2025-01-17,SKU_1015,Coca Cola 2L Family,Coca Cola,Beverages,146.66,39,5719.74,5
2025-01-18,SKU_1015,Coca Cola 2L Family,Coca Cola,Beverages,139.39,61,8502.79,0
2025-01-19,SKU_1015,Coca Cola 2L Family,Coca Cola,Beverages,142.55,59,8410.45,10
2025-01-20,SKU_1015,Coca Cola 2L Family,Coca Cola,Beverages,136.21,49,6674.29,5
2025-01-21,SKU_1015,Coca Cola 2L Family,Coca Cola,Beverages,126.5,54,6831.0,10
2025-01-22,SKU_1015,Coca Cola 2L Family,Coca Cola,Beverages,116.72,63,7353.36,10
2025-01-23,SKU_1015,Coca Cola 2L Family,Coca Cola,Beverages,114.89,64,7352.96,10
2025-01-24,SKU_1015,Coca Cola 2L Family,Coca Cola,Beverages,103.41,77,7962.57,0
2025-01-25,SKU_1015,Coca Cola 2L Family,Coca Cola,Beverages,105.21,85,8942.85,0
2025-01-26,SKU_1015,Coca Cola 2L Family,Coca Cola,Beverages,95.09,95,9033.55,0
2025-01-27,SKU_1015,Coca Cola 2L Family,Coca Cola,Beverages,91.12,81,7380.72,0
2025-01-28,SKU_1015,Coca Cola 2L Family,Coca Cola,Beverages,91.39,84,7676.76,15
2025-01-29,SKU_1015,Coca Cola 2L Family,Coca Cola,Beverages,92.06,84,7733.04,0
2025-01-30,SKU_1015,Coca Cola 2L Family,Coca Cola,Beverages,83.9,93,7802.7,15
2025-01-31,SKU_1015,Coca Cola 2L Family,Coca Cola,Beverages,86.87,89,7731.43,10
2025-02-01,SKU_1015,Coca Cola 2L Family,Coca Cola,Beverages,74.28,187,13890.36,15
2025-02-02,SKU_1015,Coca Cola 2L Family,Coca Cola,Beverages,75.21,169,12710.49,0
2025-02-03,SKU_1015,Coca Cola 2L Family,Coca Cola,Beverages,73.53,139,10220.67,0
2025-02-04,SKU_1015,Coca Cola 2L Family,Coca Cola,Beverages,76.57,132,10107.24,5
2025-02-05,SKU_1015,Coca Cola 2L Family,Coca Cola,Beverages,83.31,122,10163.82,10
2025-02-06,SKU_1015,Coca Cola 2L Family,Coca Cola,Beverages,86.42,117,10111.14,0
2025-02-07,SKU_1015,Coca Cola 2L Family,Coca Cola,Beverages,95.58,95,9080.1,0
2025-02-08,SKU_1015,Coca Cola 2L Family,Coca Cola,Beverages,87.35,143,12491.05,10
2025-02-09,SKU_1015,Coca Cola 2L Family,Coca Cola,Beverages,94.59,134,12675.06,10
2025-02-10,SKU_1015,Coca Cola 2L Family,Coca Cola,Beverages,106.14,90,9552.6,0
2025-02-11,SKU_1015,Coca Cola 2L Family,Coca Cola,Beverages,104.65,71,7430.15,0
2025-02-12,SKU_1015,Coca Cola 2L Family,Coca Cola,Beverages,116.8,63,7358.4,5
2025-02-13,SKU_1015,Coca Cola 2L Family,Coca Cola,Beverages,119.67,60,7180.2,0
2025-02-14,SKU_1015,Coca Cola 2L Family,Coca Cola,Beverages,128.09,55,7044.95,5
2025-02-15,SKU_1015,Coca Cola 2L Family,Coca Cola,Beverages,130.56,69,9008.64,0
2025-02-16,SKU_1015,Coca Cola 2L Family,Coca Cola,Beverages,134.94,60,8096.4,0
2025-02-17,SKU_1015,Coca Cola 2L Family,Coca Cola,Beverages,140.21,44,6169.24,0
2025-02-18,SKU_1015,Coca Cola 2L Family,Coca Cola,Beverages,149.5,46,6877.0,0
2025-02-19,SKU_1015,Coca Cola 2L Family,Coca Cola,Beverages,150.37,40,6014.8,0
2025-02-20,SKU_1015,Coca Cola 2L Family,Coca Cola,Beverages,161.08,38,6121.04,0
2025-02-21,SKU_1015,Coca Cola 2L Family,Coca Cola,Beverages,162.13,37,5998.81,0
2025-02-22,SKU_1015,Coca Cola 2L Family,Coca Cola,Beverages,167.06,47,7851.82,5
2025-02-23,SKU_1015,Coca Cola 2L Family,Coca Cola,Beverages,165.61,43,7121.23,10
2025-02-24,SKU_1015,Coca Cola 2L Family,Coca Cola,Beverages,169.47,35,5931.45,15
2025-02-25,SKU_1015,Coca Cola 2L Family,Coca Cola,Beverages,164.9,40,6596.0,5
2025-02-26,SKU_1015,Coca Cola 2L Family,Coca Cola,Beverages,169.0,36,6084.0,15
2025-02-27,SKU_1015,Coca Cola 2L Family,Coca Cola,Beverages,156.49,37,5790.13,15
2025-02-28,SKU_1015,Coca Cola 2L Family,Coca Cola,Beverages,158.59,34,5392.06,5
2025-03-01,SKU_1015,Coca Cola 2L Family,Coca Cola,Beverages,151.53,61,9243.33,0
2025-03-02,SKU_1015,Coca Cola 2L Family,Coca Cola,Beverages,153.77,64,9841.28,0
2025-03-03,SKU_1015,Coca Cola 2L Family,Coca Cola,Beverages,141.14,54,7621.56,0
2025-03-04,SKU_1015,Coca Cola 2L Family,Coca Cola,Beverages,139.92,58,8115.36,5
2025-03-05,SKU_1015,Coca Cola 2L Family,Coca Cola,Beverages,135.4,55,7447.0,10
2025-03-06,SKU_1015,Coca Cola 2L Family,Coca Cola,Beverages,126.29,65,8208.85,0
2025-03-07,SKU_1015,Coca Cola 2L Family,Coca Cola,Beverages,124.18,64,7947.52,10
2025-03-08,SKU_1015,Coca Cola 2L Family,Coca Cola,Beverages,113.51,102,11578.02,0
2025-03-09,SKU_1015,Coca Cola 2L Family,Coca Cola,Beverages,113.38,106,12018.28,10
2025-03-10,SKU_1015,Coca Cola 2L Family,Coca Cola,Beverages,97.65,185,18065.25,10
2025-03-11,SKU_1015,Coca Cola 2L Family,Coca Cola,Beverages,94.61,125,11826.25,10
2025-03-12,SKU_1015,Coca Cola 2L Family,Coca Cola,Beverages,97.99,112,10974.88,5
2025-03-13,SKU_1015,Coca Cola 2L Family,Coca Cola,Beverages,95.42,145,13835.9,15
2025-03-14,SKU_1015,Coca Cola 2L Family,Coca Cola,Beverages,91.43,163,14903.09,15
2025-03-15,SKU_1015,Coca Cola 2L Family,Coca Cola,Beverages,83.04,260,21590.4,10
2025-03-16,SKU_1015,Coca Cola 2L Family,Coca Cola,Beverages,86.63,229,19838.27,0
2025-03-17,SKU_1015,Coca Cola 2L Family,Coca Cola,Beverages,75.72,238,18021.36,0
2025-03-18,SKU_1015,Coca Cola 2L Family,Coca Cola,Beverages,82.42,112,9231.04,0
2025-03-19,SKU_1015,Coca Cola 2L Family,Coca Cola,Beverages,78.92,125,9865.0,0
2025-03-20,SKU_1015,Coca Cola 2L Family,Coca Cola,Beverages,78.09,128,9995.52,0
2025-03-21,SKU_1015,Coca Cola 2L Family,Coca Cola,Beverages,79.1,130,10283.0,0
2025-03-22,SKU_1015,Coca Cola 2L Family,Coca Cola,Beverages,81.84,137,11212.08,0
2025-03-23,SKU_1015,Coca Cola 2L Family,Coca Cola,Beverages,93.74,111,10405.14,0
2025-03-24,SKU_1015,Coca Cola 2L Family,Coca Cola,Beverages,98.14,90,8832.6,5
2025-03-25,SKU_1015,Coca Cola 2L Family,Coca Cola,Beverages,102.84,86,8844.24,0
2025-03-26,SKU_1015,Coca Cola 2L Family,Coca Cola,Beverages,99.17,74,7338.58,15
2025-03-27,SKU_1015,Coca Cola 2L Family,Coca Cola,Beverages,108.11,72,7783.92,10
2025-03-28,SKU_1015,Coca Cola 2L Family,Coca Cola,Beverages,108.79,71,7724.09,15
2025-03-29,SKU_1015,Coca Cola 2L Family,Coca Cola,Beverages,127.64,67,8551.88,0
2025-03-30,SKU_1015,Coca Cola 2L Family,Coca Cola,Beverages,128.46,66,8478.36,0
2025-03-31,SKU_1015,Coca Cola 2L Family,Coca Cola,Beverages,135.24,48,6491.52,0
2025-04-01,SKU_1015,Coca Cola 2L Family,Coca Cola,Beverages,139.69,55,7682.95,0
2025-04-02,SKU_1015,Coca Cola 2L Family,Coca Cola,Beverages,149.01,48,7152.48,10
2025-04-03,SKU_1015,Coca Cola 2L Family,Coca Cola,Beverages,143.78,57,8195.46,10
2025-04-04,SKU_1015,Coca Cola 2L Family,Coca Cola,Beverages,159.2,50,7960.0,0
2025-04-05,SKU_1015,Coca Cola 2L Family,Coca Cola,Beverages,161.78,52,8412.56,0
2025-04-06,SKU_1015,Coca Cola 2L Family,Coca Cola,Beverages,166.54,55,9159.7,0
2025-04-07,SKU_1015,Coca Cola 2L Family,Coca Cola,Beverages,165.72,40,6628.8,15
2025-04-08,SKU_1015,Coca Cola 2L Family,Coca Cola,Beverages,159.54,50,7977.0,0
2025-04-09,SKU_1015,Coca Cola 2L Family,Coca Cola,Beverages,169.81,43,7301.83,0
2025-04-10,SKU_1015,Coca Cola 2L Family,Coca Cola,Beverages,161.9,42,6799.8,0
2025-04-11,SKU_1015,Coca Cola 2L Family,Coca Cola,Beverages,165.0,38,6270.0,10
2025-04-12,SKU_1015,Coca Cola 2L Family,Coca Cola,Beverages,158.73,53,8412.69,0
2025-04-13,SKU_1015,Coca Cola 2L Family,Coca Cola,Beverages,158.5,50,7925.0,0
2025-04-14,SKU_1015,Coca Cola 2L Family,Coca Cola,Beverages,158.11,42,6640.62,0
2025-04-15,SKU_1015,Coca Cola 2L Family,Coca Cola,Beverages,156.02,44,6864.88,15
2025-04-16,SKU_1015,Coca Cola 2L Family,Coca Cola,Beverages,139.88,46,6434.48,0
2025-04-17,SKU_1015,Coca Cola 2L Family,Coca Cola,Beverages,141.99,47,6673.53,0
2025-04-18,SKU_1015,Coca Cola 2L Family,Coca Cola,Beverages,128.31,58,7441.98,0
2025-04-19,SKU_1015,Coca Cola 2L Family,Coca Cola,Beverages,132.85,71,9432.35,15
2025-04-20,SKU_1015,Coca Cola 2L Family,Coca Cola,Beverages,125.21,75,9390.75,10
2025-04-21,SKU_1015,Coca Cola 2L Family,Coca Cola,Beverages,110.19,77,8484.63,15
2025-04-22,SKU_1015,Coca Cola 2L Family,Coca Cola,Beverages,108.43,69,7481.67,10
2025-04-23,SKU_1015,Coca Cola 2L Family,Coca Cola,Beverages,100.56,87,8748.72,0
2025-04-24,SKU_1015,Coca Cola 2L Family,Coca Cola,Beverages,96.89,94,9107.66,10
2025-04-25,SKU_1015,Coca Cola 2L Family,Coca Cola,Beverages,87.11,109,9494.99,0
2025-04-26,SKU_1015,Coca Cola 2L Family,Coca Cola,Beverages,88.82,120,10658.4,5
2025-04-27,SKU_1015,Coca Cola 2L Family,Coca Cola,Beverages,79.96,136,10874.56,10
2025-04-28,SKU_1015,Coca Cola 2L Family,Coca Cola,Beverages,85.69,99,8483.31,0
2025-04-29,SKU_1015,Coca Cola 2L Family,Coca Cola,Beverages,80.41,116,9327.56,10
2025-04-30,SKU_1015,Coca Cola 2L Family,Coca Cola,Beverages,81.15,100,8115.0,15
2025-05-01,SKU_1015,Coca Cola 2L Family,Coca Cola,Beverages,72.74,151,10983.74,0
2025-05-02,SKU_1015,Coca Cola 2L Family,Coca Cola,Beverages,72.07,161,11603.27,0
2025-05-03,SKU_1015,Coca Cola 2L Family,Coca Cola,Beverages,79.31,167,13244.77,10
2025-05-04,SKU_1015,Coca Cola 2L Family,Coca Cola,Beverages,86.01,156,13417.56,15
2025-05-05,SKU_1015,Coca Cola 2L Family,Coca Cola,Beverages,81.06,130,10537.8,0
2025-05-06,SKU_1015,Coca Cola 2L Family,Coca Cola,Beverages,93.0,99,9207.0,0
2025-05-07,SKU_1015,Coca Cola 2L Family,Coca Cola,Beverages,87.29,125,10911.25,0
2025-05-08,SKU_1015,Coca Cola 2L Family,Coca Cola,Beverages,102.67,87,8932.29,10
2025-05-09,SKU_1015,Coca Cola 2L Family,Coca Cola,Beverages,106.07,86,9122.02,0
2025-05-10,SKU_1015,Coca Cola 2L Family,Coca Cola,Beverages,114.37,99,11322.63,10
2025-05-11,SKU_1015,Coca Cola 2L Family,Coca Cola,Beverages,112.5,83,9337.5,15
2025-05-12,SKU_1015,Coca Cola 2L Family,Coca Cola,Beverages,118.28,65,7688.2,0
2025-05-13,SKU_1015,Coca Cola 2L Family,Coca Cola,Beverages,132.32,52,6880.64,10
2025-05-14,SKU_1015,Coca Cola 2L Family,Coca Cola,Beverages,137.33,50,6866.5,15
2025-05-15,SKU_1015,Coca Cola 2L Family,Coca Cola,Beverages,145.94,48,7005.12,5
2025-05-16,SKU_1015,Coca Cola 2L Family,Coca Cola,Beverages,145.63,47,6844.61,10
2025-05-17,SKU_1015,Coca Cola 2L Family,Coca Cola,Beverages,146.4,54,7905.6,0
2025-05-18,SKU_1015,Coca Cola 2L Family,Coca Cola,Beverages,148.99,55,8194.45,0
2025-05-19,SKU_1015,Coca Cola 2L Family,Coca Cola,Beverages,151.48,44,6665.12,0
2025-05-20,SKU_1015,Coca Cola 2L Family,Coca Cola,Beverages,155.44,41,6373.04,0
2025-05-21,SKU_1015,Coca Cola 2L Family,Coca Cola,Beverages,163.23,39,6365.97,0
2025-05-22,SKU_1015,Coca Cola 2L Family,Coca Cola,Beverages,168.94,36,6081.84,0
2025-05-23,SKU_1015,Coca Cola 2L Family,Coca Cola,Beverages,166.41,35,5824.35,0
2025-05-24,SKU_1015,Coca Cola 2L Family,Coca Cola,Beverages,169.05,42,7100.1,10
2025-05-25,SKU_1015,Coca Cola 2L Family,Coca Cola,Beverages,169.12,45,7610.4,0
2025-05-26,SKU_1015,Coca Cola 2L Family,Coca Cola,Beverages,160.72,36,5785.92,5
2025-05-27,SKU_1015,Coca Cola 2L Family,Coca Cola,Beverages,154.62,34,5257.08,15
2025-05-28,SKU_1015,Coca Cola 2L Family,Coca Cola,Beverages,153.73,39,5995.47,10
2025-05-29,SKU_1015,Coca Cola 2L Family,Coca Cola,Beverages,146.37,40,5854.8,15
2025-05-30,SKU_1015,Coca Cola 2L Family,Coca Cola,Beverages,143.18,39,5584.02,10
2025-05-31,SKU_1015,Coca Cola 2L Family,Coca Cola,Beverages,133.48,60,8008.8,0
2025-06-01,SKU_1015,Coca Cola 2L Family,Coca Cola,Beverages,131.75,79,10408.25,0
2025-06-02,SKU_1015,Coca Cola 2L Family,Coca Cola,Beverages,125.52,60,7531.2,15
2025-06-03,SKU_1015,Coca Cola 2L Family,Coca Cola,Beverages,121.7,71,8640.7,15
2025-06-04,SKU_1015,Coca Cola 2L Family,Coca Cola,Beverages,108.91,78,8494.98,0
2025-06-05,SKU_1015,Coca Cola 2L Family,Coca Cola,Beverages,109.32,79,8636.28,5
2025-06-06,SKU_1015,Coca Cola 2L Family,Coca Cola,Beverages,109.57,77,8436.89,0
2025-06-07,SKU_1015,Coca Cola 2L Family,Coca Cola,Beverages,91.81,132,12118.92,10
2025-06-08,SKU_1015,Coca Cola 2L Family,Coca Cola,Beverages,93.07,131,12192.17,15
2025-06-09,SKU_1015,Coca Cola 2L Family,Coca Cola,Beverages,83.75,123,10301.25,0
2025-06-10,SKU_1015,Coca Cola 2L Family,Coca Cola,Beverages,89.31,116,10359.96,0
2025-06-11,SKU_1015,Coca Cola 2L Family,Coca Cola,Beverages,83.49,98,8182.02,5
2025-06-12,SKU_1015,Coca Cola 2L Family,Coca Cola,Beverages,73.07,137,10010.59,5
2025-06-13,SKU_1015,Coca Cola 2L Family,Coca Cola,Beverages,73.89,130,9605.7,0
2025-06-14,SKU_1015,Coca Cola 2L Family,Coca Cola,Beverages,83.92,128,10741.76,0
2025-06-15,SKU_1015,Coca Cola 2L Family,Coca Cola,Beverages,82.41,126,10383.66,10
2025-06-16,SKU_1015,Coca Cola 2L Family,Coca Cola,Beverages,81.69,107,8740.83,10
2025-06-17,SKU_1015,Coca Cola 2L Family,Coca Cola,Beverages,80.87,111,8976.57,0
2025-06-18,SKU_1015,Coca Cola 2L Family,Coca Cola,Beverages,92.26,88,8118.88,15
2025-06-19,SKU_1015,Coca Cola 2L Family,Coca Cola,Beverages,87.35,89,7774.15,15
2025-06-20,SKU_1015,Coca Cola 2L Family,Coca Cola,Beverages,93.02,90,8371.8,10
2025-06-21,SKU_1015,Coca Cola 2L Family,Coca Cola,Beverages,95.87,99,9491.13,0
2025-06-22,SKU_1015,Coca Cola 2L Family,Coca Cola,Beverages,101.49,97,9844.53,0
2025-06-23,SKU_1015,Coca Cola 2L Family,Coca Cola,Beverages,108.6,71,7710.6,15
2025-06-24,SKU_1015,Coca Cola 2L Family,Coca Cola,Beverages,108.78,70,7614.6,5
2025-06-25,SKU_1015,Coca Cola 2L Family,Coca Cola,Beverages,118.52,55,6518.6,0
2025-06-26,SKU_1015,Coca Cola 2L Family,Coca Cola,Beverages,132.66,44,5837.04,10
2025-06-27,SKU_1015,Coca Cola 2L Family,Coca Cola,Beverages,134.75,43,5794.25,5
2025-06-28,SKU_1015,Coca Cola 2L Family,Coca Cola,Beverages,145.76,48,6996.48,0
2025-06-29,SKU_1015,Coca Cola 2L Family,Coca Cola,Beverages,147.84,42,6209.28,15
