datasets/sales.csv
date,product_id,product_name,brand,category,selling_price,units_sold,revenue,promotion_discount_pct
2025-01-01,SKU_1016,Coke Zero 300ml Mini,Coca Cola,Beverages,24.06,153,3681.18,15
2025-01-02,SKU_1016,Coke Zero 300ml Mini,Coca Cola,Beverages,25.52,153,3904.56,10
2025-01-03,SKU_1016,Coke Zero 300ml Mini,Coca Cola,Beverages,28.65,118,3380.7,5
2025-01-04,SKU_1016,Coke Zero 300ml Mini,Coca Cola,Beverages,28.01,171,4789.71,5
2025-01-05,SKU_1016,Coke Zero 300ml Mini,Coca Cola,Beverages,30.3,134,4060.2,0
2025-01-06,SKU_1016,Coke Zero 300ml Mini,Coca Cola,Beverages,29.42,116,3412.72,0
2025-01-07,SKU_1016,Coke Zero 300ml Mini,Coca Cola,Beverages,29.76,114,3392.64,10
2025-01-08,SKU_1016,Coke Zero 300ml Mini,Coca Cola,Beverages,31.69,107,3390.83,10
2025-01-09,SKU_1016,Coke Zero 300ml Mini,Coca Cola,Beverages,30.66,113,3464.58,0
2025-01-10,SKU_1016,Coke Zero 300ml Mini,Coca Cola,Beverages,31.78,104,3305.12,0
2025-01-11,SKU_1016,Coke Zero 300ml Mini,Coca Cola,Beverages,32.36,117,3786.12,5
2025-01-12,SKU_1016,Coke Zero 300ml Mini,Coca Cola,Beverages,33.36,103,3436.08,0
2025-01-13,SKU_1016,Coke Zero 300ml Mini,Coca Cola,Beverages,31.56,92,2903.52,5
2025-01-14,SKU_1016,Coke Zero 300ml Mini,Coca Cola,Beverages,31.2,90,2808.0,15
2025-01-15,SKU_1016,Coke Zero 300ml Mini,Coca Cola,Beverages,30.94,99,3063.06,0
2025-01-16,SKU_1016,Coke Zero 300ml Mini,Coca Cola,Beverages,30.44,102,3104.88,0
2025-01-17,SKU_1016,Coke Zero 300ml Mini,Coca Cola,Beverages,29.21,105,3067.05,0
2025-01-18,SKU_1016,Coke Zero 300ml Mini,Coca Cola,Beverages,28.16,131,3688.96,0
2025-01-19,SKU_1016,Coke Zero 300ml Mini,Coca Cola,Beverages,27.79,152,4224.08,0
2025-01-20,SKU_1016,Coke Zero 300ml Mini,Coca Cola,Beverages,27.18,111,3016.98,10
2025-01-21,SKU_1016,Coke Zero 300ml Mini,Coca Cola,Beverages,23.62,146,3448.52,0
2025-01-22,SKU_1016,Coke Zero 300ml Mini,Coca Cola,Beverages,23.09,165,3809.85,0
2025-01-23,SKU_1016,Coke Zero 300ml Mini,Coca Cola,Beverages,22.58,161,3635.38,10
2025-01-24,SKU_1016,Coke Zero 300ml Mini,Coca Cola,Beverages,21.87,182,3980.34,0
2025-01-25,SKU_1016,Coke Zero 300ml Mini,Coca Cola,Beverages,19.71,234,4612.14,5
2025-01-26,SKU_1016,Coke Zero 300ml Mini,Coca Cola,Beverages,18.97,244,4628.68,5
2025-01-27,SKU_1016,Coke Zero 300ml Mini,Coca Cola,Beverages,17.43,223,3886.89,0
2025-01-28,SKU_1016,Coke Zero 300ml Mini,Coca Cola,Beverages,16.07,275,4419.25,0
2025-01-29,SKU_1016,Coke Zero 300ml Mini,Coca Cola,Beverages,17.42,223,3884.66,0
2025-01-30,SKU_1016,Coke Zero 300ml Mini,Coca Cola,Beverages,16.25,259,4208.75,0
2025-01-31,SKU_1016,Coke Zero 300ml Mini,Coca Cola,Beverages,15.56,264,4107.84,0
2025-02-01,SKU_1016,Coke Zero 300ml Mini,Coca Cola,Beverages,14.21,465,6607.65,0
2025-02-02,SKU_1016,Coke Zero 300ml Mini,Coca Cola,Beverages,14.26,499,7115.74,0
2025-02-03,SKU_1016,Coke Zero 300ml Mini,Coca Cola,Beverages,14.38,415,5967.7,0
2025-02-04,SKU_1016,Coke Zero 300ml Mini,Coca Cola,Beverages,16.99,302,5130.98,15
2025-02-05,SKU_1016,Coke Zero 300ml Mini,Coca Cola,Beverages,15.19,363,5513.97,0
2025-02-06,SKU_1016,Coke Zero 300ml Mini,Coca Cola,Beverages,16.58,315,5222.7,5
2025-02-07,SKU_1016,Coke Zero 300ml Mini,Coca Cola,Beverages,18.57,284,5273.88,5
2025-02-08,SKU_1016,Coke Zero 300ml Mini,Coca Cola,Beverages,17.63,381,6717.03,0
2025-02-09,SKU_1016,Coke Zero 300ml Mini,Coca Cola,Beverages,18.78,340,6385.2,10
2025-02-10,SKU_1016,Coke Zero 300ml Mini,Coca Cola,Beverages,20.27,214,4337.78,10
2025-02-11,SKU_1016,Coke Zero 300ml Mini,Coca Cola,Beverages,20.42,208,4247.36,5
2025-02-12,SKU_1016,Coke Zero 300ml Mini,Coca Cola,Beverages,22.6,179,4045.4,15
2025-02-13,SKU_1016,Coke Zero 300ml Mini,Coca Cola,Beverages,24.47,148,3621.56,0
2025-02-14,SKU_1016,Coke Zero 300ml Mini,Coca Cola,Beverages,25.32,148,3747.36,0
2025-02-15,SKU_1016,Coke Zero 300ml Mini,Coca Cola,Beverages,25.13,168,4221.84,5
2025-02-16,SKU_1016,Coke Zero 300ml Mini,Coca Cola,Beverages,26.21,166,4350.86,15
2025-02-17,SKU_1016,Coke Zero 300ml Mini,Coca Cola,Beverages,27.18,136,3696.48,5
2025-02-18,SKU_1016,Coke Zero 300ml Mini,Coca Cola,Beverages,29.69,103,3058.07,10
2025-02-19,SKU_1016,Coke Zero 300ml Mini,Coca Cola,Beverages,30.93,98,3031.14,15
2025-02-20,SKU_1016,Coke Zero 300ml Mini,Coca Cola,Beverages,31.52,98,3088.96,5
2025-02-21,SKU_1016,Coke Zero 300ml Mini,Coca Cola,Beverages,31.0,100,3100.0,0
2025-02-22,SKU_1016,Coke Zero 300ml Mini,Coca Cola,Beverages,31.89,125,3986.25,15
2025-02-23,SKU_1016,Coke Zero 300ml Mini,Coca Cola,Beverages,33.21,108,3586.68,0
2025-02-24,SKU_1016,Coke Zero 300ml Mini,Coca Cola,Beverages,32.61,91,2967.51,0
2025-02-25,SKU_1016,Coke Zero 300ml Mini,Coca Cola,Beverages,31.78,94,2987.32,15
2025-02-26,SKU_1016,Coke Zero 300ml Mini,Coca Cola,Beverages,33.23,90,2990.7,0
2025-02-27,SKU_1016,Coke Zero 300ml Mini,Coca Cola,Beverages,30.81,104,3204.24,0
2025-02-28,SKU_1016,Coke Zero 300ml Mini,Coca Cola,Beverages,31.14,89,2771.46,0
2025-03-01,SKU_1016,Coke Zero 300ml Mini,Coca Cola,Beverages,31.04,160,4966.4,5
2025-03-02,SKU_1016,Coke Zero 300ml Mini,Coca Cola,Beverages,30.68,147,4509.96,15
2025-03-03,SKU_1016,Coke Zero 300ml Mini,Coca Cola,Beverages,29.38,127,3731.26,5
2025-03-04,SKU_1016,Coke Zero 300ml Mini,Coca Cola,Beverages,28.61,146,4177.06,5
2025-03-05,SKU_1016,Coke Zero 300ml Mini,Coca Cola,Beverages,24.82,166,4120.12,15
2025-03-06,SKU_1016,Coke Zero 300ml Mini,Coca Cola,Beverages,25.26,179,4521.54,10
2025-03-07,SKU_1016,Coke Zero 300ml Mini,Coca Cola,Beverages,25.12,173,4345.76,15
2025-03-08,SKU_1016,Coke Zero 300ml Mini,Coca Cola,Beverages,21.23,257,5456.11,10
2025-03-09,SKU_1016,Coke Zero 300ml Mini,Coca Cola,Beverages,20.99,279,5856.21,0
2025-03-10,SKU_1016,Coke Zero 300ml Mini,Coca Cola,Beverages,20.87,394,8222.78,10
2025-03-11,SKU_1016,Coke Zero 300ml Mini,Coca Cola,Beverages,19.08,407,7765.56,0
2025-03-12,SKU_1016,Coke Zero 300ml Mini,Coca Cola,Beverages,19.22,335,6438.7,10
2025-03-13,SKU_1016,Coke Zero 300ml Mini,Coca Cola,Beverages,17.95,377,6767.15,0
2025-03-14,SKU_1016,Coke Zero 300ml Mini,Coca Cola,Beverages,15.64,463,7241.32,0
2025-03-15,SKU_1016,Coke Zero 300ml Mini,Coca Cola,Beverages,17.29,511,8835.19,15
2025-03-16,SKU_1016,Coke Zero 300ml Mini,Coca Cola,Beverages,15.3,669,10235.7,0
2025-03-17,SKU_1016,Coke Zero 300ml Mini,Coca Cola,Beverages,14.26,611,8712.86,0
2025-03-18,SKU_1016,Coke Zero 300ml Mini,Coca Cola,Beverages,15.94,285,4542.9,0
2025-03-19,SKU_1016,Coke Zero 300ml Mini,Coca Cola,Beverages,15.97,324,5174.28,5
2025-03-20,SKU_1016,Coke Zero 300ml Mini,Coca Cola,Beverages,14.97,350,5239.5,0
2025-03-21,SKU_1016,Coke Zero 300ml Mini,Coca Cola,Beverages,17.02,267,4544.34,5
2025-03-22,SKU_1016,Coke Zero 300ml Mini,Coca Cola,Beverages,17.86,321,5733.06,0
2025-03-23,SKU_1016,Coke Zero 300ml Mini,Coca Cola,Beverages,17.02,352,5991.04,0
2025-03-24,SKU_1016,Coke Zero 300ml Mini,Coca Cola,Beverages,17.57,260,4568.2,10
2025-03-25,SKU_1016,Coke Zero 300ml Mini,Coca Cola,Beverages,17.92,267,4784.64,15
2025-03-26,SKU_1016,Coke Zero 300ml Mini,Coca Cola,Beverages,19.11,216,4127.76,0
2025-03-27,SKU_1016,Coke Zero 300ml Mini,Coca Cola,Beverages,20.76,174,3612.24,10
2025-03-28,SKU_1016,Coke Zero 300ml Mini,Coca Cola,Beverages,21.52,169,3636.88,15
2025-03-29,SKU_1016,Coke Zero 300ml Mini,Coca Cola,Beverages,23.41,206,4822.46,0
2025-03-30,SKU_1016,Coke Zero 300ml Mini,Coca Cola,Beverages,24.92,186,4635.12,0
2025-03-31,SKU_1016,Coke Zero 300ml Mini,Coca Cola,Beverages,26.78,123,3293.94,15
2025-04-01,SKU_1016,Coke Zero 300ml Mini,Coca Cola,Beverages,28.19,137,3862.03,0
2025-04-02,SKU_1016,Coke Zero 300ml Mini,Coca Cola,Beverages,29.42,125,3677.5,0
2025-04-03,SKU_1016,Coke Zero 300ml Mini,Coca Cola,Beverages,28.25,147,4152.75,5
2025-04-04,SKU_1016,Coke Zero 300ml Mini,Coca Cola,Beverages,30.6,131,4008.6,0
2025-04-05,SKU_1016,Coke Zero 300ml Mini,Coca Cola,Beverages,30.43,151,4594.93,0
2025-04-06,SKU_1016,Coke Zero 300ml Mini,Coca Cola,Beverages,30.98,162,5018.76,5
2025-04-07,SKU_1016,Coke Zero 300ml Mini,Coca Cola,Beverages,31.19,130,4054.7,0
2025-04-08,SKU_1016,Coke Zero 300ml Mini,Coca Cola,Beverages,33.35,103,3435.05,0
2025-04-09,SKU_1016,Coke Zero 300ml Mini,Coca Cola,Beverages,32.15,112,3600.8,0
2025-04-10,SKU_1016,Coke Zero 300ml Mini,Coca Cola,Beverages,31.29,116,3629.64,0
2025-04-11,SKU_1016,Coke Zero 300ml Mini,Coca Cola,Beverages,31.61,107,3382.27,10
2025-04-12,SKU_1016,Coke Zero 300ml Mini,Coca Cola,Beverages,30.95,129,3992.55,0
2025-04-13,SKU_1016,Coke Zero 300ml Mini,Coca Cola,Beverages,31.15,134,4174.1,0
2025-04-14,SKU_1016,Coke Zero 300ml Mini,Coca Cola,Beverages,30.08,108,3248.64,0
2025-04-15,SKU_1016,Coke Zero 300ml Mini,Coca Cola,Beverages,30.04,116,3484.64,0
2025-04-16,SKU_1016,Coke Zero 300ml Mini,Coca Cola,Beverages,28.81,122,3514.82,0
2025-04-17,SKU_1016,Coke Zero 300ml Mini,Coca Cola,Beverages,27.01,140,3781.4,5
2025-04-18,SKU_1016,Coke Zero 300ml Mini,Coca Cola,Beverages,25.39,143,3630.77,5
2025-04-19,SKU_1016,Coke Zero 300ml Mini,Coca Cola,Beverages,25.18,199,5010.82,0
2025-04-20,SKU_1016,Coke Zero 300ml Mini,Coca Cola,Beverages,23.24,224,5205.76,0
2025-04-21,SKU_1016,Coke Zero 300ml Mini,Coca Cola,Beverages,21.69,185,4012.65,0
2025-04-22,SKU_1016,Coke Zero 300ml Mini,Coca Cola,Beverages,20.67,212,4382.04,5
2025-04-23,SKU_1016,Coke Zero 300ml Mini,Coca Cola,Beverages,19.95,198,3950.1,5
2025-04-24,SKU_1016,Coke Zero 300ml Mini,Coca Cola,Beverages,20.36,222,4519.92,0
2025-04-25,SKU_1016,Coke Zero 300ml Mini,Coca Cola,Beverages,18.24,256,4669.44,10
2025-04-26,SKU_1016,Coke Zero 300ml Mini,Coca Cola,Beverages,17.93,273,4894.89,15
2025-04-27,SKU_1016,Coke Zero 300ml Mini,Coca Cola,Beverages,18.03,295,5318.85,15
2025-04-28,SKU_1016,Coke Zero 300ml Mini,Coca Cola,Beverages,15.66,299,4682.34,0
2025-04-29,SKU_1016,Coke Zero 300ml Mini,Coca Cola,Beverages,15.0,292,4380.0,0
2025-04-30,SKU_1016,Coke Zero 300ml Mini,Coca Cola,Beverages,16.3,291,4743.3,10
2025-05-01,SKU_1016,Coke Zero 300ml Mini,Coca Cola,Beverages,14.33,424,6075.92,0
2025-05-02,SKU_1016,Coke Zero 300ml Mini,Coca Cola,Beverages,15.04,359,5399.36,0
2025-05-03,SKU_1016,Coke Zero 300ml Mini,Coca Cola,Beverages,16.97,417,7076.49,0
2025-05-04,SKU_1016,Coke Zero 300ml Mini,Coca Cola,Beverages,16.24,427,6934.48,15
2025-05-05,SKU_1016,Coke Zero 300ml Mini,Coca Cola,Beverages,18.08,278,5026.24,15
2025-05-06,SKU_1016,Coke Zero 300ml Mini,Coca Cola,Beverages,16.27,330,5369.1,0
2025-05-07,SKU_1016,Coke Zero 300ml Mini,Coca Cola,Beverages,18.88,260,4908.8,0
2025-05-08,SKU_1016,Coke Zero 300ml Mini,Coca Cola,Beverages,19.07,256,4881.92,0
2025-05-09,SKU_1016,Coke Zero 300ml Mini,Coca Cola,Beverages,20.01,258,5162.58,0
2025-05-10,SKU_1016,Coke Zero 300ml Mini,Coca Cola,Beverages,20.41,281,5735.21,0
2025-05-11,SKU_1016,Coke Zero 300ml Mini,Coca Cola,Beverages,22.17,212,4700.04,0
2025-05-12,SKU_1016,Coke Zero 300ml Mini,Coca Cola,Beverages,24.35,145,3530.75,0
2025-05-13,SKU_1016,Coke Zero 300ml Mini,Coca Cola,Beverages,26.3,140,3682.0,5
2025-05-14,SKU_1016,Coke Zero 300ml Mini,Coca Cola,Beverages,26.23,142,3724.66,15
2025-05-15,SKU_1016,Coke Zero 300ml Mini,Coca Cola,Beverages,27.08,133,3601.64,10
2025-05-16,SKU_1016,Coke Zero 300ml Mini,Coca Cola,Beverages,28.34,118,3344.12,0
2025-05-17,SKU_1016,Coke Zero 300ml Mini,Coca Cola,Beverages,29.3,137,4014.1,15
2025-05-18,SKU_1016,Coke Zero 300ml Mini,Coca Cola,Beverages,28.94,147,4254.18,0
2025-05-19,SKU_1016,Coke Zero 300ml Mini,Coca Cola,Beverages,32.27,98,3162.46,5
2025-05-20,SKU_1016,Coke Zero 300ml Mini,Coca Cola,Beverages,32.32,95,3070.4,5
2025-05-21,SKU_1016,Coke Zero 300ml Mini,Coca Cola,Beverages,33.03,99,3269.97,0
2025-05-22,SKU_1016,Coke Zero 300ml Mini,Coca Cola,Beverages,32.77,86,2818.22,0
2025-05-23,SKU_1016,Coke Zero 300ml Mini,Coca Cola,Beverages,33.23,88,2924.24,0
2025-05-24,SKU_1016,Coke Zero 300ml Mini,Coca Cola,Beverages,30.9,137,4233.3,5
2025-05-25,SKU_1016,Coke Zero 300ml Mini,Coca Cola,Beverages,30.86,122,3764.92,10
2025-05-26,SKU_1016,Coke Zero 300ml Mini,Coca Cola,Beverages,30.95,90,2785.5,5
2025-05-27,SKU_1016,Coke Zero 300ml Mini,Coca Cola,Beverages,29.81,102,3040.62,0
2025-05-28,SKU_1016,Coke Zero 300ml Mini,Coca Cola,Beverages,29.28,99,2898.72,10
2025-05-29,SKU_1016,Coke Zero 300ml Mini,Coca Cola,Beverages,28.66,106,3037.96,0
2025-05-30,SKU_1016,Coke Zero 300ml Mini,Coca Cola,Beverages,28.79,95,2735.05,0
2025-05-31,SKU_1016,Coke Zero 300ml Mini,Coca Cola,Beverages,28.45,129,3670.05,10
2025-06-01,SKU_1016,Coke Zero 300ml Mini,Coca Cola,Beverages,26.85,178,4779.3,0
2025-06-02,SKU_1016,Coke Zero 300ml Mini,Coca Cola,Beverages,23.69,170,4027.3,0
2025-06-03,SKU_1016,Coke Zero 300ml Mini,Coca Cola,Beverages,24.6,178,4378.8,10
2025-06-04,SKU_1016,Coke Zero 300ml Mini,Coca Cola,Beverages,23.65,182,4304.3,5
2025-06-05,SKU_1016,Coke Zero 300ml Mini,Coca Cola,Beverages,20.26,231,4680.06,5
2025-06-06,SKU_1016,Coke Zero 300ml Mini,Coca Cola,Beverages,20.88,228,4760.64,10
2025-06-07,SKU_1016,Coke Zero 300ml Mini,Coca Cola,Beverages,18.33,306,5608.98,0
2025-06-08,SKU_1016,Coke Zero 300ml Mini,Coca Cola,Beverages,17.8,324,5767.2,0
2025-06-09,SKU_1016,Coke Zero 300ml Mini,Coca Cola,Beverages,17.01,276,4694.76,15
2025-06-10,SKU_1016,Coke Zero 300ml Mini,Coca Cola,Beverages,16.48,284,4680.32,10
2025-06-11,SKU_1016,Coke Zero 300ml Mini,Coca Cola,Beverages,16.2,267,4325.4,15
2025-06-12,SKU_1016,Coke Zero 300ml Mini,Coca Cola,Beverages,15.56,281,4372.36,15
2025-06-13,SKU_1016,Coke Zero 300ml Mini,Coca Cola,Beverages,16.29,277,4512.33,0
2025-06-14,SKU_1016,Coke Zero 300ml Mini,Coca Cola,Beverages,14.02,419,5874.38,0
2025-06-15,SKU_1016,Coke Zero 300ml Mini,Coca Cola,Beverages,15.25,365,5566.25,10
2025-06-16,SKU_1016,Coke Zero 300ml Mini,Coca Cola,Beverages,15.37,304,4672.48,0
2025-06-17,SKU_1016,Coke Zero 300ml Mini,Coca Cola,Beverages,17.35,255,4424.25,5
2025-06-18,SKU_1016,Coke Zero 300ml Mini,Coca Cola,Beverages,17.63,245,4319.35,0
2025-06-19,SKU_1016,Coke Zero 300ml Mini,Coca Cola,Beverages,17.85,228,4069.8,0
2025-06-20,SKU_1016,Coke Zero 300ml Mini,Coca Cola,Beverages,17.25,231,3984.75,0
2025-06-21,SKU_1016,Coke Zero 300ml Mini,Coca Cola,Beverages,18.85,251,4731.35,15
2025-06-22,SKU_1016,Coke Zero 300ml Mini,Coca Cola,Beverages,19.5,259,5050.5,5
2025-06-23,SKU_1016,Coke Zero 300ml Mini,Coca Cola,Beverages,21.01,179,3760.79,5
2025-06-24,SKU_1016,Coke Zero 300ml Mini,Coca Cola,Beverages,22.31,163,3636.53,5
2025-06-25,SKU_1016,Coke Zero 300ml Mini,Coca Cola,Beverages,23.44,138,3234.72,10
2025-06-26,SKU_1016,Coke Zero 300ml Mini,Coca Cola,Beverages,25.33,120,3039.6,0
2025-06-27,SKU_1016,Coke Zero 300ml Mini,Coca Cola,Beverages,26.28,111,2917.08,0
2025-06-28,SKU_1016,Coke Zero 300ml Mini,Coca Cola,Beverages,27.67,122,3375.74,0
2025-06-29,SKU_1016,Coke Zero 300ml Mini,Coca Cola,Beverages,27.08,138,3737.04,15
