datasets/sales.csv
date,product_id,product_name,brand,category,selling_price,units_sold,revenue,promotion_discount_pct
2025-01-01,SKU_1017,Coke Zero 300ml Regular,Coca Cola,Beverages,34.22,79,2703.38,0
2025-01-02,SKU_1017,Coke Zero 300ml Regular,Coca Cola,Beverages,35.68,70,2497.6,0
2025-01-03,SKU_1017,Coke Zero 300ml Regular,Coca Cola,Beverages,38.73,64,2478.72,10
2025-01-04,SKU_1017,Coke Zero 300ml Regular,Coca Cola,Beverages,40.57,75,3042.75,0
2025-01-05,SKU_1017,Coke Zero 300ml Regular,Coca Cola,Beverages,42.33,68,2878.44,0
2025-01-06,SKU_1017,Coke Zero 300ml Regular,Coca Cola,Beverages,41.9,50,2095.0,0
2025-01-07,SKU_1017,Coke Zero 300ml Regular,Coca Cola,Beverages,43.13,54,2329.02,10
2025-01-08,SKU_1017,Coke Zero 300ml Regular,Coca Cola,Beverages,43.08,50,2154.0,15
2025-01-09,SKU_1017,Coke Zero 300ml Regular,Coca Cola,Beverages,47.49,47,2232.03,0
2025-01-10,SKU_1017,Coke Zero 300ml Regular,Coca Cola,Beverages,45.91,47,2157.77,0
2025-01-11,SKU_1017,Coke Zero 300ml Regular,Coca Cola,Beverages,46.56,53,2467.68,0
2025-01-12,SKU_1017,Coke Zero 300ml Regular,Coca Cola,Beverages,45.46,51,2318.46,0
2025-01-13,SKU_1017,Coke Zero 300ml Regular,Coca Cola,Beverages,46.5,43,1999.5,0
2025-01-14,SKU_1017,Coke Zero 300ml Regular,Coca Cola,Beverages,43.33,43,1863.19,0
2025-01-15,SKU_1017,Coke Zero 300ml Regular,Coca Cola,Beverages,43.85,42,1841.7,0
2025-01-16,SKU_1017,Coke Zero 300ml Regular,Coca Cola,Beverages,43.75,47,2056.25,10
2025-01-17,SKU_1017,Coke Zero 300ml Regular,Coca Cola,Beverages,43.31,46,1992.26,15
2025-01-18,SKU_1017,Coke Zero 300ml Regular,Coca Cola,Beverages,39.19,67,2625.73,10
2025-01-19,SKU_1017,Coke Zero 300ml Regular,Coca Cola,Beverages,38.7,72,2786.4,5
2025-01-20,SKU_1017,Coke Zero 300ml Regular,Coca Cola,Beverages,39.13,54,2113.02,0
2025-01-21,SKU_1017,Coke Zero 300ml Regular,Coca Cola,Beverages,36.13,63,2276.19,5
2025-01-22,SKU_1017,Coke Zero 300ml Regular,Coca Cola,Beverages,32.48,68,2208.64,0
2025-01-23,SKU_1017,Coke Zero 300ml Regular,Coca Cola,Beverages,34.15,71,2424.65,15
2025-01-24,SKU_1017,Coke Zero 300ml Regular,Coca Cola,Beverages,28.73,90,2585.7,5
2025-01-25,SKU_1017,Coke Zero 300ml Regular,Coca Cola,Beverages,28.74,121,3477.54,5
2025-01-26,SKU_1017,Coke Zero 300ml Regular,Coca Cola,Beverages,28.91,104,3006.64,5
2025-01-27,SKU_1017,Coke Zero 300ml Regular,Coca Cola,Beverages,27.46,87,2389.02,0
2025-01-28,SKU_1017,Coke Zero 300ml Regular,Coca Cola,Beverages,25.04,97,2428.88,0
2025-01-29,SKU_1017,Coke Zero 300ml Regular,Coca Cola,Beverages,25.89,104,2692.56,5
2025-01-30,SKU_1017,Coke Zero 300ml Regular,Coca Cola,Beverages,21.12,140,2956.8,5
2025-01-31,SKU_1017,Coke Zero 300ml Regular,Coca Cola,Beverages,23.53,115,2705.95,5
2025-02-01,SKU_1017,Coke Zero 300ml Regular,Coca Cola,Beverages,23.57,179,4219.03,0
2025-02-02,SKU_1017,Coke Zero 300ml Regular,Coca Cola,Beverages,20.63,222,4579.86,15
2025-02-03,SKU_1017,Coke Zero 300ml Regular,Coca Cola,Beverages,22.56,157,3541.92,0
2025-02-04,SKU_1017,Coke Zero 300ml Regular,Coca Cola,Beverages,22.05,153,3373.65,0
2025-02-05,SKU_1017,Coke Zero 300ml Regular,Coca Cola,Beverages,23.1,142,3280.2,0
2025-02-06,SKU_1017,Coke Zero 300ml Regular,Coca Cola,Beverages,23.98,135,3237.3,0
2025-02-07,SKU_1017,Coke Zero 300ml Regular,Coca Cola,Beverages,23.21,158,3667.18,5
2025-02-08,SKU_1017,Coke Zero 300ml Regular,Coca Cola,Beverages,26.85,154,4134.9,10
2025-02-09,SKU_1017,Coke Zero 300ml Regular,Coca Cola,Beverages,27.92,131,3657.52,10
2025-02-10,SKU_1017,Coke Zero 300ml Regular,Coca Cola,Beverages,27.4,124,3397.6,5
2025-02-11,SKU_1017,Coke Zero 300ml Regular,Coca Cola,Beverages,29.35,84,2465.4,5
2025-02-12,SKU_1017,Coke Zero 300ml Regular,Coca Cola,Beverages,32.68,75,2451.0,10
2025-02-13,SKU_1017,Coke Zero 300ml Regular,Coca Cola,Beverages,34.03,76,2586.28,10
2025-02-14,SKU_1017,Coke Zero 300ml Regular,Coca Cola,Beverages,37.12,61,2264.32,10
2025-02-15,SKU_1017,Coke Zero 300ml Regular,Coca Cola,Beverages,36.25,75,2718.75,10
2025-02-16,SKU_1017,Coke Zero 300ml Regular,Coca Cola,Beverages,37.28,71,2646.88,0
2025-02-17,SKU_1017,Coke Zero 300ml Regular,Coca Cola,Beverages,40.31,59,2378.29,0
2025-02-18,SKU_1017,Coke Zero 300ml Regular,Coca Cola,Beverages,41.69,49,2042.81,5
2025-02-19,SKU_1017,Coke Zero 300ml Regular,Coca Cola,Beverages,44.64,45,2008.8,0
2025-02-20,SKU_1017,Coke Zero 300ml Regular,Coca Cola,Beverages,45.16,43,1941.88,10
2025-02-21,SKU_1017,Coke Zero 300ml Regular,Coca Cola,Beverages,44.82,48,2151.36,0
2025-02-22,SKU_1017,Coke Zero 300ml Regular,Coca Cola,Beverages,43.57,57,2483.49,5
2025-02-23,SKU_1017,Coke Zero 300ml Regular,Coca Cola,Beverages,44.96,60,2697.6,10
2025-02-24,SKU_1017,Coke Zero 300ml Regular,Coca Cola,Beverages,45.23,43,1944.89,15
2025-02-25,SKU_1017,Coke Zero 300ml Regular,Coca Cola,Beverages,46.22,41,1895.02,5
2025-02-26,SKU_1017,Coke Zero 300ml Regular,Coca Cola,Beverages,44.49,43,1913.07,0
2025-02-27,SKU_1017,Coke Zero 300ml Regular,Coca Cola,Beverages,45.58,39,1777.62,0
2025-02-28,SKU_1017,Coke Zero 300ml Regular,Coca Cola,Beverages,42.9,48,2059.2,0
2025-03-01,SKU_1017,Coke Zero 300ml Regular,Coca Cola,Beverages,42.08,76,3198.08,0
2025-03-02,SKU_1017,Coke Zero 300ml Regular,Coca Cola,Beverages,42.09,79,3325.11,15
2025-03-03,SKU_1017,Coke Zero 300ml Regular,Coca Cola,Beverages,39.42,64,2522.88,0
2025-03-04,SKU_1017,Coke Zero 300ml Regular,Coca Cola,Beverages,39.72,65,2581.8,0
2025-03-05,SKU_1017,Coke Zero 300ml Regular,Coca Cola,Beverages,38.99,71,2768.29,0
2025-03-06,SKU_1017,Coke Zero 300ml Regular,Coca Cola,Beverages,35.19,86,3026.34,10
2025-03-07,SKU_1017,Coke Zero 300ml Regular,Coca Cola,Beverages,35.8,83,2971.4,0
2025-03-08,SKU_1017,Coke Zero 300ml Regular,Coca Cola,Beverages,32.38,117,3788.46,10
2025-03-09,SKU_1017,Coke Zero 300ml Regular,Coca Cola,Beverages,29.58,131,3874.98,0
2025-03-10,SKU_1017,Coke Zero 300ml Regular,Coca Cola,Beverages,30.83,161,4963.63,5
2025-03-11,SKU_1017,Coke Zero 300ml Regular,Coca Cola,Beverages,27.25,149,4060.25,0
2025-03-12,SKU_1017,Coke Zero 300ml Regular,Coca Cola,Beverages,24.45,230,5623.5,10
2025-03-13,SKU_1017,Coke Zero 300ml Regular,Coca Cola,Beverages,24.47,176,4306.72,5
2025-03-14,SKU_1017,Coke Zero 300ml Regular,Coca Cola,Beverages,25.61,235,6018.35,5
2025-03-15,SKU_1017,Coke Zero 300ml Regular,Coca Cola,Beverages,24.12,207,4992.84,0
2025-03-16,SKU_1017,Coke Zero 300ml Regular,Coca Cola,Beverages,23.71,222,5263.62,10
2025-03-17,SKU_1017,Coke Zero 300ml Regular,Coca Cola,Beverages,20.86,342,7134.12,5
2025-03-18,SKU_1017,Coke Zero 300ml Regular,Coca Cola,Beverages,21.71,143,3104.53,0
2025-03-19,SKU_1017,Coke Zero 300ml Regular,Coca Cola,Beverages,21.39,154,3294.06,15
2025-03-20,SKU_1017,Coke Zero 300ml Regular,Coca Cola,Beverages,24.21,131,3171.51,0
2025-03-21,SKU_1017,Coke Zero 300ml Regular,Coca Cola,Beverages,24.04,119,2860.76,10
2025-03-22,SKU_1017,Coke Zero 300ml Regular,Coca Cola,Beverages,23.38,182,4255.16,0
2025-03-23,SKU_1017,Coke Zero 300ml Regular,Coca Cola,Beverages,23.71,170,4030.7,0
2025-03-24,SKU_1017,Coke Zero 300ml Regular,Coca Cola,Beverages,24.38,120,2925.6,10
2025-03-25,SKU_1017,Coke Zero 300ml Regular,Coca Cola,Beverages,29.38,100,2938.0,5
2025-03-26,SKU_1017,Coke Zero 300ml Regular,Coca Cola,Beverages,28.49,86,2450.14,5
2025-03-27,SKU_1017,Coke Zero 300ml Regular,Coca Cola,Beverages,30.37,78,2368.86,15
2025-03-28,SKU_1017,Coke Zero 300ml Regular,Coca Cola,Beverages,30.78,80,2462.4,0
2025-03-29,SKU_1017,Coke Zero 300ml Regular,Coca Cola,Beverages,34.18,84,2871.12,10
2025-03-30,SKU_1017,Coke Zero 300ml Regular,Coca Cola,Beverages,36.31,82,2977.42,10
2025-03-31,SKU_1017,Coke Zero 300ml Regular,Coca Cola,Beverages,37.0,59,2183.0,10
2025-04-01,SKU_1017,Coke Zero 300ml Regular,Coca Cola,Beverages,39.21,66,2587.86,10
2025-04-02,SKU_1017,Coke Zero 300ml Regular,Coca Cola,Beverages,39.68,72,2856.96,0
2025-04-03,SKU_1017,Coke Zero 300ml Regular,Coca Cola,Beverages,43.42,59,2561.78,10
2025-04-04,SKU_1017,Coke Zero 300ml Regular,Coca Cola,Beverages,41.62,66,2746.92,5
2025-04-05,SKU_1017,Coke Zero 300ml Regular,Coca Cola,Beverages,44.18,74,3269.32,15
2025-04-06,SKU_1017,Coke Zero 300ml Regular,Coca Cola,Beverages,46.33,61,2826.13,10
2025-04-07,SKU_1017,Coke Zero 300ml Regular,Coca Cola,Beverages,43.9,58,2546.2,10
2025-04-08,SKU_1017,Coke Zero 300ml Regular,Coca Cola,Beverages,44.56,60,2673.6,0
2025-04-09,SKU_1017,Coke Zero 300ml Regular,Coca Cola,Beverages,46.37,54,2503.98,10
2025-04-10,SKU_1017,Coke Zero 300ml Regular,Coca Cola,Beverages,46.52,51,2372.52,0
2025-04-11,SKU_1017,Coke Zero 300ml Regular,Coca Cola,Beverages,46.12,48,2213.76,0
2025-04-12,SKU_1017,Coke Zero 300ml Regular,Coca Cola,Beverages,44.06,57,2511.42,5
2025-04-13,SKU_1017,Coke Zero 300ml Regular,Coca Cola,Beverages,45.66,58,2648.28,0
2025-04-14,SKU_1017,Coke Zero 300ml Regular,Coca Cola,Beverages,44.83,47,2107.01,15
2025-04-15,SKU_1017,Coke Zero 300ml Regular,Coca Cola,Beverages,40.95,53,2170.35,0
2025-04-16,SKU_1017,Coke Zero 300ml Regular,Coca Cola,Beverages,42.42,50,2121.0,10
2025-04-17,SKU_1017,Coke Zero 300ml Regular,Coca Cola,Beverages,37.61,62,2331.82,5
2025-04-18,SKU_1017,Coke Zero 300ml Regular,Coca Cola,Beverages,36.17,64,2314.88,0
2025-04-19,SKU_1017,Coke Zero 300ml Regular,Coca Cola,Beverages,37.17,77,2862.09,0
2025-04-20,SKU_1017,Coke Zero 300ml Regular,Coca Cola,Beverages,35.14,83,2916.62,0
2025-04-21,SKU_1017,Coke Zero 300ml Regular,Coca Cola,Beverages,33.27,77,2561.79,0
2025-04-22,SKU_1017,Coke Zero 300ml Regular,Coca Cola,Beverages,31.93,75,2394.75,5
2025-04-23,SKU_1017,Coke Zero 300ml Regular,Coca Cola,Beverages,29.35,96,2817.6,10
2025-04-24,SKU_1017,Coke Zero 300ml Regular,Coca Cola,Beverages,27.62,103,2844.86,0
2025-04-25,SKU_1017,Coke Zero 300ml Regular,Coca Cola,Beverages,25.55,115,2938.25,0
2025-04-26,SKU_1017,Coke Zero 300ml Regular,Coca Cola,Beverages,24.87,145,3606.15,15
2025-04-27,SKU_1017,Coke Zero 300ml Regular,Coca Cola,Beverages,22.48,163,3664.24,15
2025-04-28,SKU_1017,Coke Zero 300ml Regular,Coca Cola,Beverages,23.8,115,2737.0,0
2025-04-29,SKU_1017,Coke Zero 300ml Regular,Coca Cola,Beverages,21.08,142,2993.36,10
2025-04-30,SKU_1017,Coke Zero 300ml Regular,Coca Cola,Beverages,21.8,139,3030.2,0
2025-05-01,SKU_1017,Coke Zero 300ml Regular,Coca Cola,Beverages,20.93,196,4102.28,5
2025-05-02,SKU_1017,Coke Zero 300ml Regular,Coca Cola,Beverages,23.17,156,3614.52,15
2025-05-03,SKU_1017,Coke Zero 300ml Regular,Coca Cola,Beverages,21.15,243,5139.45,0
2025-05-04,SKU_1017,Coke Zero 300ml Regular,Coca Cola,Beverages,23.45,205,4807.25,0
2025-05-05,SKU_1017,Coke Zero 300ml Regular,Coca Cola,Beverages,22.03,171,3767.13,10
2025-05-06,SKU_1017,Coke Zero 300ml Regular,Coca Cola,Beverages,24.37,137,3338.69,0
2025-05-07,SKU_1017,Coke Zero 300ml Regular,Coca Cola,Beverages,26.08,123,3207.84,10
2025-05-08,SKU_1017,Coke Zero 300ml Regular,Coca Cola,Beverages,25.73,129,3319.17,15
2025-05-09,SKU_1017,Coke Zero 300ml Regular,Coca Cola,Beverages,30.34,101,3064.34,0
2025-05-10,SKU_1017,Coke Zero 300ml Regular,Coca Cola,Beverages,30.53,126,3846.78,0
2025-05-11,SKU_1017,Coke Zero 300ml Regular,Coca Cola,Beverages,33.69,91,3065.79,10
2025-05-12,SKU_1017,Coke Zero 300ml Regular,Coca Cola,Beverages,34.28,72,2468.16,0
2025-05-13,SKU_1017,Coke Zero 300ml Regular,Coca Cola,Beverages,35.6,66,2349.6,0
2025-05-14,SKU_1017,Coke Zero 300ml Regular,Coca Cola,Beverages,38.34,57,2185.38,0
2025-05-15,SKU_1017,Coke Zero 300ml Regular,Coca Cola,Beverages,40.14,59,2368.26,5
2025-05-16,SKU_1017,Coke Zero 300ml Regular,Coca Cola,Beverages,40.9,52,2126.8,10
2025-05-17,SKU_1017,Coke Zero 300ml Regular,Coca Cola,Beverages,41.85,68,2845.8,0
2025-05-18,SKU_1017,Coke Zero 300ml Regular,Coca Cola,Beverages,41.75,68,2839.0,0
2025-05-19,SKU_1017,Coke Zero 300ml Regular,Coca Cola,Beverages,46.04,41,1887.64,10
2025-05-20,SKU_1017,Coke Zero 300ml Regular,Coca Cola,Beverages,44.95,46,2067.7,0
2025-05-21,SKU_1017,Coke Zero 300ml Regular,Coca Cola,Beverages,43.59,45,1961.55,0
2025-05-22,SKU_1017,Coke Zero 300ml Regular,Coca Cola,Beverages,47.13,45,2120.85,0
2025-05-23,SKU_1017,Coke Zero 300ml Regular,Coca Cola,Beverages,46.05,44,2026.2,0
2025-05-24,SKU_1017,Coke Zero 300ml Regular,Coca Cola,Beverages,44.1,57,2513.7,0
2025-05-25,SKU_1017,Coke Zero 300ml Regular,Coca Cola,Beverages,45.86,52,2384.72,0
2025-05-26,SKU_1017,Coke Zero 300ml Regular,Coca Cola,Beverages,43.45,40,1738.0,10
2025-05-27,SKU_1017,Coke Zero 300ml Regular,Coca Cola,Beverages,45.99,42,1931.58,0
2025-05-28,SKU_1017,Coke Zero 300ml Regular,Coca Cola,Beverages,42.35,46,1948.1,5
2025-05-29,SKU_1017,Coke Zero 300ml Regular,Coca Cola,Beverages,42.37,44,1864.28,0
2025-05-30,SKU_1017,Coke Zero 300ml Regular,Coca Cola,Beverages,40.5,45,1822.5,0
2025-05-31,SKU_1017,Coke Zero 300ml Regular,Coca Cola,Beverages,37.95,62,2352.9,0
2025-06-01,SKU_1017,Coke Zero 300ml Regular,Coca Cola,Beverages,35.3,93,3282.9,5
2025-06-02,SKU_1017,Coke Zero 300ml Regular,Coca Cola,Beverages,37.26,68,2533.68,0
2025-06-03,SKU_1017,Coke Zero 300ml Regular,Coca Cola,Beverages,35.61,78,2777.58,15
2025-06-04,SKU_1017,Coke Zero 300ml Regular,Coca Cola,Beverages,31.14,88,2740.32,10
2025-06-05,SKU_1017,Coke Zero 300ml Regular,Coca Cola,Beverages,32.14,92,2956.88,15
2025-06-06,SKU_1017,Coke Zero 300ml Regular,Coca Cola,Beverages,27.19,117,3181.23,0
2025-06-07,SKU_1017,Coke Zero 300ml Regular,Coca Cola,Beverages,27.45,144,3952.8,10
2025-06-08,SKU_1017,Coke Zero 300ml Regular,Coca Cola,Beverages,27.03,150,4054.5,0
2025-06-09,SKU_1017,Coke Zero 300ml Regular,Coca Cola,Beverages,22.99,142,3264.58,0
2025-06-10,SKU_1017,Coke Zero 300ml Regular,Coca Cola,Beverages,25.14,131,3293.34,0
2025-06-11,SKU_1017,Coke Zero 300ml Regular,Coca Cola,Beverages,21.92,135,2959.2,5
2025-06-12,SKU_1017,Coke Zero 300ml Regular,Coca Cola,Beverages,23.78,123,2924.94,0
2025-06-13,SKU_1017,Coke Zero 300ml Regular,Coca Cola,Beverages,20.97,144,3019.68,5
2025-06-14,SKU_1017,Coke Zero 300ml Regular,Coca Cola,Beverages,21.7,164,3558.8,0
2025-06-15,SKU_1017,Coke Zero 300ml Regular,Coca Cola,Beverages,21.15,179,3785.85,0
2025-06-16,SKU_1017,Coke Zero 300ml Regular,Coca Cola,Beverages,24.45,112,2738.4,0
2025-06-17,SKU_1017,Coke Zero 300ml Regular,Coca Cola,Beverages,21.62,137,2961.94,5
2025-06-18,SKU_1017,Coke Zero 300ml Regular,Coca Cola,Beverages,22.61,124,2803.64,0
2025-06-19,SKU_1017,Coke Zero 300ml Regular,Coca Cola,Beverages,25.94,95,2464.3,0
2025-06-20,SKU_1017,Coke Zero 300ml Regular,Coca Cola,Beverages,24.83,103,2557.49,0
2025-06-21,SKU_1017,Coke Zero 300ml Regular,Coca Cola,Beverages,29.34,109,3198.06,5
2025-06-22,SKU_1017,Coke Zero 300ml Regular,Coca Cola,Beverages,27.91,109,3042.19,15
2025-06-23,SKU_1017,Coke Zero 300ml Regular,Coca Cola,Beverages,32.06,71,2276.26,0
2025-06-24,SKU_1017,Coke Zero 300ml Regular,Coca Cola,Beverages,31.33,73,2287.09,0
2025-06-25,SKU_1017,Coke Zero 300ml Regular,Coca Cola,Beverages,33.79,69,2331.51,15
2025-06-26,SKU_1017,Coke Zero 300ml Regular,Coca Cola,Beverages,36.51,54,1971.54,0
2025-06-27,SKU_1017,Coke Zero 300ml Regular,Coca Cola,Beverages,36.49,55,2006.95,10
2025-06-28,SKU_1017,Coke Zero 300ml Regular,Coca Cola,Beverages,40.26,54,2174.04,15
2025-06-29,SKU_1017,Coke Zero 300ml Regular,Coca Cola,Beverages,40.74,60,2444.4,0
