datasets/sales.csv
date,product_id,product_name,brand,category,selling_price,units_sold,revenue,promotion_discount_pct
2025-01-01,SKU_1019,Coke Zero 300ml Family,Coca Cola,Beverages,52.55,57,2995.35,0
2025-01-02,SKU_1019,Coke Zero 300ml Family,Coca Cola,Beverages,53.34,57,3040.38,10
2025-01-03,SKU_1019,Coke Zero 300ml Family,Coca Cola,Beverages,61.22,46,2816.12,0
2025-01-04,SKU_1019,Coke Zero 300ml Family,Coca Cola,Beverages,59.59,62,3694.58,15
2025-01-05,SKU_1019,Coke Zero 300ml Family,Coca Cola,Beverages,64.11,54,3461.94,5
2025-01-06,SKU_1019,Coke Zero 300ml Family,Coca Cola,Beverages,65.48,41,2684.68,5
2025-01-07,SKU_1019,Coke Zero 300ml Family,Coca Cola,Beverages,63.63,44,2799.72,15
2025-01-08,SKU_1019,Coke Zero 300ml Family,Coca Cola,Beverages,69.33,41,2842.53,0
2025-01-09,SKU_1019,Coke Zero 300ml Family,Coca Cola,Beverages,70.32,39,2742.48,5
2025-01-10,SKU_1019,Coke Zero 300ml Family,Coca Cola,Beverages,70.74,37,2617.38,5
2025-01-11,SKU_1019,Coke Zero 300ml Family,Coca Cola,Beverages,70.77,45,3184.65,0
2025-01-12,SKU_1019,Coke Zero 300ml Family,Coca Cola,Beverages,69.26,43,2978.18,15
2025-01-13,SKU_1019,Coke Zero 300ml Family,Coca Cola,Beverages,70.68,35,2473.8,15
2025-01-14,SKU_1019,Coke Zero 300ml Family,Coca Cola,Beverages,67.61,34,2298.74,0
2025-01-15,SKU_1019,Coke Zero 300ml Family,Coca Cola,Beverages,64.72,39,2524.08,0
2025-01-16,SKU_1019,Coke Zero 300ml Family,Coca Cola,Beverages,63.64,37,2354.68,15
2025-01-17,SKU_1019,Coke Zero 300ml Family,Coca Cola,Beverages,60.61,41,2485.01,5
2025-01-18,SKU_1019,Coke Zero 300ml Family,Coca Cola,Beverages,63.0,50,3150.0,5
2025-01-19,SKU_1019,Coke Zero 300ml Family,Coca Cola,Beverages,57.05,58,3308.9,0
2025-01-20,SKU_1019,Coke Zero 300ml Family,Coca Cola,Beverages,56.38,52,2931.76,10
2025-01-21,SKU_1019,Coke Zero 300ml Family,Coca Cola,Beverages,53.5,56,2996.0,0
2025-01-22,SKU_1019,Coke Zero 300ml Family,Coca Cola,Beverages,50.11,57,2856.27,0
2025-01-23,SKU_1019,Coke Zero 300ml Family,Coca Cola,Beverages,50.72,59,2992.48,0
2025-01-24,SKU_1019,Coke Zero 300ml Family,Coca Cola,Beverages,45.68,64,2923.52,15
2025-01-25,SKU_1019,Coke Zero 300ml Family,Coca Cola,Beverages,45.56,82,3735.92,15
2025-01-26,SKU_1019,Coke Zero 300ml Family,Coca Cola,Beverages,43.1,90,3879.0,0
2025-01-27,SKU_1019,Coke Zero 300ml Family,Coca Cola,Beverages,38.84,86,3340.24,0
2025-01-28,SKU_1019,Coke Zero 300ml Family,Coca Cola,Beverages,36.59,94,3439.46,5
2025-01-29,SKU_1019,Coke Zero 300ml Family,Coca Cola,Beverages,38.7,81,3134.7,15
2025-01-30,SKU_1019,Coke Zero 300ml Family,Coca Cola,Beverages,33.68,108,3637.44,0
2025-01-31,SKU_1019,Coke Zero 300ml Family,Coca Cola,Beverages,35.78,99,3542.22,0
2025-02-01,SKU_1019,Coke Zero 300ml Family,Coca Cola,Beverages,31.69,184,5830.96,0
2025-02-02,SKU_1019,Coke Zero 300ml Family,Coca Cola,Beverages,31.95,176,5623.2,0
2025-02-03,SKU_1019,Coke Zero 300ml Family,Coca Cola,Beverages,30.86,148,4567.28,0
2025-02-04,SKU_1019,Coke Zero 300ml Family,Coca Cola,Beverages,32.51,144,4681.44,0
2025-02-05,SKU_1019,Coke Zero 300ml Family,Coca Cola,Beverages,36.66,109,3995.94,0
2025-02-06,SKU_1019,Coke Zero 300ml Family,Coca Cola,Beverages,37.0,114,4218.0,0
2025-02-07,SKU_1019,Coke Zero 300ml Family,Coca Cola,Beverages,37.7,115,4335.5,5
2025-02-08,SKU_1019,Coke Zero 300ml Family,Coca Cola,Beverages,36.66,152,5572.32,0
2025-02-09,SKU_1019,Coke Zero 300ml Family,Coca Cola,Beverages,43.14,117,5047.38,5
2025-02-10,SKU_1019,Coke Zero 300ml Family,Coca Cola,Beverages,45.25,79,3574.75,10
2025-02-11,SKU_1019,Coke Zero 300ml Family,Coca Cola,Beverages,47.64,67,3191.88,5
2025-02-12,SKU_1019,Coke Zero 300ml Family,Coca Cola,Beverages,49.65,62,3078.3,0
2025-02-13,SKU_1019,Coke Zero 300ml Family,Coca Cola,Beverages,48.39,60,2903.4,0
2025-02-14,SKU_1019,Coke Zero 300ml Family,Coca Cola,Beverages,52.41,58,3039.78,0
2025-02-15,SKU_1019,Coke Zero 300ml Family,Coca Cola,Beverages,56.8,59,3351.2,0
2025-02-16,SKU_1019,Coke Zero 300ml Family,Coca Cola,Beverages,59.51,57,3392.07,10
2025-02-17,SKU_1019,Coke Zero 300ml Family,Coca Cola,Beverages,63.47,46,2919.62,0
2025-02-18,SKU_1019,Coke Zero 300ml Family,Coca Cola,Beverages,64.19,41,2631.79,0
2025-02-19,SKU_1019,Coke Zero 300ml Family,Coca Cola,Beverages,66.22,40,2648.8,5
2025-02-20,SKU_1019,Coke Zero 300ml Family,Coca Cola,Beverages,66.1,37,2445.7,0
2025-02-21,SKU_1019,Coke Zero 300ml Family,Coca Cola,Beverages,65.48,43,2815.64,0
2025-02-22,SKU_1019,Coke Zero 300ml Family,Coca Cola,Beverages,67.16,45,3022.2,15
2025-02-23,SKU_1019,Coke Zero 300ml Family,Coca Cola,Beverages,67.22,49,3293.78,10
2025-02-24,SKU_1019,Coke Zero 300ml Family,Coca Cola,Beverages,69.58,35,2435.3,15
2025-02-25,SKU_1019,Coke Zero 300ml Family,Coca Cola,Beverages,69.83,39,2723.37,0
2025-02-26,SKU_1019,Coke Zero 300ml Family,Coca Cola,Beverages,67.09,39,2616.51,10
2025-02-27,SKU_1019,Coke Zero 300ml Family,Coca Cola,Beverages,67.94,34,2309.96,15
2025-02-28,SKU_1019,Coke Zero 300ml Family,Coca Cola,Beverages,68.11,33,2247.63,0
2025-03-01,SKU_1019,Coke Zero 300ml Family,Coca Cola,Beverages,65.06,59,3838.54,15
2025-03-02,SKU_1019,Coke Zero 300ml Family,Coca Cola,Beverages,59.92,74,4434.08,10
2025-03-03,SKU_1019,Coke Zero 300ml Family,Coca Cola,Beverages,62.74,50,3137.0,0
2025-03-04,SKU_1019,Coke Zero 300ml Family,Coca Cola,Beverages,57.06,63,3594.78,0
2025-03-05,SKU_1019,Coke Zero 300ml Family,Coca Cola,Beverages,57.21,57,3260.97,0
2025-03-06,SKU_1019,Coke Zero 300ml Family,Coca Cola,Beverages,52.07,70,3644.9,5
2025-03-07,SKU_1019,Coke Zero 300ml Family,Coca Cola,Beverages,49.31,69,3402.39,15
2025-03-08,SKU_1019,Coke Zero 300ml Family,Coca Cola,Beverages,47.68,103,4911.04,15
2025-03-09,SKU_1019,Coke Zero 300ml Family,Coca Cola,Beverages,45.72,98,4480.56,0
2025-03-10,SKU_1019,Coke Zero 300ml Family,Coca Cola,Beverages,41.27,160,6603.2,0
2025-03-11,SKU_1019,Coke Zero 300ml Family,Coca Cola,Beverages,41.97,129,5414.13,0
2025-03-12,SKU_1019,Coke Zero 300ml Family,Coca Cola,Beverages,36.59,168,6147.12,10
2025-03-13,SKU_1019,Coke Zero 300ml Family,Coca Cola,Beverages,40.29,128,5157.12,0
2025-03-14,SKU_1019,Coke Zero 300ml Family,Coca Cola,Beverages,37.23,135,5026.05,5
2025-03-15,SKU_1019,Coke Zero 300ml Family,Coca Cola,Beverages,35.89,209,7501.01,10
2025-03-16,SKU_1019,Coke Zero 300ml Family,Coca Cola,Beverages,32.87,259,8513.33,15
2025-03-17,SKU_1019,Coke Zero 300ml Family,Coca Cola,Beverages,32.07,189,6061.23,10
2025-03-18,SKU_1019,Coke Zero 300ml Family,Coca Cola,Beverages,35.87,116,4160.92,0
2025-03-19,SKU_1019,Coke Zero 300ml Family,Coca Cola,Beverages,32.44,133,4314.52,0
2025-03-20,SKU_1019,Coke Zero 300ml Family,Coca Cola,Beverages,32.5,131,4257.5,10
2025-03-21,SKU_1019,Coke Zero 300ml Family,Coca Cola,Beverages,36.18,101,3654.18,0
2025-03-22,SKU_1019,Coke Zero 300ml Family,Coca Cola,Beverages,32.92,156,5135.52,10
2025-03-23,SKU_1019,Coke Zero 300ml Family,Coca Cola,Beverages,36.63,133,4871.79,10
2025-03-24,SKU_1019,Coke Zero 300ml Family,Coca Cola,Beverages,37.29,109,4064.61,15
2025-03-25,SKU_1019,Coke Zero 300ml Family,Coca Cola,Beverages,41.13,88,3619.44,0
2025-03-26,SKU_1019,Coke Zero 300ml Family,Coca Cola,Beverages,41.05,81,3325.05,10
2025-03-27,SKU_1019,Coke Zero 300ml Family,Coca Cola,Beverages,43.58,79,3442.82,15
2025-03-28,SKU_1019,Coke Zero 300ml Family,Coca Cola,Beverages,51.1,56,2861.6,15
2025-03-29,SKU_1019,Coke Zero 300ml Family,Coca Cola,Beverages,49.17,71,3491.07,0
2025-03-30,SKU_1019,Coke Zero 300ml Family,Coca Cola,Beverages,52.38,65,3404.7,0
2025-03-31,SKU_1019,Coke Zero 300ml Family,Coca Cola,Beverages,56.35,46,2592.1,0
2025-04-01,SKU_1019,Coke Zero 300ml Family,Coca Cola,Beverages,59.31,54,3202.74,0
2025-04-02,SKU_1019,Coke Zero 300ml Family,Coca Cola,Beverages,61.67,51,3145.17,15
2025-04-03,SKU_1019,Coke Zero 300ml Family,Coca Cola,Beverages,62.23,51,3173.73,5
2025-04-04,SKU_1019,Coke Zero 300ml Family,Coca Cola,Beverages,67.46,48,3238.08,15
2025-04-05,SKU_1019,Coke Zero 300ml Family,Coca Cola,Beverages,63.64,63,4009.32,5
2025-04-06,SKU_1019,Coke Zero 300ml Family,Coca Cola,Beverages,70.29,51,3584.79,0
2025-04-07,SKU_1019,Coke Zero 300ml Family,Coca Cola,Beverages,70.99,40,2839.6,15
2025-04-08,SKU_1019,Coke Zero 300ml Family,Coca Cola,Beverages,66.76,45,3004.2,0
2025-04-09,SKU_1019,Coke Zero 300ml Family,Coca Cola,Beverages,68.51,44,3014.44,0
2025-04-10,SKU_1019,Coke Zero 300ml Family,Coca Cola,Beverages,69.83,44,3072.52,0
2025-04-11,SKU_1019,Coke Zero 300ml Family,Coca Cola,Beverages,65.66,40,2626.4,5
2025-04-12,SKU_1019,Coke Zero 300ml Family,Coca Cola,Beverages,67.14,49,3289.86,10
2025-04-13,SKU_1019,Coke Zero 300ml Family,Coca Cola,Beverages,63.96,50,3198.0,0
2025-04-14,SKU_1019,Coke Zero 300ml Family,Coca Cola,Beverages,66.49,38,2526.62,0
2025-04-15,SKU_1019,Coke Zero 300ml Family,Coca Cola,Beverages,65.38,44,2876.72,15
2025-04-16,SKU_1019,Coke Zero 300ml Family,Coca Cola,Beverages,63.23,42,2655.66,0
2025-04-17,SKU_1019,Coke Zero 300ml Family,Coca Cola,Beverages,56.02,54,3025.08,10
2025-04-18,SKU_1019,Coke Zero 300ml Family,Coca Cola,Beverages,57.68,54,3114.72,5
2025-04-19,SKU_1019,Coke Zero 300ml Family,Coca Cola,Beverages,50.88,81,4121.28,10
2025-04-20,SKU_1019,Coke Zero 300ml Family,Coca Cola,Beverages,51.85,78,4044.3,0
2025-04-21,SKU_1019,Coke Zero 300ml Family,Coca Cola,Beverages,49.05,70,3433.5,0
2025-04-22,SKU_1019,Coke Zero 300ml Family,Coca Cola,Beverages,47.77,68,3248.36,0
2025-04-23,SKU_1019,Coke Zero 300ml Family,Coca Cola,Beverages,41.35,83,3432.05,5
2025-04-24,SKU_1019,Coke Zero 300ml Family,Coca Cola,Beverages,40.45,88,3559.6,0
2025-04-25,SKU_1019,Coke Zero 300ml Family,Coca Cola,Beverages,37.07,99,3669.93,0
2025-04-26,SKU_1019,Coke Zero 300ml Family,Coca Cola,Beverages,35.64,122,4348.08,15
2025-04-27,SKU_1019,Coke Zero 300ml Family,Coca Cola,Beverages,34.82,121,4213.22,10
2025-04-28,SKU_1019,Coke Zero 300ml Family,Coca Cola,Beverages,37.24,99,3686.76,0
2025-04-29,SKU_1019,Coke Zero 300ml Family,Coca Cola,Beverages,33.13,111,3677.43,10
2025-04-30,SKU_1019,Coke Zero 300ml Family,Coca Cola,Beverages,33.23,106,3522.38,0
2025-05-01,SKU_1019,Coke Zero 300ml Family,Coca Cola,Beverages,32.38,141,4565.58,15
2025-05-02,SKU_1019,Coke Zero 300ml Family,Coca Cola,Beverages,35.69,117,4175.73,0
2025-05-03,SKU_1019,Coke Zero 300ml Family,Coca Cola,Beverages,32.22,181,5831.82,0
2025-05-04,SKU_1019,Coke Zero 300ml Family,Coca Cola,Beverages,34.8,170,5916.0,15
2025-05-05,SKU_1019,Coke Zero 300ml Family,Coca Cola,Beverages,33.19,144,4779.36,10
2025-05-06,SKU_1019,Coke Zero 300ml Family,Coca Cola,Beverages,39.45,98,3866.1,5
2025-05-07,SKU_1019,Coke Zero 300ml Family,Coca Cola,Beverages,37.54,119,4467.26,0
2025-05-08,SKU_1019,Coke Zero 300ml Family,Coca Cola,Beverages,41.19,97,3995.43,0
2025-05-09,SKU_1019,Coke Zero 300ml Family,Coca Cola,Beverages,46.48,86,3997.28,10
2025-05-10,SKU_1019,Coke Zero 300ml Family,Coca Cola,Beverages,47.19,106,5002.14,0
2025-05-11,SKU_1019,Coke Zero 300ml Family,Coca Cola,Beverages,51.1,75,3832.5,15
2025-05-12,SKU_1019,Coke Zero 300ml Family,Coca Cola,Beverages,48.57,64,3108.48,10
2025-05-13,SKU_1019,Coke Zero 300ml Family,Coca Cola,Beverages,53.02,58,3075.16,0
2025-05-14,SKU_1019,Coke Zero 300ml Family,Coca Cola,Beverages,56.78,54,3066.12,0
2025-05-15,SKU_1019,Coke Zero 300ml Family,Coca Cola,Beverages,61.57,48,2955.36,10
2025-05-16,SKU_1019,Coke Zero 300ml Family,Coca Cola,Beverages,61.98,43,2665.14,10
2025-05-17,SKU_1019,Coke Zero 300ml Family,Coca Cola,Beverages,61.61,53,3265.33,0
2025-05-18,SKU_1019,Coke Zero 300ml Family,Coca Cola,Beverages,67.21,49,3293.29,0
2025-05-19,SKU_1019,Coke Zero 300ml Family,Coca Cola,Beverages,67.97,36,2446.92,0
2025-05-20,SKU_1019,Coke Zero 300ml Family,Coca Cola,Beverages,64.99,41,2664.59,0
2025-05-21,SKU_1019,Coke Zero 300ml Family,Coca Cola,Beverages,69.34,38,2634.92,0
2025-05-22,SKU_1019,Coke Zero 300ml Family,Coca Cola,Beverages,71.76,34,2439.84,10
2025-05-23,SKU_1019,Coke Zero 300ml Family,Coca Cola,Beverages,67.72,36,2437.92,15
2025-05-24,SKU_1019,Coke Zero 300ml Family,Coca Cola,Beverages,68.67,48,3296.16,0
2025-05-25,SKU_1019,Coke Zero 300ml Family,Coca Cola,Beverages,67.47,50,3373.5,0
2025-05-26,SKU_1019,Coke Zero 300ml Family,Coca Cola,Beverages,69.89,32,2236.48,0
2025-05-27,SKU_1019,Coke Zero 300ml Family,Coca Cola,Beverages,64.59,36,2325.24,0
2025-05-28,SKU_1019,Coke Zero 300ml Family,Coca Cola,Beverages,65.1,35,2278.5,0
2025-05-29,SKU_1019,Coke Zero 300ml Family,Coca Cola,Beverages,59.96,40,2398.4,5
2025-05-30,SKU_1019,Coke Zero 300ml Family,Coca Cola,Beverages,59.96,42,2518.32,15
2025-05-31,SKU_1019,Coke Zero 300ml Family,Coca Cola,Beverages,59.52,52,3095.04,0
2025-06-01,SKU_1019,Coke Zero 300ml Family,Coca Cola,Beverages,55.47,73,4049.31,0
2025-06-02,SKU_1019,Coke Zero 300ml Family,Coca Cola,Beverages,56.09,54,3028.86,5
2025-06-03,SKU_1019,Coke Zero 300ml Family,Coca Cola,Beverages,49.81,70,3486.7,0
2025-06-04,SKU_1019,Coke Zero 300ml Family,Coca Cola,Beverages,45.73,85,3887.05,5
2025-06-05,SKU_1019,Coke Zero 300ml Family,Coca Cola,Beverages,46.1,78,3595.8,0
2025-06-06,SKU_1019,Coke Zero 300ml Family,Coca Cola,Beverages,42.85,85,3642.25,0
2025-06-07,SKU_1019,Coke Zero 300ml Family,Coca Cola,Beverages,43.14,117,5047.38,15
2025-06-08,SKU_1019,Coke Zero 300ml Family,Coca Cola,Beverages,40.05,119,4765.95,15
2025-06-09,SKU_1019,Coke Zero 300ml Family,Coca Cola,Beverages,36.85,112,4127.2,5
2025-06-10,SKU_1019,Coke Zero 300ml Family,Coca Cola,Beverages,37.23,110,4095.3,0
2025-06-11,SKU_1019,Coke Zero 300ml Family,Coca Cola,Beverages,32.76,116,3800.16,0
2025-06-12,SKU_1019,Coke Zero 300ml Family,Coca Cola,Beverages,36.15,99,3578.85,15
2025-06-13,SKU_1019,Coke Zero 300ml Family,Coca Cola,Beverages,35.81,106,3795.86,10
2025-06-14,SKU_1019,Coke Zero 300ml Family,Coca Cola,Beverages,30.85,152,4689.2,0
2025-06-15,SKU_1019,Coke Zero 300ml Family,Coca Cola,Beverages,31.75,145,4603.75,10
2025-06-16,SKU_1019,Coke Zero 300ml Family,Coca Cola,Beverages,33.65,102,3432.3,0
2025-06-17,SKU_1019,Coke Zero 300ml Family,Coca Cola,Beverages,33.33,106,3532.98,0
2025-06-18,SKU_1019,Coke Zero 300ml Family,Coca Cola,Beverages,37.71,86,3243.06,0
2025-06-19,SKU_1019,Coke Zero 300ml Family,Coca Cola,Beverages,38.8,90,3492.0,15
2025-06-20,SKU_1019,Coke Zero 300ml Family,Coca Cola,Beverages,37.32,90,3358.8,0
2025-06-21,SKU_1019,Coke Zero 300ml Family,Coca Cola,Beverages,41.87,90,3768.3,5
2025-06-22,SKU_1019,Coke Zero 300ml Family,Coca Cola,Beverages,41.52,101,4193.52,5
2025-06-23,SKU_1019,Coke Zero 300ml Family,Coca Cola,Beverages,44.98,72,3238.56,0
2025-06-24,SKU_1019,Coke Zero 300ml Family,Coca Cola,Beverages,49.25,60,2955.0,10
2025-06-25,SKU_1019,Coke Zero 300ml Family,Coca Cola,Beverages,51.91,53,2751.23,15
2025-06-26,SKU_1019,Coke Zero 300ml Family,Coca Cola,Beverages,50.94,54,2750.76,0
2025-06-27,SKU_1019,Coke Zero 300ml Family,Coca Cola,Beverages,58.24,42,2446.08,15
2025-06-28,SKU_1019,Coke Zero 300ml Family,Coca Cola,Beverages,59.67,50,2983.5,0
2025-06-29,SKU_1019,Coke Zero 300ml Family,Coca Cola,Beverages,63.48,43,2729.64,5
