datasets/sales.csv
date,product_id,product_name,brand,category,selling_price,units_sold,revenue,promotion_discount_pct
2025-01-01,SKU_1020,Coke Zero Can 330ml Mini,Coca Cola,Beverages,28.09,59,1657.31,5
2025-01-02,SKU_1020,Coke Zero Can 330ml Mini,Coca Cola,Beverages,30.97,47,1455.59,15
2025-01-03,SKU_1020,Coke Zero Can 330ml Mini,Coca Cola,Beverages,32.25,44,1419.0,0
2025-01-04,SKU_1020,Coke Zero Can 330ml Mini,Coca Cola,Beverages,33.27,50,1663.5,0
2025-01-05,SKU_1020,Coke Zero Can 330ml Mini,Coca Cola,Beverages,34.45,55,1894.75,0
2025-01-06,SKU_1020,Coke Zero Can 330ml Mini,Coca Cola,Beverages,33.46,46,1539.16,15
2025-01-07,SKU_1020,Coke Zero Can 330ml Mini,Coca Cola,Beverages,35.53,38,1350.14,0
2025-01-08,SKU_1020,Coke Zero Can 330ml Mini,Coca Cola,Beverages,36.39,37,1346.43,10
2025-01-09,SKU_1020,Coke Zero Can 330ml Mini,Coca Cola,Beverages,35.6,42,1495.2,0
2025-01-10,SKU_1020,Coke Zero Can 330ml Mini,Coca Cola,Beverages,36.25,42,1522.5,10
2025-01-11,SKU_1020,Coke Zero Can 330ml Mini,Coca Cola,Beverages,35.94,40,1437.6,10
2025-01-12,SKU_1020,Coke Zero Can 330ml Mini,Coca Cola,Beverages,35.79,44,1574.76,10
2025-01-13,SKU_1020,Coke Zero Can 330ml Mini,Coca Cola,Beverages,34.43,34,1170.62,0
2025-01-14,SKU_1020,Coke Zero Can 330ml Mini,Coca Cola,Beverages,34.07,36,1226.52,0
2025-01-15,SKU_1020,Coke Zero Can 330ml Mini,Coca Cola,Beverages,33.21,38,1261.98,10
2025-01-16,SKU_1020,Coke Zero Can 330ml Mini,Coca Cola,Beverages,34.18,35,1196.3,0
2025-01-17,SKU_1020,Coke Zero Can 330ml Mini,Coca Cola,Beverages,33.0,40,1320.0,0
2025-01-18,SKU_1020,Coke Zero Can 330ml Mini,Coca Cola,Beverages,33.24,48,1595.52,0
2025-01-19,SKU_1020,Coke Zero Can 330ml Mini,Coca Cola,Beverages,32.05,55,1762.75,15
2025-01-20,SKU_1020,Coke Zero Can 330ml Mini,Coca Cola,Beverages,30.91,44,1360.04,0
2025-01-21,SKU_1020,Coke Zero Can 330ml Mini,Coca Cola,Beverages,28.3,54,1528.2,0
2025-01-22,SKU_1020,Coke Zero Can 330ml Mini,Coca Cola,Beverages,27.06,51,1380.06,0
2025-01-23,SKU_1020,Coke Zero Can 330ml Mini,Coca Cola,Beverages,24.2,70,1694.0,0
2025-01-24,SKU_1020,Coke Zero Can 330ml Mini,Coca Cola,Beverages,23.45,74,1735.3,5
2025-01-25,SKU_1020,Coke Zero Can 330ml Mini,Coca Cola,Beverages,21.33,102,2175.66,0
2025-01-26,SKU_1020,Coke Zero Can 330ml Mini,Coca Cola,Beverages,21.19,97,2055.43,0
2025-01-27,SKU_1020,Coke Zero Can 330ml Mini,Coca Cola,Beverages,21.72,73,1585.56,0
2025-01-28,SKU_1020,Coke Zero Can 330ml Mini,Coca Cola,Beverages,21.14,81,1712.34,0
2025-01-29,SKU_1020,Coke Zero Can 330ml Mini,Coca Cola,Beverages,18.93,95,1798.35,0
2025-01-30,SKU_1020,Coke Zero Can 330ml Mini,Coca Cola,Beverages,17.89,107,1914.23,0
2025-01-31,SKU_1020,Coke Zero Can 330ml Mini,Coca Cola,Beverages,18.03,106,1911.18,5
2025-02-01,SKU_1020,Coke Zero Can 330ml Mini,Coca Cola,Beverages,15.89,202,3209.78,0
2025-02-02,SKU_1020,Coke Zero Can 330ml Mini,Coca Cola,Beverages,18.05,163,2942.15,0
2025-02-03,SKU_1020,Coke Zero Can 330ml Mini,Coca Cola,Beverages,18.33,120,2199.6,0
2025-02-04,SKU_1020,Coke Zero Can 330ml Mini,Coca Cola,Beverages,18.38,114,2095.32,0
2025-02-05,SKU_1020,Coke Zero Can 330ml Mini,Coca Cola,Beverages,19.18,106,2033.08,0
2025-02-06,SKU_1020,Coke Zero Can 330ml Mini,Coca Cola,Beverages,17.28,124,2142.72,0
2025-02-07,SKU_1020,Coke Zero Can 330ml Mini,Coca Cola,Beverages,21.14,90,1902.6,15
2025-02-08,SKU_1020,Coke Zero Can 330ml Mini,Coca Cola,Beverages,21.75,116,2523.0,15
2025-02-09,SKU_1020,Coke Zero Can 330ml Mini,Coca Cola,Beverages,21.63,115,2487.45,15
2025-02-10,SKU_1020,Coke Zero Can 330ml Mini,Coca Cola,Beverages,22.56,86,1940.16,0
2025-02-11,SKU_1020,Coke Zero Can 330ml Mini,Coca Cola,Beverages,24.66,72,1775.52,0
2025-02-12,SKU_1020,Coke Zero Can 330ml Mini,Coca Cola,Beverages,25.91,60,1554.6,10
2025-02-13,SKU_1020,Coke Zero Can 330ml Mini,Coca Cola,Beverages,26.13,64,1672.32,0
2025-02-14,SKU_1020,Coke Zero Can 330ml Mini,Coca Cola,Beverages,28.2,52,1466.4,15
2025-02-15,SKU_1020,Coke Zero Can 330ml Mini,Coca Cola,Beverages,29.77,58,1726.66,0
2025-02-16,SKU_1020,Coke Zero Can 330ml Mini,Coca Cola,Beverages,30.47,63,1919.61,0
2025-02-17,SKU_1020,Coke Zero Can 330ml Mini,Coca Cola,Beverages,32.14,46,1478.44,15
2025-02-18,SKU_1020,Coke Zero Can 330ml Mini,Coca Cola,Beverages,32.56,46,1497.76,0
2025-02-19,SKU_1020,Coke Zero Can 330ml Mini,Coca Cola,Beverages,34.48,42,1448.16,5
2025-02-20,SKU_1020,Coke Zero Can 330ml Mini,Coca Cola,Beverages,33.73,41,1382.93,10
2025-02-21,SKU_1020,Coke Zero Can 330ml Mini,Coca Cola,Beverages,34.44,43,1480.92,0
2025-02-22,SKU_1020,Coke Zero Can 330ml Mini,Coca Cola,Beverages,36.54,47,1717.38,10
2025-02-23,SKU_1020,Coke Zero Can 330ml Mini,Coca Cola,Beverages,36.82,46,1693.72,5
2025-02-24,SKU_1020,Coke Zero Can 330ml Mini,Coca Cola,Beverages,37.37,36,1345.32,0
2025-02-25,SKU_1020,Coke Zero Can 330ml Mini,Coca Cola,Beverages,35.72,36,1285.92,10
2025-02-26,SKU_1020,Coke Zero Can 330ml Mini,Coca Cola,Beverages,37.19,32,1190.08,0
2025-02-27,SKU_1020,Coke Zero Can 330ml Mini,Coca Cola,Beverages,36.44,31,1129.64,15
2025-02-28,SKU_1020,Coke Zero Can 330ml Mini,Coca Cola,Beverages,33.23,38,1262.74,0
2025-03-01,SKU_1020,Coke Zero Can 330ml Mini,Coca Cola,Beverages,32.72,65,2126.8,15
2025-03-02,SKU_1020,Coke Zero Can 330ml Mini,Coca Cola,Beverages,32.79,67,2196.93,15
2025-03-03,SKU_1020,Coke Zero Can 330ml Mini,Coca Cola,Beverages,33.27,48,1596.96,0
2025-03-04,SKU_1020,Coke Zero Can 330ml Mini,Coca Cola,Beverages,30.05,58,1742.9,0
2025-03-05,SKU_1020,Coke Zero Can 330ml Mini,Coca Cola,Beverages,29.73,60,1783.8,0
2025-03-06,SKU_1020,Coke Zero Can 330ml Mini,Coca Cola,Beverages,27.25,68,1853.0,0
2025-03-07,SKU_1020,Coke Zero Can 330ml Mini,Coca Cola,Beverages,28.31,67,1896.77,5
2025-03-08,SKU_1020,Coke Zero Can 330ml Mini,Coca Cola,Beverages,26.41,83,2192.03,0
2025-03-09,SKU_1020,Coke Zero Can 330ml Mini,Coca Cola,Beverages,22.51,111,2498.61,0
2025-03-10,SKU_1020,Coke Zero Can 330ml Mini,Coca Cola,Beverages,23.37,150,3505.5,10
2025-03-11,SKU_1020,Coke Zero Can 330ml Mini,Coca Cola,Beverages,20.69,152,3144.88,5
2025-03-12,SKU_1020,Coke Zero Can 330ml Mini,Coca Cola,Beverages,19.27,138,2659.26,5
2025-03-13,SKU_1020,Coke Zero Can 330ml Mini,Coca Cola,Beverages,19.64,147,2887.08,15
2025-03-14,SKU_1020,Coke Zero Can 330ml Mini,Coca Cola,Beverages,18.45,187,3450.15,5
2025-03-15,SKU_1020,Coke Zero Can 330ml Mini,Coca Cola,Beverages,17.59,248,4362.32,10
2025-03-16,SKU_1020,Coke Zero Can 330ml Mini,Coca Cola,Beverages,19.2,251,4819.2,0
2025-03-17,SKU_1020,Coke Zero Can 330ml Mini,Coca Cola,Beverages,17.57,196,3443.72,5
2025-03-18,SKU_1020,Coke Zero Can 330ml Mini,Coca Cola,Beverages,18.07,116,2096.12,0
2025-03-19,SKU_1020,Coke Zero Can 330ml Mini,Coca Cola,Beverages,18.21,106,1930.26,0
2025-03-20,SKU_1020,Coke Zero Can 330ml Mini,Coca Cola,Beverages,17.93,122,2187.46,0
2025-03-21,SKU_1020,Coke Zero Can 330ml Mini,Coca Cola,Beverages,18.02,109,1964.18,0
2025-03-22,SKU_1020,Coke Zero Can 330ml Mini,Coca Cola,Beverages,18.5,135,2497.5,0
2025-03-23,SKU_1020,Coke Zero Can 330ml Mini,Coca Cola,Beverages,19.2,132,2534.4,5
2025-03-24,SKU_1020,Coke Zero Can 330ml Mini,Coca Cola,Beverages,20.43,101,2063.43,15
2025-03-25,SKU_1020,Coke Zero Can 330ml Mini,Coca Cola,Beverages,21.89,82,1794.98,15
2025-03-26,SKU_1020,Coke Zero Can 330ml Mini,Coca Cola,Beverages,23.44,68,1593.92,0
2025-03-27,SKU_1020,Coke Zero Can 330ml Mini,Coca Cola,Beverages,24.42,70,1709.4,10
2025-03-28,SKU_1020,Coke Zero Can 330ml Mini,Coca Cola,Beverages,26.76,59,1578.84,15
2025-03-29,SKU_1020,Coke Zero Can 330ml Mini,Coca Cola,Beverages,28.07,70,1964.9,10
2025-03-30,SKU_1020,Coke Zero Can 330ml Mini,Coca Cola,Beverages,27.38,70,1916.6,5
2025-03-31,SKU_1020,Coke Zero Can 330ml Mini,Coca Cola,Beverages,28.48,54,1537.92,0
2025-04-01,SKU_1020,Coke Zero Can 330ml Mini,Coca Cola,Beverages,30.67,60,1840.2,0
2025-04-02,SKU_1020,Coke Zero Can 330ml Mini,Coca Cola,Beverages,33.31,49,1632.19,5
2025-04-03,SKU_1020,Coke Zero Can 330ml Mini,Coca Cola,Beverages,33.82,51,1724.82,5
2025-04-04,SKU_1020,Coke Zero Can 330ml Mini,Coca Cola,Beverages,34.26,47,1610.22,0
2025-04-05,SKU_1020,Coke Zero Can 330ml Mini,Coca Cola,Beverages,34.76,53,1842.28,15
2025-04-06,SKU_1020,Coke Zero Can 330ml Mini,Coca Cola,Beverages,35.58,55,1956.9,15
2025-04-07,SKU_1020,Coke Zero Can 330ml Mini,Coca Cola,Beverages,35.1,43,1509.3,5
2025-04-08,SKU_1020,Coke Zero Can 330ml Mini,Coca Cola,Beverages,34.59,48,1660.32,0
2025-04-09,SKU_1020,Coke Zero Can 330ml Mini,Coca Cola,Beverages,35.53,45,1598.85,15
2025-04-10,SKU_1020,Coke Zero Can 330ml Mini,Coca Cola,Beverages,35.4,45,1593.0,0
2025-04-11,SKU_1020,Coke Zero Can 330ml Mini,Coca Cola,Beverages,37.02,39,1443.78,0
2025-04-12,SKU_1020,Coke Zero Can 330ml Mini,Coca Cola,Beverages,36.79,44,1618.76,10
2025-04-13,SKU_1020,Coke Zero Can 330ml Mini,Coca Cola,Beverages,34.04,52,1770.08,15
2025-04-14,SKU_1020,Coke Zero Can 330ml Mini,Coca Cola,Beverages,35.21,37,1302.77,0
2025-04-15,SKU_1020,Coke Zero Can 330ml Mini,Coca Cola,Beverages,32.29,46,1485.34,0
2025-04-16,SKU_1020,Coke Zero Can 330ml Mini,Coca Cola,Beverages,32.21,43,1385.03,0
2025-04-17,SKU_1020,Coke Zero Can 330ml Mini,Coca Cola,Beverages,29.15,54,1574.1,0
2025-04-18,SKU_1020,Coke Zero Can 330ml Mini,Coca Cola,Beverages,30.36,49,1487.64,10
2025-04-19,SKU_1020,Coke Zero Can 330ml Mini,Coca Cola,Beverages,27.95,71,1984.45,5
2025-04-20,SKU_1020,Coke Zero Can 330ml Mini,Coca Cola,Beverages,26.64,76,2024.64,15
2025-04-21,SKU_1020,Coke Zero Can 330ml Mini,Coca Cola,Beverages,25.45,64,1628.8,0
2025-04-22,SKU_1020,Coke Zero Can 330ml Mini,Coca Cola,Beverages,24.77,65,1610.05,0
2025-04-23,SKU_1020,Coke Zero Can 330ml Mini,Coca Cola,Beverages,21.94,79,1733.26,10
2025-04-24,SKU_1020,Coke Zero Can 330ml Mini,Coca Cola,Beverages,20.81,96,1997.76,5
2025-04-25,SKU_1020,Coke Zero Can 330ml Mini,Coca Cola,Beverages,20.55,98,2013.9,0
2025-04-26,SKU_1020,Coke Zero Can 330ml Mini,Coca Cola,Beverages,21.14,96,2029.44,15
2025-04-27,SKU_1020,Coke Zero Can 330ml Mini,Coca Cola,Beverages,18.17,139,2525.63,5
2025-04-28,SKU_1020,Coke Zero Can 330ml Mini,Coca Cola,Beverages,18.57,101,1875.57,0
2025-04-29,SKU_1020,Coke Zero Can 330ml Mini,Coca Cola,Beverages,18.98,89,1689.22,5
2025-04-30,SKU_1020,Coke Zero Can 330ml Mini,Coca Cola,Beverages,17.9,105,1879.5,15
2025-05-01,SKU_1020,Coke Zero Can 330ml Mini,Coca Cola,Beverages,17.06,131,2234.86,0
2025-05-02,SKU_1020,Coke Zero Can 330ml Mini,Coca Cola,Beverages,17.17,146,2506.82,0
2025-05-03,SKU_1020,Coke Zero Can 330ml Mini,Coca Cola,Beverages,18.2,155,2821.0,5
2025-05-04,SKU_1020,Coke Zero Can 330ml Mini,Coca Cola,Beverages,18.17,172,3125.24,5
2025-05-05,SKU_1020,Coke Zero Can 330ml Mini,Coca Cola,Beverages,18.49,126,2329.74,0
2025-05-06,SKU_1020,Coke Zero Can 330ml Mini,Coca Cola,Beverages,19.06,114,2172.84,0
2025-05-07,SKU_1020,Coke Zero Can 330ml Mini,Coca Cola,Beverages,22.13,95,2102.35,10
2025-05-08,SKU_1020,Coke Zero Can 330ml Mini,Coca Cola,Beverages,21.43,93,1992.99,5
2025-05-09,SKU_1020,Coke Zero Can 330ml Mini,Coca Cola,Beverages,22.04,90,1983.6,0
2025-05-10,SKU_1020,Coke Zero Can 330ml Mini,Coca Cola,Beverages,24.73,99,2448.27,15
2025-05-11,SKU_1020,Coke Zero Can 330ml Mini,Coca Cola,Beverages,24.75,78,1930.5,0
2025-05-12,SKU_1020,Coke Zero Can 330ml Mini,Coca Cola,Beverages,27.24,55,1498.2,0
2025-05-13,SKU_1020,Coke Zero Can 330ml Mini,Coca Cola,Beverages,26.94,60,1616.4,10
2025-05-14,SKU_1020,Coke Zero Can 330ml Mini,Coca Cola,Beverages,30.31,45,1363.95,0
2025-05-15,SKU_1020,Coke Zero Can 330ml Mini,Coca Cola,Beverages,31.34,47,1472.98,0
2025-05-16,SKU_1020,Coke Zero Can 330ml Mini,Coca Cola,Beverages,30.6,50,1530.0,0
2025-05-17,SKU_1020,Coke Zero Can 330ml Mini,Coca Cola,Beverages,34.11,51,1739.61,5
2025-05-18,SKU_1020,Coke Zero Can 330ml Mini,Coca Cola,Beverages,33.76,48,1620.48,0
2025-05-19,SKU_1020,Coke Zero Can 330ml Mini,Coca Cola,Beverages,34.58,37,1279.46,5
2025-05-20,SKU_1020,Coke Zero Can 330ml Mini,Coca Cola,Beverages,33.87,38,1287.06,5
2025-05-21,SKU_1020,Coke Zero Can 330ml Mini,Coca Cola,Beverages,36.43,33,1202.19,0
2025-05-22,SKU_1020,Coke Zero Can 330ml Mini,Coca Cola,Beverages,35.47,40,1418.8,10
2025-05-23,SKU_1020,Coke Zero Can 330ml Mini,Coca Cola,Beverages,35.9,37,1328.3,15
2025-05-24,SKU_1020,Coke Zero Can 330ml Mini,Coca Cola,Beverages,37.36,45,1681.2,0
2025-05-25,SKU_1020,Coke Zero Can 330ml Mini,Coca Cola,Beverages,36.91,43,1587.13,10
2025-05-26,SKU_1020,Coke Zero Can 330ml Mini,Coca Cola,Beverages,34.65,33,1143.45,5
2025-05-27,SKU_1020,Coke Zero Can 330ml Mini,Coca Cola,Beverages,34.42,34,1170.28,0
2025-05-28,SKU_1020,Coke Zero Can 330ml Mini,Coca Cola,Beverages,35.13,36,1264.68,5
2025-05-29,SKU_1020,Coke Zero Can 330ml Mini,Coca Cola,Beverages,33.88,38,1287.44,0
2025-05-30,SKU_1020,Coke Zero Can 330ml Mini,Coca Cola,Beverages,31.47,43,1353.21,0
2025-05-31,SKU_1020,Coke Zero Can 330ml Mini,Coca Cola,Beverages,30.37,53,1609.61,15
2025-06-01,SKU_1020,Coke Zero Can 330ml Mini,Coca Cola,Beverages,29.24,66,1929.84,0
2025-06-02,SKU_1020,Coke Zero Can 330ml Mini,Coca Cola,Beverages,28.08,58,1628.64,0
2025-06-03,SKU_1020,Coke Zero Can 330ml Mini,Coca Cola,Beverages,25.32,75,1899.0,0
2025-06-04,SKU_1020,Coke Zero Can 330ml Mini,Coca Cola,Beverages,25.25,71,1792.75,0
2025-06-05,SKU_1020,Coke Zero Can 330ml Mini,Coca Cola,Beverages,24.6,74,1820.4,5
2025-06-06,SKU_1020,Coke Zero Can 330ml Mini,Coca Cola,Beverages,21.99,95,2089.05,5
2025-06-07,SKU_1020,Coke Zero Can 330ml Mini,Coca Cola,Beverages,20.48,117,2396.16,0
2025-06-08,SKU_1020,Coke Zero Can 330ml Mini,Coca Cola,Beverages,19.38,139,2693.82,0
2025-06-09,SKU_1020,Coke Zero Can 330ml Mini,Coca Cola,Beverages,18.06,129,2329.74,10
2025-06-10,SKU_1020,Coke Zero Can 330ml Mini,Coca Cola,Beverages,20.13,105,2113.65,10
2025-06-11,SKU_1020,Coke Zero Can 330ml Mini,Coca Cola,Beverages,18.67,96,1792.32,0
2025-06-12,SKU_1020,Coke Zero Can 330ml Mini,Coca Cola,Beverages,17.75,102,1810.5,5
2025-06-13,SKU_1020,Coke Zero Can 330ml Mini,Coca Cola,Beverages,18.51,99,1832.49,5
2025-06-14,SKU_1020,Coke Zero Can 330ml Mini,Coca Cola,Beverages,16.4,159,2607.6,10
2025-06-15,SKU_1020,Coke Zero Can 330ml Mini,Coca Cola,Beverages,17.84,143,2551.12,15
2025-06-16,SKU_1020,Coke Zero Can 330ml Mini,Coca Cola,Beverages,18.3,108,1976.4,15
2025-06-17,SKU_1020,Coke Zero Can 330ml Mini,Coca Cola,Beverages,19.5,96,1872.0,15
2025-06-18,SKU_1020,Coke Zero Can 330ml Mini,Coca Cola,Beverages,18.88,91,1718.08,10
2025-06-19,SKU_1020,Coke Zero Can 330ml Mini,Coca Cola,Beverages,18.41,103,1896.23,0
2025-06-20,SKU_1020,Coke Zero Can 330ml Mini,Coca Cola,Beverages,19.83,94,1864.02,15
2025-06-21,SKU_1020,Coke Zero Can 330ml Mini,Coca Cola,Beverages,22.16,92,2038.72,0
2025-06-22,SKU_1020,Coke Zero Can 330ml Mini,Coca Cola,Beverages,23.85,78,1860.3,5
2025-06-23,SKU_1020,Coke Zero Can 330ml Mini,Coca Cola,Beverages,23.82,64,1524.48,0
2025-06-24,SKU_1020,Coke Zero Can 330ml Mini,Coca Cola,Beverages,25.99,56,1455.44,5
2025-06-25,SKU_1020,Coke Zero Can 330ml Mini,Coca Cola,Beverages,27.12,55,1491.6,0
2025-06-26,SKU_1020,Coke Zero Can 330ml Mini,Coca Cola,Beverages,27.96,43,1202.28,5
2025-06-27,SKU_1020,Coke Zero Can 330ml Mini,Coca Cola,Beverages,28.82,44,1268.08,0
2025-06-28,SKU_1020,Coke Zero Can 330ml Mini,Coca Cola,Beverages,30.22,49,1480.78,0
2025-06-29,SKU_1020,Coke Zero Can 330ml Mini,Coca Cola,Beverages,30.9,51,1575.9,10
