datasets/sales.csv
date,product_id,product_name,brand,category,selling_price,units_sold,revenue,promotion_discount_pct
2025-01-01,SKU_1021,Coke Zero Can 330ml Regular,Coca Cola,Beverages,38.01,125,4751.25,0
2025-01-02,SKU_1021,Coke Zero Can 330ml Regular,Coca Cola,Beverages,43.97,100,4397.0,0
2025-01-03,SKU_1021,Coke Zero Can 330ml Regular,Coca Cola,Beverages,45.82,83,3803.06,15
2025-01-04,SKU_1021,Coke Zero Can 330ml Regular,Coca Cola,Beverages,45.56,121,5512.76,0
2025-01-05,SKU_1021,Coke Zero Can 330ml Regular,Coca Cola,Beverages,46.06,109,5020.54,0
2025-01-06,SKU_1021,Coke Zero Can 330ml Regular,Coca Cola,Beverages,49.42,86,4250.12,5
2025-01-07,SKU_1021,Coke Zero Can 330ml Regular,Coca Cola,Beverages,47.55,85,4041.75,0
2025-01-08,SKU_1021,Coke Zero Can 330ml Regular,Coca Cola,Beverages,48.53,81,3930.93,15
2025-01-09,SKU_1021,Coke Zero Can 330ml Regular,Coca Cola,Beverages,50.68,77,3902.36,10
2025-01-10,SKU_1021,Coke Zero Can 330ml Regular,Coca Cola,Beverages,52.6,73,3839.8,5
2025-01-11,SKU_1021,Coke Zero Can 330ml Regular,Coca Cola,Beverages,51.66,84,4339.44,0
2025-01-12,SKU_1021,Coke Zero Can 330ml Regular,Coca Cola,Beverages,52.08,86,4478.88,0
2025-01-13,SKU_1021,Coke Zero Can 330ml Regular,Coca Cola,Beverages,53.44,62,3313.28,0
2025-01-14,SKU_1021,Coke Zero Can 330ml Regular,Coca Cola,Beverages,52.01,62,3224.62,0
2025-01-15,SKU_1021,Coke Zero Can 330ml Regular,Coca Cola,Beverages,50.56,65,3286.4,5
2025-01-16,SKU_1021,Coke Zero Can 330ml Regular,Coca Cola,Beverages,48.98,69,3379.62,0
2025-01-17,SKU_1021,Coke Zero Can 330ml Regular,Coca Cola,Beverages,47.79,80,3823.2,5
2025-01-18,SKU_1021,Coke Zero Can 330ml Regular,Coca Cola,Beverages,44.88,110,4936.8,5
2025-01-19,SKU_1021,Coke Zero Can 330ml Regular,Coca Cola,Beverages,44.04,102,4492.08,15
2025-01-20,SKU_1021,Coke Zero Can 330ml Regular,Coca Cola,Beverages,43.59,94,4097.46,0
2025-01-21,SKU_1021,Coke Zero Can 330ml Regular,Coca Cola,Beverages,39.56,97,3837.32,10
2025-01-22,SKU_1021,Coke Zero Can 330ml Regular,Coca Cola,Beverages,39.24,112,4394.88,5
2025-01-23,SKU_1021,Coke Zero Can 330ml Regular,Coca Cola,Beverages,34.08,135,4600.8,5
2025-01-24,SKU_1021,Coke Zero Can 330ml Regular,Coca Cola,Beverages,36.57,114,4168.98,10
2025-01-25,SKU_1021,Coke Zero Can 330ml Regular,Coca Cola,Beverages,31.24,187,5841.88,0
2025-01-26,SKU_1021,Coke Zero Can 330ml Regular,Coca Cola,Beverages,30.61,183,5601.63,10
2025-01-27,SKU_1021,Coke Zero Can 330ml Regular,Coca Cola,Beverages,30.32,140,4244.8,15
2025-01-28,SKU_1021,Coke Zero Can 330ml Regular,Coca Cola,Beverages,29.39,149,4379.11,0
2025-01-29,SKU_1021,Coke Zero Can 330ml Regular,Coca Cola,Beverages,28.17,180,5070.6,0
2025-01-30,SKU_1021,Coke Zero Can 330ml Regular,Coca Cola,Beverages,25.57,187,4781.59,5
2025-01-31,SKU_1021,Coke Zero Can 330ml Regular,Coca Cola,Beverages,26.97,186,5016.42,0
2025-02-01,SKU_1021,Coke Zero Can 330ml Regular,Coca Cola,Beverages,24.23,325,7874.75,0
2025-02-02,SKU_1021,Coke Zero Can 330ml Regular,Coca Cola,Beverages,23.25,374,8695.5,0
2025-02-03,SKU_1021,Coke Zero Can 330ml Regular,Coca Cola,Beverages,27.13,234,6348.42,15
2025-02-04,SKU_1021,Coke Zero Can 330ml Regular,Coca Cola,Beverages,24.87,268,6665.16,0
2025-02-05,SKU_1021,Coke Zero Can 330ml Regular,Coca Cola,Beverages,24.37,276,6726.12,0
2025-02-06,SKU_1021,Coke Zero Can 330ml Regular,Coca Cola,Beverages,26.61,232,6173.52,0
2025-02-07,SKU_1021,Coke Zero Can 330ml Regular,Coca Cola,Beverages,25.85,243,6281.55,5
2025-02-08,SKU_1021,Coke Zero Can 330ml Regular,Coca Cola,Beverages,28.09,258,7247.22,15
2025-02-09,SKU_1021,Coke Zero Can 330ml Regular,Coca Cola,Beverages,32.42,211,6840.62,0
2025-02-10,SKU_1021,Coke Zero Can 330ml Regular,Coca Cola,Beverages,33.22,168,5580.96,15
2025-02-11,SKU_1021,Coke Zero Can 330ml Regular,Coca Cola,Beverages,32.93,151,4972.43,15
2025-02-12,SKU_1021,Coke Zero Can 330ml Regular,Coca Cola,Beverages,38.11,123,4687.53,0
2025-02-13,SKU_1021,Coke Zero Can 330ml Regular,Coca Cola,Beverages,36.04,123,4432.92,0
2025-02-14,SKU_1021,Coke Zero Can 330ml Regular,Coca Cola,Beverages,39.51,106,4188.06,5
2025-02-15,SKU_1021,Coke Zero Can 330ml Regular,Coca Cola,Beverages,40.4,141,5696.4,15
2025-02-16,SKU_1021,Coke Zero Can 330ml Regular,Coca Cola,Beverages,43.91,115,5049.65,0
2025-02-17,SKU_1021,Coke Zero Can 330ml Regular,Coca Cola,Beverages,45.99,88,4047.12,0
2025-02-18,SKU_1021,Coke Zero Can 330ml Regular,Coca Cola,Beverages,47.18,87,4104.66,5
2025-02-19,SKU_1021,Coke Zero Can 330ml Regular,Coca Cola,Beverages,46.45,90,4180.5,0
2025-02-20,SKU_1021,Coke Zero Can 330ml Regular,Coca Cola,Beverages,48.52,84,4075.68,10
2025-02-21,SKU_1021,Coke Zero Can 330ml Regular,Coca Cola,Beverages,48.38,84,4063.92,10
2025-02-22,SKU_1021,Coke Zero Can 330ml Regular,Coca Cola,Beverages,53.35,90,4801.5,10
2025-02-23,SKU_1021,Coke Zero Can 330ml Regular,Coca Cola,Beverages,51.61,94,4851.34,10
2025-02-24,SKU_1021,Coke Zero Can 330ml Regular,Coca Cola,Beverages,51.95,66,3428.7,0
2025-02-25,SKU_1021,Coke Zero Can 330ml Regular,Coca Cola,Beverages,50.86,73,3712.78,0
2025-02-26,SKU_1021,Coke Zero Can 330ml Regular,Coca Cola,Beverages,53.3,64,3411.2,0
2025-02-27,SKU_1021,Coke Zero Can 330ml Regular,Coca Cola,Beverages,49.14,77,3783.78,0
2025-02-28,SKU_1021,Coke Zero Can 330ml Regular,Coca Cola,Beverages,48.54,75,3640.5,0
2025-03-01,SKU_1021,Coke Zero Can 330ml Regular,Coca Cola,Beverages,46.97,128,6012.16,5
2025-03-02,SKU_1021,Coke Zero Can 330ml Regular,Coca Cola,Beverages,49.08,105,5153.4,5
2025-03-03,SKU_1021,Coke Zero Can 330ml Regular,Coca Cola,Beverages,47.48,101,4795.48,0
2025-03-04,SKU_1021,Coke Zero Can 330ml Regular,Coca Cola,Beverages,43.29,105,4545.45,5
2025-03-05,SKU_1021,Coke Zero Can 330ml Regular,Coca Cola,Beverages,42.27,110,4649.7,15
2025-03-06,SKU_1021,Coke Zero Can 330ml Regular,Coca Cola,Beverages,40.03,131,5243.93,10
2025-03-07,SKU_1021,Coke Zero Can 330ml Regular,Coca Cola,Beverages,39.46,136,5366.56,5
2025-03-08,SKU_1021,Coke Zero Can 330ml Regular,Coca Cola,Beverages,37.39,186,6954.54,5
2025-03-09,SKU_1021,Coke Zero Can 330ml Regular,Coca Cola,Beverages,35.92,177,6357.84,10
2025-03-10,SKU_1021,Coke Zero Can 330ml Regular,Coca Cola,Beverages,33.36,365,12176.4,15
2025-03-11,SKU_1021,Coke Zero Can 330ml Regular,Coca Cola,Beverages,29.95,272,8146.4,0
2025-03-12,SKU_1021,Coke Zero Can 330ml Regular,Coca Cola,Beverages,30.82,250,7705.0,0
2025-03-13,SKU_1021,Coke Zero Can 330ml Regular,Coca Cola,Beverages,30.14,317,9554.38,0
2025-03-14,SKU_1021,Coke Zero Can 330ml Regular,Coca Cola,Beverages,27.37,321,8785.77,0
2025-03-15,SKU_1021,Coke Zero Can 330ml Regular,Coca Cola,Beverages,26.4,337,8896.8,0
2025-03-16,SKU_1021,Coke Zero Can 330ml Regular,Coca Cola,Beverages,24.33,451,10972.83,15
2025-03-17,SKU_1021,Coke Zero Can 330ml Regular,Coca Cola,Beverages,22.72,428,9724.16,10
2025-03-18,SKU_1021,Coke Zero Can 330ml Regular,Coca Cola,Beverages,24.57,223,5479.11,15
2025-03-19,SKU_1021,Coke Zero Can 330ml Regular,Coca Cola,Beverages,25.78,239,6161.42,0
2025-03-20,SKU_1021,Coke Zero Can 330ml Regular,Coca Cola,Beverages,23.53,240,5647.2,15
2025-03-21,SKU_1021,Coke Zero Can 330ml Regular,Coca Cola,Beverages,26.32,229,6027.28,0
2025-03-22,SKU_1021,Coke Zero Can 330ml Regular,Coca Cola,Beverages,25.27,299,7555.73,0
2025-03-23,SKU_1021,Coke Zero Can 330ml Regular,Coca Cola,Beverages,29.94,214,6407.16,0
2025-03-24,SKU_1021,Coke Zero Can 330ml Regular,Coca Cola,Beverages,29.4,177,5203.8,0
2025-03-25,SKU_1021,Coke Zero Can 330ml Regular,Coca Cola,Beverages,32.12,151,4850.12,0
2025-03-26,SKU_1021,Coke Zero Can 330ml Regular,Coca Cola,Beverages,30.82,158,4869.56,0
2025-03-27,SKU_1021,Coke Zero Can 330ml Regular,Coca Cola,Beverages,36.02,127,4574.54,10
2025-03-28,SKU_1021,Coke Zero Can 330ml Regular,Coca Cola,Beverages,35.59,118,4199.62,5
2025-03-29,SKU_1021,Coke Zero Can 330ml Regular,Coca Cola,Beverages,39.65,132,5233.8,0
2025-03-30,SKU_1021,Coke Zero Can 330ml Regular,Coca Cola,Beverages,40.74,117,4766.58,0
2025-03-31,SKU_1021,Coke Zero Can 330ml Regular,Coca Cola,Beverages,42.53,90,3827.7,0
2025-04-01,SKU_1021,Coke Zero Can 330ml Regular,Coca Cola,Beverages,45.23,100,4523.0,15
2025-04-02,SKU_1021,Coke Zero Can 330ml Regular,Coca Cola,Beverages,46.68,97,4527.96,5
2025-04-03,SKU_1021,Coke Zero Can 330ml Regular,Coca Cola,Beverages,48.34,98,4737.32,15
2025-04-04,SKU_1021,Coke Zero Can 330ml Regular,Coca Cola,Beverages,48.56,97,4710.32,0
2025-04-05,SKU_1021,Coke Zero Can 330ml Regular,Coca Cola,Beverages,49.9,109,5439.1,0
2025-04-06,SKU_1021,Coke Zero Can 330ml Regular,Coca Cola,Beverages,51.82,103,5337.46,10
2025-04-07,SKU_1021,Coke Zero Can 330ml Regular,Coca Cola,Beverages,51.77,85,4400.45,5
2025-04-08,SKU_1021,Coke Zero Can 330ml Regular,Coca Cola,Beverages,50.38,94,4735.72,15
2025-04-09,SKU_1021,Coke Zero Can 330ml Regular,Coca Cola,Beverages,53.96,74,3993.04,10
2025-04-10,SKU_1021,Coke Zero Can 330ml Regular,Coca Cola,Beverages,51.21,90,4608.9,0
2025-04-11,SKU_1021,Coke Zero Can 330ml Regular,Coca Cola,Beverages,50.94,78,3973.32,15
2025-04-12,SKU_1021,Coke Zero Can 330ml Regular,Coca Cola,Beverages,48.39,106,5129.34,15
2025-04-13,SKU_1021,Coke Zero Can 330ml Regular,Coca Cola,Beverages,51.15,92,4705.8,10
2025-04-14,SKU_1021,Coke Zero Can 330ml Regular,Coca Cola,Beverages,48.84,80,3907.2,0
2025-04-15,SKU_1021,Coke Zero Can 330ml Regular,Coca Cola,Beverages,44.79,99,4434.21,10
2025-04-16,SKU_1021,Coke Zero Can 330ml Regular,Coca Cola,Beverages,46.92,90,4222.8,5
2025-04-17,SKU_1021,Coke Zero Can 330ml Regular,Coca Cola,Beverages,42.3,98,4145.4,0
2025-04-18,SKU_1021,Coke Zero Can 330ml Regular,Coca Cola,Beverages,41.57,111,4614.27,0
2025-04-19,SKU_1021,Coke Zero Can 330ml Regular,Coca Cola,Beverages,39.17,135,5287.95,15
2025-04-20,SKU_1021,Coke Zero Can 330ml Regular,Coca Cola,Beverages,37.72,153,5771.16,0
2025-04-21,SKU_1021,Coke Zero Can 330ml Regular,Coca Cola,Beverages,36.92,117,4319.64,0
2025-04-22,SKU_1021,Coke Zero Can 330ml Regular,Coca Cola,Beverages,35.31,124,4378.44,0
2025-04-23,SKU_1021,Coke Zero Can 330ml Regular,Coca Cola,Beverages,30.84,179,5520.36,0
2025-04-24,SKU_1021,Coke Zero Can 330ml Regular,Coca Cola,Beverages,32.86,151,4961.86,0
2025-04-25,SKU_1021,Coke Zero Can 330ml Regular,Coca Cola,Beverages,30.27,181,5478.87,10
2025-04-26,SKU_1021,Coke Zero Can 330ml Regular,Coca Cola,Beverages,29.92,204,6103.68,0
2025-04-27,SKU_1021,Coke Zero Can 330ml Regular,Coca Cola,Beverages,26.14,248,6482.72,0
2025-04-28,SKU_1021,Coke Zero Can 330ml Regular,Coca Cola,Beverages,25.28,224,5662.72,15
2025-04-29,SKU_1021,Coke Zero Can 330ml Regular,Coca Cola,Beverages,25.04,218,5458.72,5
2025-04-30,SKU_1021,Coke Zero Can 330ml Regular,Coca Cola,Beverages,23.2,253,5869.6,0
2025-05-01,SKU_1021,Coke Zero Can 330ml Regular,Coca Cola,Beverages,24.21,298,7214.58,0
2025-05-02,SKU_1021,Coke Zero Can 330ml Regular,Coca Cola,Beverages,25.14,265,6662.1,0
2025-05-03,SKU_1021,Coke Zero Can 330ml Regular,Coca Cola,Beverages,23.8,349,8306.2,0
2025-05-04,SKU_1021,Coke Zero Can 330ml Regular,Coca Cola,Beverages,27.37,271,7417.27,15
2025-05-05,SKU_1021,Coke Zero Can 330ml Regular,Coca Cola,Beverages,27.23,235,6399.05,0
2025-05-06,SKU_1021,Coke Zero Can 330ml Regular,Coca Cola,Beverages,27.0,248,6696.0,0
2025-05-07,SKU_1021,Coke Zero Can 330ml Regular,Coca Cola,Beverages,28.74,201,5776.74,5
2025-05-08,SKU_1021,Coke Zero Can 330ml Regular,Coca Cola,Beverages,29.19,205,5983.95,10
2025-05-09,SKU_1021,Coke Zero Can 330ml Regular,Coca Cola,Beverages,31.43,196,6160.28,0
2025-05-10,SKU_1021,Coke Zero Can 330ml Regular,Coca Cola,Beverages,36.39,178,6477.42,0
2025-05-11,SKU_1021,Coke Zero Can 330ml Regular,Coca Cola,Beverages,36.06,171,6166.26,15
2025-05-12,SKU_1021,Coke Zero Can 330ml Regular,Coca Cola,Beverages,39.47,116,4578.52,10
2025-05-13,SKU_1021,Coke Zero Can 330ml Regular,Coca Cola,Beverages,42.03,95,3992.85,0
2025-05-14,SKU_1021,Coke Zero Can 330ml Regular,Coca Cola,Beverages,41.47,100,4147.0,5
2025-05-15,SKU_1021,Coke Zero Can 330ml Regular,Coca Cola,Beverages,43.49,89,3870.61,5
2025-05-16,SKU_1021,Coke Zero Can 330ml Regular,Coca Cola,Beverages,43.99,87,3827.13,5
2025-05-17,SKU_1021,Coke Zero Can 330ml Regular,Coca Cola,Beverages,44.95,104,4674.8,5
2025-05-18,SKU_1021,Coke Zero Can 330ml Regular,Coca Cola,Beverages,50.6,94,4756.4,15
2025-05-19,SKU_1021,Coke Zero Can 330ml Regular,Coca Cola,Beverages,49.78,72,3584.16,0
2025-05-20,SKU_1021,Coke Zero Can 330ml Regular,Coca Cola,Beverages,50.93,74,3768.82,10
2025-05-21,SKU_1021,Coke Zero Can 330ml Regular,Coca Cola,Beverages,50.35,76,3826.6,5
2025-05-22,SKU_1021,Coke Zero Can 330ml Regular,Coca Cola,Beverages,53.7,66,3544.2,0
2025-05-23,SKU_1021,Coke Zero Can 330ml Regular,Coca Cola,Beverages,52.73,71,3743.83,0
2025-05-24,SKU_1021,Coke Zero Can 330ml Regular,Coca Cola,Beverages,51.92,92,4776.64,0
2025-05-25,SKU_1021,Coke Zero Can 330ml Regular,Coca Cola,Beverages,53.17,80,4253.6,0
2025-05-26,SKU_1021,Coke Zero Can 330ml Regular,Coca Cola,Beverages,51.33,65,3336.45,0
2025-05-27,SKU_1021,Coke Zero Can 330ml Regular,Coca Cola,Beverages,51.76,66,3416.16,0
2025-05-28,SKU_1021,Coke Zero Can 330ml Regular,Coca Cola,Beverages,47.76,70,3343.2,0
2025-05-29,SKU_1021,Coke Zero Can 330ml Regular,Coca Cola,Beverages,47.31,72,3406.32,5
2025-05-30,SKU_1021,Coke Zero Can 330ml Regular,Coca Cola,Beverages,44.01,83,3652.83,0
2025-05-31,SKU_1021,Coke Zero Can 330ml Regular,Coca Cola,Beverages,44.79,105,4702.95,0
2025-06-01,SKU_1021,Coke Zero Can 330ml Regular,Coca Cola,Beverages,39.91,159,6345.69,0
2025-06-02,SKU_1021,Coke Zero Can 330ml Regular,Coca Cola,Beverages,41.01,113,4634.13,0
2025-06-03,SKU_1021,Coke Zero Can 330ml Regular,Coca Cola,Beverages,36.98,139,5140.22,0
2025-06-04,SKU_1021,Coke Zero Can 330ml Regular,Coca Cola,Beverages,34.93,140,4890.2,5
2025-06-05,SKU_1021,Coke Zero Can 330ml Regular,Coca Cola,Beverages,33.08,167,5524.36,5
2025-06-06,SKU_1021,Coke Zero Can 330ml Regular,Coca Cola,Beverages,34.22,154,5269.88,15
2025-06-07,SKU_1021,Coke Zero Can 330ml Regular,Coca Cola,Beverages,30.74,241,7408.34,15
2025-06-08,SKU_1021,Coke Zero Can 330ml Regular,Coca Cola,Beverages,31.23,205,6402.15,0
2025-06-09,SKU_1021,Coke Zero Can 330ml Regular,Coca Cola,Beverages,27.77,196,5442.92,0
2025-06-10,SKU_1021,Coke Zero Can 330ml Regular,Coca Cola,Beverages,25.96,252,6541.92,5
2025-06-11,SKU_1021,Coke Zero Can 330ml Regular,Coca Cola,Beverages,23.98,247,5923.06,15
2025-06-12,SKU_1021,Coke Zero Can 330ml Regular,Coca Cola,Beverages,26.66,206,5491.96,5
2025-06-13,SKU_1021,Coke Zero Can 330ml Regular,Coca Cola,Beverages,22.77,259,5897.43,15
2025-06-14,SKU_1021,Coke Zero Can 330ml Regular,Coca Cola,Beverages,24.17,268,6477.56,0
2025-06-15,SKU_1021,Coke Zero Can 330ml Regular,Coca Cola,Beverages,22.88,296,6772.48,15
2025-06-16,SKU_1021,Coke Zero Can 330ml Regular,Coca Cola,Beverages,23.52,238,5597.76,15
2025-06-17,SKU_1021,Coke Zero Can 330ml Regular,Coca Cola,Beverages,26.2,202,5292.4,0
2025-06-18,SKU_1021,Coke Zero Can 330ml Regular,Coca Cola,Beverages,27.21,179,4870.59,15
2025-06-19,SKU_1021,Coke Zero Can 330ml Regular,Coca Cola,Beverages,26.5,205,5432.5,15
2025-06-20,SKU_1021,Coke Zero Can 330ml Regular,Coca Cola,Beverages,28.85,180,5193.0,5
2025-06-21,SKU_1021,Coke Zero Can 330ml Regular,Coca Cola,Beverages,28.86,200,5772.0,15
2025-06-22,SKU_1021,Coke Zero Can 330ml Regular,Coca Cola,Beverages,32.0,165,5280.0,5
2025-06-23,SKU_1021,Coke Zero Can 330ml Regular,Coca Cola,Beverages,36.32,119,4322.08,0
2025-06-24,SKU_1021,Coke Zero Can 330ml Regular,Coca Cola,Beverages,34.96,127,4439.92,0
2025-06-25,SKU_1021,Coke Zero Can 330ml Regular,Coca Cola,Beverages,36.93,114,4210.02,0
2025-06-26,SKU_1021,Coke Zero Can 330ml Regular,Coca Cola,Beverages,38.17,99,3778.83,0
2025-06-27,SKU_1021,Coke Zero Can 330ml Regular,Coca Cola,Beverages,43.53,83,3612.99,10
2025-06-28,SKU_1021,Coke Zero Can 330ml Regular,Coca Cola,Beverages,45.23,92,4161.16,0
2025-06-29,SKU_1021,Coke Zero Can 330ml Regular,Coca Cola,Beverages,45.63,89,4061.07,0
