datasets/sales.csv
date,product_id,product_name,brand,category,selling_price,units_sold,revenue,promotion_discount_pct
2025-01-01,SKU_1022,Coke Zero Can 330ml Value,Coca Cola,Beverages,45.93,72,3306.96,15
2025-01-02,SKU_1022,Coke Zero Can 330ml Value,Coca Cola,Beverages,52.5,60,3150.0,0
2025-01-03,SKU_1022,Coke Zero Can 330ml Value,Coca Cola,Beverages,52.72,54,2846.88,0
2025-01-04,SKU_1022,Coke Zero Can 330ml Value,Coca Cola,Beverages,55.23,66,3645.18,10
2025-01-05,SKU_1022,Coke Zero Can 330ml Value,Coca Cola,Beverages,55.35,68,3763.8,0
2025-01-06,SKU_1022,Coke Zero Can 330ml Value,Coca Cola,Beverages,56.43,53,2990.79,10
2025-01-07,SKU_1022,Coke Zero Can 330ml Value,Coca Cola,Beverages,57.08,48,2739.84,10
2025-01-08,SKU_1022,Coke Zero Can 330ml Value,Coca Cola,Beverages,60.14,48,2886.72,10
2025-01-09,SKU_1022,Coke Zero Can 330ml Value,Coca Cola,Beverages,60.11,45,2704.95,0
2025-01-10,SKU_1022,Coke Zero Can 330ml Value,Coca Cola,Beverages,62.41,43,2683.63,0
2025-01-11,SKU_1022,Coke Zero Can 330ml Value,Coca Cola,Beverages,60.61,54,3272.94,15
2025-01-12,SKU_1022,Coke Zero Can 330ml Value,Coca Cola,Beverages,63.4,43,2726.2,0
2025-01-13,SKU_1022,Coke Zero Can 330ml Value,Coca Cola,Beverages,59.9,38,2276.2,10
2025-01-14,SKU_1022,Coke Zero Can 330ml Value,Coca Cola,Beverages,61.97,41,2540.77,0
2025-01-15,SKU_1022,Coke Zero Can 330ml Value,Coca Cola,Beverages,59.49,41,2439.09,10
2025-01-16,SKU_1022,Coke Zero Can 330ml Value,Coca Cola,Beverages,60.39,42,2536.38,0
2025-01-17,SKU_1022,Coke Zero Can 330ml Value,Coca Cola,Beverages,57.41,45,2583.45,0
2025-01-18,SKU_1022,Coke Zero Can 330ml Value,Coca Cola,Beverages,51.99,68,3535.32,15
2025-01-19,SKU_1022,Coke Zero Can 330ml Value,Coca Cola,Beverages,52.66,63,3317.58,10
2025-01-20,SKU_1022,Coke Zero Can 330ml Value,Coca Cola,Beverages,51.57,55,2836.35,0
2025-01-21,SKU_1022,Coke Zero Can 330ml Value,Coca Cola,Beverages,47.33,60,2839.8,5
2025-01-22,SKU_1022,Coke Zero Can 330ml Value,Coca Cola,Beverages,47.3,57,2696.1,0
2025-01-23,SKU_1022,Coke Zero Can 330ml Value,Coca Cola,Beverages,43.09,72,3102.48,0
2025-01-24,SKU_1022,Coke Zero Can 330ml Value,Coca Cola,Beverages,43.7,75,3277.5,0
2025-01-25,SKU_1022,Coke Zero Can 330ml Value,Coca Cola,Beverages,36.79,109,4010.11,15
2025-01-26,SKU_1022,Coke Zero Can 330ml Value,Coca Cola,Beverages,37.33,109,4068.97,0
2025-01-27,SKU_1022,Coke Zero Can 330ml Value,Coca Cola,Beverages,36.66,81,2969.46,15
2025-01-28,SKU_1022,Coke Zero Can 330ml Value,Coca Cola,Beverages,32.31,113,3651.03,0
2025-01-29,SKU_1022,Coke Zero Can 330ml Value,Coca Cola,Beverages,30.4,120,3648.0,5
2025-01-30,SKU_1022,Coke Zero Can 330ml Value,Coca Cola,Beverages,32.05,101,3237.05,0
2025-01-31,SKU_1022,Coke Zero Can 330ml Value,Coca Cola,Beverages,32.8,97,3181.6,0
2025-02-01,SKU_1022,Coke Zero Can 330ml Value,Coca Cola,Beverages,29.89,173,5170.97,0
2025-02-02,SKU_1022,Coke Zero Can 330ml Value,Coca Cola,Beverages,27.99,196,5486.04,0
2025-02-03,SKU_1022,Coke Zero Can 330ml Value,Coca Cola,Beverages,28.41,154,4375.14,0
2025-02-04,SKU_1022,Coke Zero Can 330ml Value,Coca Cola,Beverages,32.86,131,4304.66,15
2025-02-05,SKU_1022,Coke Zero Can 330ml Value,Coca Cola,Beverages,28.71,163,4679.73,15
2025-02-06,SKU_1022,Coke Zero Can 330ml Value,Coca Cola,Beverages,33.11,128,4238.08,0
2025-02-07,SKU_1022,Coke Zero Can 330ml Value,Coca Cola,Beverages,33.15,135,4475.25,0
2025-02-08,SKU_1022,Coke Zero Can 330ml Value,Coca Cola,Beverages,34.19,144,4923.36,5
2025-02-09,SKU_1022,Coke Zero Can 330ml Value,Coca Cola,Beverages,35.19,151,5313.69,0
2025-02-10,SKU_1022,Coke Zero Can 330ml Value,Coca Cola,Beverages,41.57,84,3491.88,0
2025-02-11,SKU_1022,Coke Zero Can 330ml Value,Coca Cola,Beverages,41.34,84,3472.56,0
2025-02-12,SKU_1022,Coke Zero Can 330ml Value,Coca Cola,Beverages,45.22,66,2984.52,0
2025-02-13,SKU_1022,Coke Zero Can 330ml Value,Coca Cola,Beverages,43.81,75,3285.75,5
2025-02-14,SKU_1022,Coke Zero Can 330ml Value,Coca Cola,Beverages,49.94,60,2996.4,0
2025-02-15,SKU_1022,Coke Zero Can 330ml Value,Coca Cola,Beverages,50.29,68,3419.72,0
2025-02-16,SKU_1022,Coke Zero Can 330ml Value,Coca Cola,Beverages,52.3,72,3765.6,0
2025-02-17,SKU_1022,Coke Zero Can 330ml Value,Coca Cola,Beverages,52.2,57,2975.4,15
2025-02-18,SKU_1022,Coke Zero Can 330ml Value,Coca Cola,Beverages,58.41,46,2686.86,0
2025-02-19,SKU_1022,Coke Zero Can 330ml Value,Coca Cola,Beverages,58.83,46,2706.18,5
2025-02-20,SKU_1022,Coke Zero Can 330ml Value,Coca Cola,Beverages,60.87,45,2739.15,0
2025-02-21,SKU_1022,Coke Zero Can 330ml Value,Coca Cola,Beverages,60.38,44,2656.72,15
2025-02-22,SKU_1022,Coke Zero Can 330ml Value,Coca Cola,Beverages,63.95,47,3005.65,0
2025-02-23,SKU_1022,Coke Zero Can 330ml Value,Coca Cola,Beverages,59.68,55,3282.4,5
2025-02-24,SKU_1022,Coke Zero Can 330ml Value,Coca Cola,Beverages,62.17,43,2673.31,0
2025-02-25,SKU_1022,Coke Zero Can 330ml Value,Coca Cola,Beverages,62.71,40,2508.4,10
2025-02-26,SKU_1022,Coke Zero Can 330ml Value,Coca Cola,Beverages,59.16,44,2603.04,15
2025-02-27,SKU_1022,Coke Zero Can 330ml Value,Coca Cola,Beverages,61.64,42,2588.88,5
2025-02-28,SKU_1022,Coke Zero Can 330ml Value,Coca Cola,Beverages,57.62,41,2362.42,0
2025-03-01,SKU_1022,Coke Zero Can 330ml Value,Coca Cola,Beverages,56.1,70,3927.0,0
2025-03-02,SKU_1022,Coke Zero Can 330ml Value,Coca Cola,Beverages,56.67,74,4193.58,5
2025-03-03,SKU_1022,Coke Zero Can 330ml Value,Coca Cola,Beverages,55.2,58,3201.6,5
2025-03-04,SKU_1022,Coke Zero Can 330ml Value,Coca Cola,Beverages,53.37,67,3575.79,10
2025-03-05,SKU_1022,Coke Zero Can 330ml Value,Coca Cola,Beverages,48.95,66,3230.7,15
2025-03-06,SKU_1022,Coke Zero Can 330ml Value,Coca Cola,Beverages,49.8,68,3386.4,15
2025-03-07,SKU_1022,Coke Zero Can 330ml Value,Coca Cola,Beverages,47.78,70,3344.6,0
2025-03-08,SKU_1022,Coke Zero Can 330ml Value,Coca Cola,Beverages,41.16,111,4568.76,5
2025-03-09,SKU_1022,Coke Zero Can 330ml Value,Coca Cola,Beverages,40.06,128,5127.68,15
2025-03-10,SKU_1022,Coke Zero Can 330ml Value,Coca Cola,Beverages,36.47,204,7439.88,5
2025-03-11,SKU_1022,Coke Zero Can 330ml Value,Coca Cola,Beverages,38.89,130,5055.7,15
2025-03-12,SKU_1022,Coke Zero Can 330ml Value,Coca Cola,Beverages,33.92,153,5189.76,0
2025-03-13,SKU_1022,Coke Zero Can 330ml Value,Coca Cola,Beverages,35.1,153,5370.3,0
2025-03-14,SKU_1022,Coke Zero Can 330ml Value,Coca Cola,Beverages,30.6,238,7282.8,10
2025-03-15,SKU_1022,Coke Zero Can 330ml Value,Coca Cola,Beverages,32.01,261,8354.61,0
2025-03-16,SKU_1022,Coke Zero Can 330ml Value,Coca Cola,Beverages,32.76,305,9991.8,0
2025-03-17,SKU_1022,Coke Zero Can 330ml Value,Coca Cola,Beverages,28.36,318,9018.48,5
2025-03-18,SKU_1022,Coke Zero Can 330ml Value,Coca Cola,Beverages,28.41,152,4318.32,5
2025-03-19,SKU_1022,Coke Zero Can 330ml Value,Coca Cola,Beverages,27.61,167,4610.87,5
2025-03-20,SKU_1022,Coke Zero Can 330ml Value,Coca Cola,Beverages,32.68,114,3725.52,0
2025-03-21,SKU_1022,Coke Zero Can 330ml Value,Coca Cola,Beverages,31.5,135,4252.5,0
2025-03-22,SKU_1022,Coke Zero Can 330ml Value,Coca Cola,Beverages,31.74,164,5205.36,0
2025-03-23,SKU_1022,Coke Zero Can 330ml Value,Coca Cola,Beverages,32.92,158,5201.36,0
2025-03-24,SKU_1022,Coke Zero Can 330ml Value,Coca Cola,Beverages,37.58,90,3382.2,5
2025-03-25,SKU_1022,Coke Zero Can 330ml Value,Coca Cola,Beverages,35.56,104,3698.24,15
2025-03-26,SKU_1022,Coke Zero Can 330ml Value,Coca Cola,Beverages,38.76,80,3100.8,5
2025-03-27,SKU_1022,Coke Zero Can 330ml Value,Coca Cola,Beverages,42.71,72,3075.12,15
2025-03-28,SKU_1022,Coke Zero Can 330ml Value,Coca Cola,Beverages,45.75,63,2882.25,15
2025-03-29,SKU_1022,Coke Zero Can 330ml Value,Coca Cola,Beverages,46.36,82,3801.52,0
2025-03-30,SKU_1022,Coke Zero Can 330ml Value,Coca Cola,Beverages,48.62,71,3452.02,0
2025-03-31,SKU_1022,Coke Zero Can 330ml Value,Coca Cola,Beverages,49.46,55,2720.3,5
2025-04-01,SKU_1022,Coke Zero Can 330ml Value,Coca Cola,Beverages,50.71,70,3549.7,0
2025-04-02,SKU_1022,Coke Zero Can 330ml Value,Coca Cola,Beverages,55.69,61,3397.09,0
2025-04-03,SKU_1022,Coke Zero Can 330ml Value,Coca Cola,Beverages,57.59,53,3052.27,0
2025-04-04,SKU_1022,Coke Zero Can 330ml Value,Coca Cola,Beverages,60.2,51,3070.2,0
2025-04-05,SKU_1022,Coke Zero Can 330ml Value,Coca Cola,Beverages,60.65,62,3760.3,15
2025-04-06,SKU_1022,Coke Zero Can 330ml Value,Coca Cola,Beverages,61.15,68,4158.2,0
2025-04-07,SKU_1022,Coke Zero Can 330ml Value,Coca Cola,Beverages,61.96,48,2974.08,0
2025-04-08,SKU_1022,Coke Zero Can 330ml Value,Coca Cola,Beverages,64.37,48,3089.76,0
2025-04-09,SKU_1022,Coke Zero Can 330ml Value,Coca Cola,Beverages,63.05,52,3278.6,0
2025-04-10,SKU_1022,Coke Zero Can 330ml Value,Coca Cola,Beverages,61.99,51,3161.49,0
2025-04-11,SKU_1022,Coke Zero Can 330ml Value,Coca Cola,Beverages,60.85,44,2677.4,10
2025-04-12,SKU_1022,Coke Zero Can 330ml Value,Coca Cola,Beverages,62.89,54,3396.06,0
2025-04-13,SKU_1022,Coke Zero Can 330ml Value,Coca Cola,Beverages,56.94,66,3758.04,5
2025-04-14,SKU_1022,Coke Zero Can 330ml Value,Coca Cola,Beverages,60.28,45,2712.6,10
2025-04-15,SKU_1022,Coke Zero Can 330ml Value,Coca Cola,Beverages,53.92,57,3073.44,0
2025-04-16,SKU_1022,Coke Zero Can 330ml Value,Coca Cola,Beverages,52.38,58,3038.04,5
2025-04-17,SKU_1022,Coke Zero Can 330ml Value,Coca Cola,Beverages,51.31,54,2770.74,10
2025-04-18,SKU_1022,Coke Zero Can 330ml Value,Coca Cola,Beverages,49.92,57,2845.44,10
2025-04-19,SKU_1022,Coke Zero Can 330ml Value,Coca Cola,Beverages,50.51,76,3838.76,5
2025-04-20,SKU_1022,Coke Zero Can 330ml Value,Coca Cola,Beverages,48.09,84,4039.56,0
2025-04-21,SKU_1022,Coke Zero Can 330ml Value,Coca Cola,Beverages,45.58,68,3099.44,10
2025-04-22,SKU_1022,Coke Zero Can 330ml Value,Coca Cola,Beverages,42.38,77,3263.26,0
2025-04-23,SKU_1022,Coke Zero Can 330ml Value,Coca Cola,Beverages,38.06,94,3577.64,15
2025-04-24,SKU_1022,Coke Zero Can 330ml Value,Coca Cola,Beverages,36.55,95,3472.25,0
2025-04-25,SKU_1022,Coke Zero Can 330ml Value,Coca Cola,Beverages,36.56,100,3656.0,10
2025-04-26,SKU_1022,Coke Zero Can 330ml Value,Coca Cola,Beverages,35.22,131,4613.82,0
2025-04-27,SKU_1022,Coke Zero Can 330ml Value,Coca Cola,Beverages,31.94,140,4471.6,10
2025-04-28,SKU_1022,Coke Zero Can 330ml Value,Coca Cola,Beverages,30.43,115,3499.45,0
2025-04-29,SKU_1022,Coke Zero Can 330ml Value,Coca Cola,Beverages,29.09,136,3956.24,10
2025-04-30,SKU_1022,Coke Zero Can 330ml Value,Coca Cola,Beverages,30.67,116,3557.72,10
2025-05-01,SKU_1022,Coke Zero Can 330ml Value,Coca Cola,Beverages,28.81,167,4811.27,0
2025-05-02,SKU_1022,Coke Zero Can 330ml Value,Coca Cola,Beverages,30.16,151,4554.16,5
2025-05-03,SKU_1022,Coke Zero Can 330ml Value,Coca Cola,Beverages,29.68,184,5461.12,15
2025-05-04,SKU_1022,Coke Zero Can 330ml Value,Coca Cola,Beverages,32.81,156,5118.36,0
2025-05-05,SKU_1022,Coke Zero Can 330ml Value,Coca Cola,Beverages,31.11,138,4293.18,0
2025-05-06,SKU_1022,Coke Zero Can 330ml Value,Coca Cola,Beverages,31.36,137,4296.32,15
2025-05-07,SKU_1022,Coke Zero Can 330ml Value,Coca Cola,Beverages,35.42,117,4144.14,15
2025-05-08,SKU_1022,Coke Zero Can 330ml Value,Coca Cola,Beverages,36.66,120,4399.2,0
2025-05-09,SKU_1022,Coke Zero Can 330ml Value,Coca Cola,Beverages,37.15,115,4272.25,0
2025-05-10,SKU_1022,Coke Zero Can 330ml Value,Coca Cola,Beverages,43.9,110,4829.0,10
2025-05-11,SKU_1022,Coke Zero Can 330ml Value,Coca Cola,Beverages,43.56,88,3833.28,0
2025-05-12,SKU_1022,Coke Zero Can 330ml Value,Coca Cola,Beverages,48.5,63,3055.5,10
2025-05-13,SKU_1022,Coke Zero Can 330ml Value,Coca Cola,Beverages,49.58,65,3222.7,15
2025-05-14,SKU_1022,Coke Zero Can 330ml Value,Coca Cola,Beverages,48.27,58,2799.66,0
2025-05-15,SKU_1022,Coke Zero Can 330ml Value,Coca Cola,Beverages,55.28,49,2708.72,10
2025-05-16,SKU_1022,Coke Zero Can 330ml Value,Coca Cola,Beverages,56.33,49,2760.17,0
2025-05-17,SKU_1022,Coke Zero Can 330ml Value,Coca Cola,Beverages,58.75,57,3348.75,0
2025-05-18,SKU_1022,Coke Zero Can 330ml Value,Coca Cola,Beverages,56.66,56,3172.96,10
2025-05-19,SKU_1022,Coke Zero Can 330ml Value,Coca Cola,Beverages,59.18,42,2485.56,5
2025-05-20,SKU_1022,Coke Zero Can 330ml Value,Coca Cola,Beverages,60.17,47,2827.99,10
2025-05-21,SKU_1022,Coke Zero Can 330ml Value,Coca Cola,Beverages,61.15,44,2690.6,5
2025-05-22,SKU_1022,Coke Zero Can 330ml Value,Coca Cola,Beverages,61.26,43,2634.18,10
2025-05-23,SKU_1022,Coke Zero Can 330ml Value,Coca Cola,Beverages,64.2,40,2568.0,0
2025-05-24,SKU_1022,Coke Zero Can 330ml Value,Coca Cola,Beverages,61.37,52,3191.24,15
2025-05-25,SKU_1022,Coke Zero Can 330ml Value,Coca Cola,Beverages,60.92,56,3411.52,0
2025-05-26,SKU_1022,Coke Zero Can 330ml Value,Coca Cola,Beverages,59.63,41,2444.83,15
2025-05-27,SKU_1022,Coke Zero Can 330ml Value,Coca Cola,Beverages,58.82,41,2411.62,0
2025-05-28,SKU_1022,Coke Zero Can 330ml Value,Coca Cola,Beverages,60.21,41,2468.61,0
2025-05-29,SKU_1022,Coke Zero Can 330ml Value,Coca Cola,Beverages,57.95,39,2260.05,5
2025-05-30,SKU_1022,Coke Zero Can 330ml Value,Coca Cola,Beverages,53.01,50,2650.5,10
2025-05-31,SKU_1022,Coke Zero Can 330ml Value,Coca Cola,Beverages,53.15,56,2976.4,0
2025-06-01,SKU_1022,Coke Zero Can 330ml Value,Coca Cola,Beverages,49.5,88,4356.0,0
2025-06-02,SKU_1022,Coke Zero Can 330ml Value,Coca Cola,Beverages,45.48,78,3547.44,5
2025-06-03,SKU_1022,Coke Zero Can 330ml Value,Coca Cola,Beverages,45.4,73,3314.2,10
2025-06-04,SKU_1022,Coke Zero Can 330ml Value,Coca Cola,Beverages,45.84,71,3254.64,10
2025-06-05,SKU_1022,Coke Zero Can 330ml Value,Coca Cola,Beverages,43.68,75,3276.0,15
2025-06-06,SKU_1022,Coke Zero Can 330ml Value,Coca Cola,Beverages,40.85,94,3839.9,15
2025-06-07,SKU_1022,Coke Zero Can 330ml Value,Coca Cola,Beverages,37.2,121,4501.2,10
2025-06-08,SKU_1022,Coke Zero Can 330ml Value,Coca Cola,Beverages,32.83,162,5318.46,0
2025-06-09,SKU_1022,Coke Zero Can 330ml Value,Coca Cola,Beverages,35.41,116,4107.56,5
2025-06-10,SKU_1022,Coke Zero Can 330ml Value,Coca Cola,Beverages,33.24,133,4420.92,5
2025-06-11,SKU_1022,Coke Zero Can 330ml Value,Coca Cola,Beverages,30.41,120,3649.2,10
2025-06-12,SKU_1022,Coke Zero Can 330ml Value,Coca Cola,Beverages,28.56,133,3798.48,0
2025-06-13,SKU_1022,Coke Zero Can 330ml Value,Coca Cola,Beverages,30.57,124,3790.68,0
2025-06-14,SKU_1022,Coke Zero Can 330ml Value,Coca Cola,Beverages,30.63,164,5023.32,15
2025-06-15,SKU_1022,Coke Zero Can 330ml Value,Coca Cola,Beverages,32.15,145,4661.75,0
2025-06-16,SKU_1022,Coke Zero Can 330ml Value,Coca Cola,Beverages,30.98,112,3469.76,5
2025-06-17,SKU_1022,Coke Zero Can 330ml Value,Coca Cola,Beverages,31.89,106,3380.34,15
2025-06-18,SKU_1022,Coke Zero Can 330ml Value,Coca Cola,Beverages,32.73,112,3665.76,10
2025-06-19,SKU_1022,Coke Zero Can 330ml Value,Coca Cola,Beverages,33.7,110,3707.0,5
2025-06-20,SKU_1022,Coke Zero Can 330ml Value,Coca Cola,Beverages,36.07,97,3498.79,0
2025-06-21,SKU_1022,Coke Zero Can 330ml Value,Coca Cola,Beverages,38.66,110,4252.6,15
2025-06-22,SKU_1022,Coke Zero Can 330ml Value,Coca Cola,Beverages,40.81,90,3672.9,5
2025-06-23,SKU_1022,Coke Zero Can 330ml Value,Coca Cola,Beverages,40.86,71,2901.06,5
2025-06-24,SKU_1022,Coke Zero Can 330ml Value,Coca Cola,Beverages,41.26,71,2929.46,10
2025-06-25,SKU_1022,Coke Zero Can 330ml Value,Coca Cola,Beverages,44.71,64,2861.44,10
2025-06-26,SKU_1022,Coke Zero Can 330ml Value,Coca Cola,Beverages,47.98,57,2734.86,0
2025-06-27,SKU_1022,Coke Zero Can 330ml Value,Coca Cola,Beverages,48.28,51,2462.28,0
2025-06-28,SKU_1022,Coke Zero Can 330ml Value,Coca Cola,Beverages,52.75,58,3059.5,15
2025-06-29,SKU_1022,Coke Zero Can 330ml Value,Coca Cola,Beverages,53.7,58,3114.6,15
