datasets/sales.csv
date,product_id,product_name,brand,category,selling_price,units_sold,revenue,promotion_discount_pct
2025-01-01,SKU_1023,Coke Zero Can 330ml Family,Coca Cola,Beverages,61.18,90,5506.2,0
2025-01-02,SKU_1023,Coke Zero Can 330ml Family,Coca Cola,Beverages,63.82,81,5169.42,0
2025-01-03,SKU_1023,Coke Zero Can 330ml Family,Coca Cola,Beverages,66.18,75,4963.5,10
2025-01-04,SKU_1023,Coke Zero Can 330ml Family,Coca Cola,Beverages,68.52,102,6989.04,0
2025-01-05,SKU_1023,Coke Zero Can 330ml Family,Coca Cola,Beverages,71.79,83,5958.57,15
2025-01-06,SKU_1023,Coke Zero Can 330ml Family,Coca Cola,Beverages,75.21,63,4738.23,0
2025-01-07,SKU_1023,Coke Zero Can 330ml Family,Coca Cola,Beverages,75.55,64,4835.2,15
2025-01-08,SKU_1023,Coke Zero Can 330ml Family,Coca Cola,Beverages,75.63,65,4915.95,15
2025-01-09,SKU_1023,Coke Zero Can 330ml Family,Coca Cola,Beverages,75.77,68,5152.36,0
2025-01-10,SKU_1023,Coke Zero Can 330ml Family,Coca Cola,Beverages,78.89,66,5206.74,15
2025-01-11,SKU_1023,Coke Zero Can 330ml Family,Coca Cola,Beverages,78.1,68,5310.8,0
2025-01-12,SKU_1023,Coke Zero Can 330ml Family,Coca Cola,Beverages,80.09,64,5125.76,0
2025-01-13,SKU_1023,Coke Zero Can 330ml Family,Coca Cola,Beverages,78.97,55,4343.35,0
2025-01-14,SKU_1023,Coke Zero Can 330ml Family,Coca Cola,Beverages,75.37,61,4597.57,5
2025-01-15,SKU_1023,Coke Zero Can 330ml Family,Coca Cola,Beverages,75.58,56,4232.48,15
2025-01-16,SKU_1023,Coke Zero Can 330ml Family,Coca Cola,Beverages,75.24,60,4514.4,10
2025-01-17,SKU_1023,Coke Zero Can 330ml Family,Coca Cola,Beverages,67.85,71,4817.35,0
2025-01-18,SKU_1023,Coke Zero Can 330ml Family,Coca Cola,Beverages,66.96,87,5825.52,5
2025-01-19,SKU_1023,Coke Zero Can 330ml Family,Coca Cola,Beverages,67.91,92,6247.72,15
2025-01-20,SKU_1023,Coke Zero Can 330ml Family,Coca Cola,Beverages,60.68,87,5279.16,15
2025-01-21,SKU_1023,Coke Zero Can 330ml Family,Coca Cola,Beverages,61.14,80,4891.2,0
2025-01-22,SKU_1023,Coke Zero Can 330ml Family,Coca Cola,Beverages,60.37,84,5071.08,5
2025-01-23,SKU_1023,Coke Zero Can 330ml Family,Coca Cola,Beverages,55.86,99,5530.14,10
2025-01-24,SKU_1023,Coke Zero Can 330ml Family,Coca Cola,Beverages,51.47,106,5455.82,0
2025-01-25,SKU_1023,Coke Zero Can 330ml Family,Coca Cola,Beverages,45.85,155,7106.75,0
2025-01-26,SKU_1023,Coke Zero Can 330ml Family,Coca Cola,Beverages,48.66,136,6617.76,15
2025-01-27,SKU_1023,Coke Zero Can 330ml Family,Coca Cola,Beverages,42.16,140,5902.4,5
2025-01-28,SKU_1023,Coke Zero Can 330ml Family,Coca Cola,Beverages,42.38,132,5594.16,15
2025-01-29,SKU_1023,Coke Zero Can 330ml Family,Coca Cola,Beverages,37.29,186,6935.94,5
2025-01-30,SKU_1023,Coke Zero Can 330ml Family,Coca Cola,Beverages,40.35,142,5729.7,10
2025-01-31,SKU_1023,Coke Zero Can 330ml Family,Coca Cola,Beverages,37.7,183,6899.1,0
2025-02-01,SKU_1023,Coke Zero Can 330ml Family,Coca Cola,Beverages,39.21,256,10037.76,10
2025-02-02,SKU_1023,Coke Zero Can 330ml Family,Coca Cola,Beverages,38.07,276,10507.32,0
2025-02-03,SKU_1023,Coke Zero Can 330ml Family,Coca Cola,Beverages,37.87,204,7725.48,10
2025-02-04,SKU_1023,Coke Zero Can 330ml Family,Coca Cola,Beverages,34.71,254,8816.34,0
2025-02-05,SKU_1023,Coke Zero Can 330ml Family,Coca Cola,Beverages,38.58,195,7523.1,15
2025-02-06,SKU_1023,Coke Zero Can 330ml Family,Coca Cola,Beverages,37.45,230,8613.5,0
2025-02-07,SKU_1023,Coke Zero Can 330ml Family,Coca Cola,Beverages,39.67,212,8410.04,10
2025-02-08,SKU_1023,Coke Zero Can 330ml Family,Coca Cola,Beverages,43.07,219,9432.33,0
2025-02-09,SKU_1023,Coke Zero Can 330ml Family,Coca Cola,Beverages,45.2,193,8723.6,0
2025-02-10,SKU_1023,Coke Zero Can 330ml Family,Coca Cola,Beverages,48.36,144,6963.84,5
2025-02-11,SKU_1023,Coke Zero Can 330ml Family,Coca Cola,Beverages,50.93,124,6315.32,5
2025-02-12,SKU_1023,Coke Zero Can 330ml Family,Coca Cola,Beverages,54.5,99,5395.5,5
2025-02-13,SKU_1023,Coke Zero Can 330ml Family,Coca Cola,Beverages,55.03,99,5447.97,15
2025-02-14,SKU_1023,Coke Zero Can 330ml Family,Coca Cola,Beverages,61.82,82,5069.24,5
2025-02-15,SKU_1023,Coke Zero Can 330ml Family,Coca Cola,Beverages,61.61,111,6838.71,5
2025-02-16,SKU_1023,Coke Zero Can 330ml Family,Coca Cola,Beverages,63.36,98,6209.28,15
2025-02-17,SKU_1023,Coke Zero Can 330ml Family,Coca Cola,Beverages,65.25,78,5089.5,5
2025-02-18,SKU_1023,Coke Zero Can 330ml Family,Coca Cola,Beverages,72.42,66,4779.72,0
2025-02-19,SKU_1023,Coke Zero Can 330ml Family,Coca Cola,Beverages,74.26,64,4752.64,0
2025-02-20,SKU_1023,Coke Zero Can 330ml Family,Coca Cola,Beverages,73.43,71,5213.53,0
2025-02-21,SKU_1023,Coke Zero Can 330ml Family,Coca Cola,Beverages,76.35,58,4428.3,10
2025-02-22,SKU_1023,Coke Zero Can 330ml Family,Coca Cola,Beverages,76.37,83,6338.71,0
2025-02-23,SKU_1023,Coke Zero Can 330ml Family,Coca Cola,Beverages,75.34,85,6403.9,5
2025-02-24,SKU_1023,Coke Zero Can 330ml Family,Coca Cola,Beverages,75.79,60,4547.4,0
2025-02-25,SKU_1023,Coke Zero Can 330ml Family,Coca Cola,Beverages,76.15,62,4721.3,15
2025-02-26,SKU_1023,Coke Zero Can 330ml Family,Coca Cola,Beverages,78.06,54,4215.24,10
2025-02-27,SKU_1023,Coke Zero Can 330ml Family,Coca Cola,Beverages,72.69,66,4797.54,0
2025-02-28,SKU_1023,Coke Zero Can 330ml Family,Coca Cola,Beverages,71.07,62,4406.34,10
2025-03-01,SKU_1023,Coke Zero Can 330ml Family,Coca Cola,Beverages,73.39,101,7412.39,5
2025-03-02,SKU_1023,Coke Zero Can 330ml Family,Coca Cola,Beverages,68.06,113,7690.78,5
2025-03-03,SKU_1023,Coke Zero Can 330ml Family,Coca Cola,Beverages,67.92,93,6316.56,0
2025-03-04,SKU_1023,Coke Zero Can 330ml Family,Coca Cola,Beverages,67.98,81,5506.38,10
2025-03-05,SKU_1023,Coke Zero Can 330ml Family,Coca Cola,Beverages,63.88,97,6196.36,0
2025-03-06,SKU_1023,Coke Zero Can 330ml Family,Coca Cola,Beverages,60.22,105,6323.1,15
2025-03-07,SKU_1023,Coke Zero Can 330ml Family,Coca Cola,Beverages,59.27,102,6045.54,15
2025-03-08,SKU_1023,Coke Zero Can 330ml Family,Coca Cola,Beverages,51.71,168,8687.28,0
2025-03-09,SKU_1023,Coke Zero Can 330ml Family,Coca Cola,Beverages,54.47,154,8388.38,0
2025-03-10,SKU_1023,Coke Zero Can 330ml Family,Coca Cola,Beverages,47.31,246,11638.26,0
2025-03-11,SKU_1023,Coke Zero Can 330ml Family,Coca Cola,Beverages,46.56,290,13502.4,0
2025-03-12,SKU_1023,Coke Zero Can 330ml Family,Coca Cola,Beverages,45.3,246,11143.8,15
2025-03-13,SKU_1023,Coke Zero Can 330ml Family,Coca Cola,Beverages,42.88,248,10634.24,0
2025-03-14,SKU_1023,Coke Zero Can 330ml Family,Coca Cola,Beverages,41.2,359,14790.8,0
2025-03-15,SKU_1023,Coke Zero Can 330ml Family,Coca Cola,Beverages,41.62,302,12569.24,15
2025-03-16,SKU_1023,Coke Zero Can 330ml Family,Coca Cola,Beverages,36.06,442,15938.52,15
2025-03-17,SKU_1023,Coke Zero Can 330ml Family,Coca Cola,Beverages,38.7,316,12229.2,0
2025-03-18,SKU_1023,Coke Zero Can 330ml Family,Coca Cola,Beverages,36.4,220,8008.0,0
2025-03-19,SKU_1023,Coke Zero Can 330ml Family,Coca Cola,Beverages,38.17,179,6832.43,10
2025-03-20,SKU_1023,Coke Zero Can 330ml Family,Coca Cola,Beverages,37.5,204,7650.0,5
2025-03-21,SKU_1023,Coke Zero Can 330ml Family,Coca Cola,Beverages,37.18,202,7510.36,10
2025-03-22,SKU_1023,Coke Zero Can 330ml Family,Coca Cola,Beverages,42.88,193,8275.84,5
2025-03-23,SKU_1023,Coke Zero Can 330ml Family,Coca Cola,Beverages,40.91,214,8754.74,5
2025-03-24,SKU_1023,Coke Zero Can 330ml Family,Coca Cola,Beverages,45.35,137,6212.95,10
2025-03-25,SKU_1023,Coke Zero Can 330ml Family,Coca Cola,Beverages,47.77,130,6210.1,0
2025-03-26,SKU_1023,Coke Zero Can 330ml Family,Coca Cola,Beverages,46.07,126,5804.82,10
2025-03-27,SKU_1023,Coke Zero Can 330ml Family,Coca Cola,Beverages,53.94,104,5609.76,0
2025-03-28,SKU_1023,Coke Zero Can 330ml Family,Coca Cola,Beverages,52.45,110,5769.5,5
2025-03-29,SKU_1023,Coke Zero Can 330ml Family,Coca Cola,Beverages,56.23,127,7141.21,5
2025-03-30,SKU_1023,Coke Zero Can 330ml Family,Coca Cola,Beverages,59.61,111,6616.71,0
2025-03-31,SKU_1023,Coke Zero Can 330ml Family,Coca Cola,Beverages,63.47,84,5331.48,0
2025-04-01,SKU_1023,Coke Zero Can 330ml Family,Coca Cola,Beverages,64.83,94,6094.02,10
2025-04-02,SKU_1023,Coke Zero Can 330ml Family,Coca Cola,Beverages,71.4,85,6069.0,10
2025-04-03,SKU_1023,Coke Zero Can 330ml Family,Coca Cola,Beverages,69.32,85,5892.2,0
2025-04-04,SKU_1023,Coke Zero Can 330ml Family,Coca Cola,Beverages,73.06,80,5844.8,10
2025-04-05,SKU_1023,Coke Zero Can 330ml Family,Coca Cola,Beverages,74.4,90,6696.0,15
2025-04-06,SKU_1023,Coke Zero Can 330ml Family,Coca Cola,Beverages,79.21,84,6653.64,0
2025-04-07,SKU_1023,Coke Zero Can 330ml Family,Coca Cola,Beverages,75.65,75,5673.75,15
2025-04-08,SKU_1023,Coke Zero Can 330ml Family,Coca Cola,Beverages,76.46,69,5275.74,15
2025-04-09,SKU_1023,Coke Zero Can 330ml Family,Coca Cola,Beverages,75.33,73,5499.09,0
2025-04-10,SKU_1023,Coke Zero Can 330ml Family,Coca Cola,Beverages,74.05,83,6146.15,0
2025-04-11,SKU_1023,Coke Zero Can 330ml Family,Coca Cola,Beverages,76.08,61,4640.88,0
2025-04-12,SKU_1023,Coke Zero Can 330ml Family,Coca Cola,Beverages,74.91,78,5842.98,10
2025-04-13,SKU_1023,Coke Zero Can 330ml Family,Coca Cola,Beverages,76.74,82,6292.68,10
2025-04-14,SKU_1023,Coke Zero Can 330ml Family,Coca Cola,Beverages,72.65,73,5303.45,0
2025-04-15,SKU_1023,Coke Zero Can 330ml Family,Coca Cola,Beverages,71.02,75,5326.5,0
2025-04-16,SKU_1023,Coke Zero Can 330ml Family,Coca Cola,Beverages,70.5,73,5146.5,0
2025-04-17,SKU_1023,Coke Zero Can 330ml Family,Coca Cola,Beverages,63.65,80,5092.0,15
2025-04-18,SKU_1023,Coke Zero Can 330ml Family,Coca Cola,Beverages,65.67,76,4990.92,0
2025-04-19,SKU_1023,Coke Zero Can 330ml Family,Coca Cola,Beverages,62.5,117,7312.5,0
2025-04-20,SKU_1023,Coke Zero Can 330ml Family,Coca Cola,Beverages,57.56,130,7482.8,0
2025-04-21,SKU_1023,Coke Zero Can 330ml Family,Coca Cola,Beverages,54.04,104,5620.16,0
2025-04-22,SKU_1023,Coke Zero Can 330ml Family,Coca Cola,Beverages,51.42,119,6118.98,0
2025-04-23,SKU_1023,Coke Zero Can 330ml Family,Coca Cola,Beverages,49.6,118,5852.8,5
2025-04-24,SKU_1023,Coke Zero Can 330ml Family,Coca Cola,Beverages,46.64,150,6996.0,0
2025-04-25,SKU_1023,Coke Zero Can 330ml Family,Coca Cola,Beverages,46.12,146,6733.52,0
2025-04-26,SKU_1023,Coke Zero Can 330ml Family,Coca Cola,Beverages,42.42,198,8399.16,10
2025-04-27,SKU_1023,Coke Zero Can 330ml Family,Coca Cola,Beverages,40.2,198,7959.6,10
2025-04-28,SKU_1023,Coke Zero Can 330ml Family,Coca Cola,Beverages,38.32,169,6476.08,0
2025-04-29,SKU_1023,Coke Zero Can 330ml Family,Coca Cola,Beverages,35.1,187,6563.7,0
2025-04-30,SKU_1023,Coke Zero Can 330ml Family,Coca Cola,Beverages,35.71,181,6463.51,5
2025-05-01,SKU_1023,Coke Zero Can 330ml Family,Coca Cola,Beverages,35.02,268,9385.36,15
2025-05-02,SKU_1023,Coke Zero Can 330ml Family,Coca Cola,Beverages,35.84,241,8637.44,0
2025-05-03,SKU_1023,Coke Zero Can 330ml Family,Coca Cola,Beverages,36.55,308,11257.4,0
2025-05-04,SKU_1023,Coke Zero Can 330ml Family,Coca Cola,Beverages,36.5,316,11534.0,15
2025-05-05,SKU_1023,Coke Zero Can 330ml Family,Coca Cola,Beverages,41.63,200,8326.0,5
2025-05-06,SKU_1023,Coke Zero Can 330ml Family,Coca Cola,Beverages,42.18,172,7254.96,10
2025-05-07,SKU_1023,Coke Zero Can 330ml Family,Coca Cola,Beverages,45.17,171,7724.07,5
2025-05-08,SKU_1023,Coke Zero Can 330ml Family,Coca Cola,Beverages,45.44,175,7952.0,0
2025-05-09,SKU_1023,Coke Zero Can 330ml Family,Coca Cola,Beverages,50.31,139,6993.09,10
2025-05-10,SKU_1023,Coke Zero Can 330ml Family,Coca Cola,Beverages,50.61,173,8755.53,10
2025-05-11,SKU_1023,Coke Zero Can 330ml Family,Coca Cola,Beverages,57.16,130,7430.8,0
2025-05-12,SKU_1023,Coke Zero Can 330ml Family,Coca Cola,Beverages,55.17,108,5958.36,15
2025-05-13,SKU_1023,Coke Zero Can 330ml Family,Coca Cola,Beverages,61.46,86,5285.56,0
2025-05-14,SKU_1023,Coke Zero Can 330ml Family,Coca Cola,Beverages,66.27,82,5434.14,10
2025-05-15,SKU_1023,Coke Zero Can 330ml Family,Coca Cola,Beverages,68.57,75,5142.75,0
2025-05-16,SKU_1023,Coke Zero Can 330ml Family,Coca Cola,Beverages,66.21,72,4767.12,10
2025-05-17,SKU_1023,Coke Zero Can 330ml Family,Coca Cola,Beverages,73.04,88,6427.52,0
2025-05-18,SKU_1023,Coke Zero Can 330ml Family,Coca Cola,Beverages,70.8,93,6584.4,0
2025-05-19,SKU_1023,Coke Zero Can 330ml Family,Coca Cola,Beverages,72.59,71,5153.89,15
2025-05-20,SKU_1023,Coke Zero Can 330ml Family,Coca Cola,Beverages,72.74,71,5164.54,0
2025-05-21,SKU_1023,Coke Zero Can 330ml Family,Coca Cola,Beverages,75.33,58,4369.14,0
2025-05-22,SKU_1023,Coke Zero Can 330ml Family,Coca Cola,Beverages,74.85,59,4416.15,0
2025-05-23,SKU_1023,Coke Zero Can 330ml Family,Coca Cola,Beverages,77.53,58,4496.74,0
2025-05-24,SKU_1023,Coke Zero Can 330ml Family,Coca Cola,Beverages,75.92,72,5466.24,0
2025-05-25,SKU_1023,Coke Zero Can 330ml Family,Coca Cola,Beverages,78.1,68,5310.8,10
2025-05-26,SKU_1023,Coke Zero Can 330ml Family,Coca Cola,Beverages,76.49,57,4359.93,10
2025-05-27,SKU_1023,Coke Zero Can 330ml Family,Coca Cola,Beverages,76.59,52,3982.68,15
2025-05-28,SKU_1023,Coke Zero Can 330ml Family,Coca Cola,Beverages,72.6,64,4646.4,15
2025-05-29,SKU_1023,Coke Zero Can 330ml Family,Coca Cola,Beverages,68.95,61,4205.95,0
2025-05-30,SKU_1023,Coke Zero Can 330ml Family,Coca Cola,Beverages,67.52,62,4186.24,0
2025-05-31,SKU_1023,Coke Zero Can 330ml Family,Coca Cola,Beverages,63.95,90,5755.5,10
2025-06-01,SKU_1023,Coke Zero Can 330ml Family,Coca Cola,Beverages,60.03,120,7203.6,5
2025-06-02,SKU_1023,Coke Zero Can 330ml Family,Coca Cola,Beverages,59.6,95,5662.0,0
2025-06-03,SKU_1023,Coke Zero Can 330ml Family,Coca Cola,Beverages,60.56,98,5934.88,5
2025-06-04,SKU_1023,Coke Zero Can 330ml Family,Coca Cola,Beverages,56.73,119,6750.87,0
2025-06-05,SKU_1023,Coke Zero Can 330ml Family,Coca Cola,Beverages,54.29,113,6134.77,5
2025-06-06,SKU_1023,Coke Zero Can 330ml Family,Coca Cola,Beverages,47.82,146,6981.72,5
2025-06-07,SKU_1023,Coke Zero Can 330ml Family,Coca Cola,Beverages,49.32,160,7891.2,15
2025-06-08,SKU_1023,Coke Zero Can 330ml Family,Coca Cola,Beverages,42.87,202,8659.74,0
2025-06-09,SKU_1023,Coke Zero Can 330ml Family,Coca Cola,Beverages,45.27,154,6971.58,0
2025-06-10,SKU_1023,Coke Zero Can 330ml Family,Coca Cola,Beverages,38.35,198,7593.3,0
2025-06-11,SKU_1023,Coke Zero Can 330ml Family,Coca Cola,Beverages,39.41,166,6542.06,10
2025-06-12,SKU_1023,Coke Zero Can 330ml Family,Coca Cola,Beverages,35.63,190,6769.7,0
2025-06-13,SKU_1023,Coke Zero Can 330ml Family,Coca Cola,Beverages,38.98,165,6431.7,0
2025-06-14,SKU_1023,Coke Zero Can 330ml Family,Coca Cola,Beverages,36.88,217,8002.96,0
2025-06-15,SKU_1023,Coke Zero Can 330ml Family,Coca Cola,Beverages,34.65,255,8835.75,0
2025-06-16,SKU_1023,Coke Zero Can 330ml Family,Coca Cola,Beverages,36.51,191,6973.41,5
2025-06-17,SKU_1023,Coke Zero Can 330ml Family,Coca Cola,Beverages,41.5,163,6764.5,10
2025-06-18,SKU_1023,Coke Zero Can 330ml Family,Coca Cola,Beverages,40.21,172,6916.12,0
2025-06-19,SKU_1023,Coke Zero Can 330ml Family,Coca Cola,Beverages,45.38,134,6080.92,0
2025-06-20,SKU_1023,Coke Zero Can 330ml Family,Coca Cola,Beverages,44.23,129,5705.67,15
2025-06-21,SKU_1023,Coke Zero Can 330ml Family,Coca Cola,Beverages,47.51,164,7791.64,0
2025-06-22,SKU_1023,Coke Zero Can 330ml Family,Coca Cola,Beverages,46.24,153,7074.72,0
2025-06-23,SKU_1023,Coke Zero Can 330ml Family,Coca Cola,Beverages,54.27,92,4992.84,15
2025-06-24,SKU_1023,Coke Zero Can 330ml Family,Coca Cola,Beverages,55.11,94,5180.34,10
2025-06-25,SKU_1023,Coke Zero Can 330ml Family,Coca Cola,Beverages,56.92,85,4838.2,0
2025-06-26,SKU_1023,Coke Zero Can 330ml Family,Coca Cola,Beverages,60.59,79,4786.61,5
2025-06-27,SKU_1023,Coke Zero Can 330ml Family,Coca Cola,Beverages,60.72,79,4796.88,0
2025-06-28,SKU_1023,Coke Zero Can 330ml Family,Coca Cola,Beverages,63.01,81,5103.81,10
2025-06-29,SKU_1023,Coke Zero Can 330ml Family,Coca Cola,Beverages,67.89,74,5023.86,0
