datasets/sales.csv
date,product_id,product_name,brand,category,selling_price,units_sold,revenue,promotion_discount_pct
2025-01-01,SKU_1024,Pepsi 250ml Mini,Pepsi,Beverages,11.94,61,728.34,5
2025-01-02,SKU_1024,Pepsi 250ml Mini,Pepsi,Beverages,12.95,54,699.3,0
2025-01-03,SKU_1024,Pepsi 250ml Mini,Pepsi,Beverages,13.57,50,678.5,0
2025-01-04,SKU_1024,Pepsi 250ml Mini,Pepsi,Beverages,14.7,57,837.9,10
2025-01-05,SKU_1024,Pepsi 250ml Mini,Pepsi,Beverages,14.36,54,775.44,0
2025-01-06,SKU_1024,Pepsi 250ml Mini,Pepsi,Beverages,15.2,40,608.0,5
2025-01-07,SKU_1024,Pepsi 250ml Mini,Pepsi,Beverages,15.87,36,571.32,15
2025-01-08,SKU_1024,Pepsi 250ml Mini,Pepsi,Beverages,16.27,34,553.18,0
2025-01-09,SKU_1024,Pepsi 250ml Mini,Pepsi,Beverages,15.98,40,639.2,5
2025-01-10,SKU_1024,Pepsi 250ml Mini,Pepsi,Beverages,16.41,37,607.17,0
2025-01-11,SKU_1024,Pepsi 250ml Mini,Pepsi,Beverages,16.11,43,692.73,15
2025-01-12,SKU_1024,Pepsi 250ml Mini,Pepsi,Beverages,16.68,39,650.52,15
2025-01-13,SKU_1024,Pepsi 250ml Mini,Pepsi,Beverages,16.37,34,556.58,0
2025-01-14,SKU_1024,Pepsi 250ml Mini,Pepsi,Beverages,15.91,32,509.12,5
2025-01-15,SKU_1024,Pepsi 250ml Mini,Pepsi,Beverages,15.98,36,575.28,0
2025-01-16,SKU_1024,Pepsi 250ml Mini,Pepsi,Beverages,14.38,37,532.06,15
2025-01-17,SKU_1024,Pepsi 250ml Mini,Pepsi,Beverages,14.16,38,538.08,0
2025-01-18,SKU_1024,Pepsi 250ml Mini,Pepsi,Beverages,13.74,50,687.0,10
2025-01-19,SKU_1024,Pepsi 250ml Mini,Pepsi,Beverages,14.14,53,749.42,15
2025-01-20,SKU_1024,Pepsi 250ml Mini,Pepsi,Beverages,12.81,52,666.12,5
2025-01-21,SKU_1024,Pepsi 250ml Mini,Pepsi,Beverages,12.79,46,588.34,5
2025-01-22,SKU_1024,Pepsi 250ml Mini,Pepsi,Beverages,12.41,52,645.32,15
2025-01-23,SKU_1024,Pepsi 250ml Mini,Pepsi,Beverages,11.49,61,700.89,0
2025-01-24,SKU_1024,Pepsi 250ml Mini,Pepsi,Beverages,10.95,65,711.75,0
2025-01-25,SKU_1024,Pepsi 250ml Mini,Pepsi,Beverages,10.11,95,960.45,0
2025-01-26,SKU_1024,Pepsi 250ml Mini,Pepsi,Beverages,9.59,84,805.56,5
2025-01-27,SKU_1024,Pepsi 250ml Mini,Pepsi,Beverages,9.54,70,667.8,15
2025-01-28,SKU_1024,Pepsi 250ml Mini,Pepsi,Beverages,9.41,80,752.8,10
2025-01-29,SKU_1024,Pepsi 250ml Mini,Pepsi,Beverages,8.68,79,685.72,5
2025-01-30,SKU_1024,Pepsi 250ml Mini,Pepsi,Beverages,8.36,97,810.92,15
2025-01-31,SKU_1024,Pepsi 250ml Mini,Pepsi,Beverages,7.44,103,766.32,0
2025-02-01,SKU_1024,Pepsi 250ml Mini,Pepsi,Beverages,7.35,170,1249.5,5
2025-02-02,SKU_1024,Pepsi 250ml Mini,Pepsi,Beverages,7.8,148,1154.4,5
2025-02-03,SKU_1024,Pepsi 250ml Mini,Pepsi,Beverages,7.96,122,971.12,10
2025-02-04,SKU_1024,Pepsi 250ml Mini,Pepsi,Beverages,8.3,108,896.4,15
2025-02-05,SKU_1024,Pepsi 250ml Mini,Pepsi,Beverages,7.61,123,936.03,0
2025-02-06,SKU_1024,Pepsi 250ml Mini,Pepsi,Beverages,8.77,105,920.85,0
2025-02-07,SKU_1024,Pepsi 250ml Mini,Pepsi,Beverages,9.32,97,904.04,0
2025-02-08,SKU_1024,Pepsi 250ml Mini,Pepsi,Beverages,9.68,116,1122.88,15
2025-02-09,SKU_1024,Pepsi 250ml Mini,Pepsi,Beverages,9.07,120,1088.4,0
2025-02-10,SKU_1024,Pepsi 250ml Mini,Pepsi,Beverages,10.3,88,906.4,0
2025-02-11,SKU_1024,Pepsi 250ml Mini,Pepsi,Beverages,11.4,57,649.8,5
2025-02-12,SKU_1024,Pepsi 250ml Mini,Pepsi,Beverages,10.66,73,778.18,0
2025-02-13,SKU_1024,Pepsi 250ml Mini,Pepsi,Beverages,12.57,51,641.07,10
2025-02-14,SKU_1024,Pepsi 250ml Mini,Pepsi,Beverages,12.87,51,656.37,10
2025-02-15,SKU_1024,Pepsi 250ml Mini,Pepsi,Beverages,12.96,63,816.48,0
2025-02-16,SKU_1024,Pepsi 250ml Mini,Pepsi,Beverages,14.06,57,801.42,10
2025-02-17,SKU_1024,Pepsi 250ml Mini,Pepsi,Beverages,14.64,43,629.52,10
2025-02-18,SKU_1024,Pepsi 250ml Mini,Pepsi,Beverages,14.78,44,650.32,0
2025-02-19,SKU_1024,Pepsi 250ml Mini,Pepsi,Beverages,14.5,39,565.5,0
2025-02-20,SKU_1024,Pepsi 250ml Mini,Pepsi,Beverages,15.72,38,597.36,0
2025-02-21,SKU_1024,Pepsi 250ml Mini,Pepsi,Beverages,15.69,37,580.53,5
2025-02-22,SKU_1024,Pepsi 250ml Mini,Pepsi,Beverages,16.39,47,770.33,0
2025-02-23,SKU_1024,Pepsi 250ml Mini,Pepsi,Beverages,16.6,41,680.6,0
2025-02-24,SKU_1024,Pepsi 250ml Mini,Pepsi,Beverages,16.6,34,564.4,5
2025-02-25,SKU_1024,Pepsi 250ml Mini,Pepsi,Beverages,15.36,39,599.04,15
2025-02-26,SKU_1024,Pepsi 250ml Mini,Pepsi,Beverages,16.23,31,503.13,0
2025-02-27,SKU_1024,Pepsi 250ml Mini,Pepsi,Beverages,16.36,32,523.52,0
2025-02-28,SKU_1024,Pepsi 250ml Mini,Pepsi,Beverages,15.28,37,565.36,0
2025-03-01,SKU_1024,Pepsi 250ml Mini,Pepsi,Beverages,14.54,61,886.94,0
2025-03-02,SKU_1024,Pepsi 250ml Mini,Pepsi,Beverages,14.28,63,899.64,5
2025-03-03,SKU_1024,Pepsi 250ml Mini,Pepsi,Beverages,14.71,50,735.5,0
2025-03-04,SKU_1024,Pepsi 250ml Mini,Pepsi,Beverages,13.9,54,750.6,10
2025-03-05,SKU_1024,Pepsi 250ml Mini,Pepsi,Beverages,13.32,56,745.92,0
2025-03-06,SKU_1024,Pepsi 250ml Mini,Pepsi,Beverages,12.84,63,808.92,15
2025-03-07,SKU_1024,Pepsi 250ml Mini,Pepsi,Beverages,11.5,67,770.5,15
2025-03-08,SKU_1024,Pepsi 250ml Mini,Pepsi,Beverages,11.88,86,1021.68,5
2025-03-09,SKU_1024,Pepsi 250ml Mini,Pepsi,Beverages,11.24,95,1067.8,0
2025-03-10,SKU_1024,Pepsi 250ml Mini,Pepsi,Beverages,10.66,174,1854.84,5
2025-03-11,SKU_1024,Pepsi 250ml Mini,Pepsi,Beverages,9.94,119,1182.86,10
2025-03-12,SKU_1024,Pepsi 250ml Mini,Pepsi,Beverages,9.81,107,1049.67,0
2025-03-13,SKU_1024,Pepsi 250ml Mini,Pepsi,Beverages,8.47,174,1473.78,0
2025-03-14,SKU_1024,Pepsi 250ml Mini,Pepsi,Beverages,8.45,170,1436.5,10
2025-03-15,SKU_1024,Pepsi 250ml Mini,Pepsi,Beverages,7.63,248,1892.24,0
2025-03-16,SKU_1024,Pepsi 250ml Mini,Pepsi,Beverages,8.41,247,2077.27,5
2025-03-17,SKU_1024,Pepsi 250ml Mini,Pepsi,Beverages,7.38,188,1387.44,5
2025-03-18,SKU_1024,Pepsi 250ml Mini,Pepsi,Beverages,7.52,117,879.84,0
2025-03-19,SKU_1024,Pepsi 250ml Mini,Pepsi,Beverages,7.43,127,943.61,10
2025-03-20,SKU_1024,Pepsi 250ml Mini,Pepsi,Beverages,7.39,131,968.09,0
2025-03-21,SKU_1024,Pepsi 250ml Mini,Pepsi,Beverages,7.46,130,969.8,0
2025-03-22,SKU_1024,Pepsi 250ml Mini,Pepsi,Beverages,8.86,116,1027.76,0
2025-03-23,SKU_1024,Pepsi 250ml Mini,Pepsi,Beverages,9.37,109,1021.33,0
2025-03-24,SKU_1024,Pepsi 250ml Mini,Pepsi,Beverages,8.53,96,818.88,0
2025-03-25,SKU_1024,Pepsi 250ml Mini,Pepsi,Beverages,9.38,83,778.54,10
2025-03-26,SKU_1024,Pepsi 250ml Mini,Pepsi,Beverages,10.11,75,758.25,0
2025-03-27,SKU_1024,Pepsi 250ml Mini,Pepsi,Beverages,10.66,63,671.58,0
2025-03-28,SKU_1024,Pepsi 250ml Mini,Pepsi,Beverages,11.07,60,664.2,5
2025-03-29,SKU_1024,Pepsi 250ml Mini,Pepsi,Beverages,12.4,64,793.6,0
2025-03-30,SKU_1024,Pepsi 250ml Mini,Pepsi,Beverages,12.45,68,846.6,10
2025-03-31,SKU_1024,Pepsi 250ml Mini,Pepsi,Beverages,13.53,46,622.38,5
2025-04-01,SKU_1024,Pepsi 250ml Mini,Pepsi,Beverages,13.77,53,729.81,10
2025-04-02,SKU_1024,Pepsi 250ml Mini,Pepsi,Beverages,14.31,49,701.19,10
2025-04-03,SKU_1024,Pepsi 250ml Mini,Pepsi,Beverages,14.54,46,668.84,10
2025-04-04,SKU_1024,Pepsi 250ml Mini,Pepsi,Beverages,15.35,48,736.8,0
2025-04-05,SKU_1024,Pepsi 250ml Mini,Pepsi,Beverages,14.8,65,962.0,15
2025-04-06,SKU_1024,Pepsi 250ml Mini,Pepsi,Beverages,16.25,50,812.5,15
2025-04-07,SKU_1024,Pepsi 250ml Mini,Pepsi,Beverages,15.34,46,705.64,5
2025-04-08,SKU_1024,Pepsi 250ml Mini,Pepsi,Beverages,15.47,43,665.21,0
2025-04-09,SKU_1024,Pepsi 250ml Mini,Pepsi,Beverages,16.14,45,726.3,0
2025-04-10,SKU_1024,Pepsi 250ml Mini,Pepsi,Beverages,16.57,40,662.8,0
2025-04-11,SKU_1024,Pepsi 250ml Mini,Pepsi,Beverages,15.38,42,645.96,15
2025-04-12,SKU_1024,Pepsi 250ml Mini,Pepsi,Beverages,16.25,48,780.0,0
2025-04-13,SKU_1024,Pepsi 250ml Mini,Pepsi,Beverages,15.09,48,724.32,0
2025-04-14,SKU_1024,Pepsi 250ml Mini,Pepsi,Beverages,15.63,41,640.83,15
2025-04-15,SKU_1024,Pepsi 250ml Mini,Pepsi,Beverages,14.49,44,637.56,10
2025-04-16,SKU_1024,Pepsi 250ml Mini,Pepsi,Beverages,14.81,41,607.21,0
2025-04-17,SKU_1024,Pepsi 250ml Mini,Pepsi,Beverages,13.86,43,595.98,0
2025-04-18,SKU_1024,Pepsi 250ml Mini,Pepsi,Beverages,13.33,48,639.84,0
2025-04-19,SKU_1024,Pepsi 250ml Mini,Pepsi,Beverages,12.25,74,906.5,10
2025-04-20,SKU_1024,Pepsi 250ml Mini,Pepsi,Beverages,12.4,70,868.0,5
2025-04-21,SKU_1024,Pepsi 250ml Mini,Pepsi,Beverages,11.68,63,735.84,0
2025-04-22,SKU_1024,Pepsi 250ml Mini,Pepsi,Beverages,10.27,77,790.79,0
2025-04-23,SKU_1024,Pepsi 250ml Mini,Pepsi,Beverages,10.07,80,805.6,0
2025-04-24,SKU_1024,Pepsi 250ml Mini,Pepsi,Beverages,9.46,92,870.32,0
2025-04-25,SKU_1024,Pepsi 250ml Mini,Pepsi,Beverages,8.75,90,787.5,0
2025-04-26,SKU_1024,Pepsi 250ml Mini,Pepsi,Beverages,8.74,118,1031.32,5
2025-04-27,SKU_1024,Pepsi 250ml Mini,Pepsi,Beverages,8.7,112,974.4,0
2025-04-28,SKU_1024,Pepsi 250ml Mini,Pepsi,Beverages,7.93,99,785.07,0
2025-04-29,SKU_1024,Pepsi 250ml Mini,Pepsi,Beverages,7.95,111,882.45,10
2025-04-30,SKU_1024,Pepsi 250ml Mini,Pepsi,Beverages,7.33,110,806.3,0
2025-05-01,SKU_1024,Pepsi 250ml Mini,Pepsi,Beverages,8.3,119,987.7,5
2025-05-02,SKU_1024,Pepsi 250ml Mini,Pepsi,Beverages,7.61,139,1057.79,0
2025-05-03,SKU_1024,Pepsi 250ml Mini,Pepsi,Beverages,8.54,133,1135.82,15
2025-05-04,SKU_1024,Pepsi 250ml Mini,Pepsi,Beverages,7.6,185,1406.0,0
2025-05-05,SKU_1024,Pepsi 250ml Mini,Pepsi,Beverages,8.97,109,977.73,15
2025-05-06,SKU_1024,Pepsi 250ml Mini,Pepsi,Beverages,8.81,100,881.0,15
2025-05-07,SKU_1024,Pepsi 250ml Mini,Pepsi,Beverages,9.29,102,947.58,15
2025-05-08,SKU_1024,Pepsi 250ml Mini,Pepsi,Beverages,9.25,93,860.25,10
2025-05-09,SKU_1024,Pepsi 250ml Mini,Pepsi,Beverages,9.56,88,841.28,10
2025-05-10,SKU_1024,Pepsi 250ml Mini,Pepsi,Beverages,10.9,97,1057.3,0
2025-05-11,SKU_1024,Pepsi 250ml Mini,Pepsi,Beverages,11.52,80,921.6,0
2025-05-12,SKU_1024,Pepsi 250ml Mini,Pepsi,Beverages,12.42,55,683.1,0
2025-05-13,SKU_1024,Pepsi 250ml Mini,Pepsi,Beverages,12.31,53,652.43,0
2025-05-14,SKU_1024,Pepsi 250ml Mini,Pepsi,Beverages,13.45,49,659.05,10
2025-05-15,SKU_1024,Pepsi 250ml Mini,Pepsi,Beverages,13.14,45,591.3,15
2025-05-16,SKU_1024,Pepsi 250ml Mini,Pepsi,Beverages,14.61,40,584.4,5
2025-05-17,SKU_1024,Pepsi 250ml Mini,Pepsi,Beverages,14.38,56,805.28,0
2025-05-18,SKU_1024,Pepsi 250ml Mini,Pepsi,Beverages,14.99,47,704.53,5
2025-05-19,SKU_1024,Pepsi 250ml Mini,Pepsi,Beverages,15.83,39,617.37,15
2025-05-20,SKU_1024,Pepsi 250ml Mini,Pepsi,Beverages,16.18,38,614.84,10
2025-05-21,SKU_1024,Pepsi 250ml Mini,Pepsi,Beverages,15.72,38,597.36,0
2025-05-22,SKU_1024,Pepsi 250ml Mini,Pepsi,Beverages,16.47,35,576.45,15
2025-05-23,SKU_1024,Pepsi 250ml Mini,Pepsi,Beverages,15.82,38,601.16,0
2025-05-24,SKU_1024,Pepsi 250ml Mini,Pepsi,Beverages,16.72,40,668.8,0
2025-05-25,SKU_1024,Pepsi 250ml Mini,Pepsi,Beverages,15.54,47,730.38,0
2025-05-26,SKU_1024,Pepsi 250ml Mini,Pepsi,Beverages,15.94,32,510.08,0
2025-05-27,SKU_1024,Pepsi 250ml Mini,Pepsi,Beverages,15.6,33,514.8,0
2025-05-28,SKU_1024,Pepsi 250ml Mini,Pepsi,Beverages,14.51,35,507.85,0
2025-05-29,SKU_1024,Pepsi 250ml Mini,Pepsi,Beverages,14.24,36,512.64,10
2025-05-30,SKU_1024,Pepsi 250ml Mini,Pepsi,Beverages,13.58,44,597.52,10
2025-05-31,SKU_1024,Pepsi 250ml Mini,Pepsi,Beverages,13.73,51,700.23,0
2025-06-01,SKU_1024,Pepsi 250ml Mini,Pepsi,Beverages,12.59,73,919.07,10
2025-06-02,SKU_1024,Pepsi 250ml Mini,Pepsi,Beverages,11.98,68,814.64,0
2025-06-03,SKU_1024,Pepsi 250ml Mini,Pepsi,Beverages,12.19,63,767.97,10
2025-06-04,SKU_1024,Pepsi 250ml Mini,Pepsi,Beverages,11.86,60,711.6,15
2025-06-05,SKU_1024,Pepsi 250ml Mini,Pepsi,Beverages,10.82,72,779.04,0
2025-06-06,SKU_1024,Pepsi 250ml Mini,Pepsi,Beverages,9.53,89,848.17,0
2025-06-07,SKU_1024,Pepsi 250ml Mini,Pepsi,Beverages,9.71,108,1048.68,0
2025-06-08,SKU_1024,Pepsi 250ml Mini,Pepsi,Beverages,8.77,135,1183.95,5
2025-06-09,SKU_1024,Pepsi 250ml Mini,Pepsi,Beverages,8.86,107,948.02,10
2025-06-10,SKU_1024,Pepsi 250ml Mini,Pepsi,Beverages,8.27,109,901.43,0
2025-06-11,SKU_1024,Pepsi 250ml Mini,Pepsi,Beverages,7.87,112,881.44,15
2025-06-12,SKU_1024,Pepsi 250ml Mini,Pepsi,Beverages,8.02,108,866.16,0
2025-06-13,SKU_1024,Pepsi 250ml Mini,Pepsi,Beverages,7.99,95,759.05,0
2025-06-14,SKU_1024,Pepsi 250ml Mini,Pepsi,Beverages,7.15,148,1058.2,15
2025-06-15,SKU_1024,Pepsi 250ml Mini,Pepsi,Beverages,7.77,136,1056.72,10
2025-06-16,SKU_1024,Pepsi 250ml Mini,Pepsi,Beverages,7.28,122,888.16,10
2025-06-17,SKU_1024,Pepsi 250ml Mini,Pepsi,Beverages,8.29,101,837.29,0
2025-06-18,SKU_1024,Pepsi 250ml Mini,Pepsi,Beverages,8.3,97,805.1,0
2025-06-19,SKU_1024,Pepsi 250ml Mini,Pepsi,Beverages,8.41,87,731.67,10
2025-06-20,SKU_1024,Pepsi 250ml Mini,Pepsi,Beverages,8.92,84,749.28,10
2025-06-21,SKU_1024,Pepsi 250ml Mini,Pepsi,Beverages,9.19,97,891.43,0
2025-06-22,SKU_1024,Pepsi 250ml Mini,Pepsi,Beverages,10.85,77,835.45,10
2025-06-23,SKU_1024,Pepsi 250ml Mini,Pepsi,Beverages,10.24,70,716.8,0
2025-06-24,SKU_1024,Pepsi 250ml Mini,Pepsi,Beverages,10.66,67,714.22,0
2025-06-25,SKU_1024,Pepsi 250ml Mini,Pepsi,Beverages,12.49,51,636.99,0
2025-06-26,SKU_1024,Pepsi 250ml Mini,Pepsi,Beverages,12.7,44,558.8,0
2025-06-27,SKU_1024,Pepsi 250ml Mini,Pepsi,Beverages,13.15,44,578.6,0
2025-06-28,SKU_1024,Pepsi 250ml Mini,Pepsi,Beverages,13.6,49,666.4,0
2025-06-29,SKU_1024,Pepsi 250ml Mini,Pepsi,Beverages,13.65,47,641.55,15
