datasets/sales.csv
date,product_id,product_name,brand,category,selling_price,units_sold,revenue,promotion_discount_pct
2025-01-01,SKU_1025,Pepsi 250ml Regular,Pepsi,Beverages,17.0,168,2856.0,15
2025-01-02,SKU_1025,Pepsi 250ml Regular,Pepsi,Beverages,18.36,153,2809.08,5
2025-01-03,SKU_1025,Pepsi 250ml Regular,Pepsi,Beverages,18.66,154,2873.64,15
2025-01-04,SKU_1025,Pepsi 250ml Regular,Pepsi,Beverages,19.96,164,3273.44,0
2025-01-05,SKU_1025,Pepsi 250ml Regular,Pepsi,Beverages,20.15,162,3264.3,10
2025-01-06,SKU_1025,Pepsi 250ml Regular,Pepsi,Beverages,20.6,134,2760.4,15
2025-01-07,SKU_1025,Pepsi 250ml Regular,Pepsi,Beverages,22.85,109,2490.65,5
2025-01-08,SKU_1025,Pepsi 250ml Regular,Pepsi,Beverages,21.66,113,2447.58,15
2025-01-09,SKU_1025,Pepsi 250ml Regular,Pepsi,Beverages,23.11,104,2403.44,10
2025-01-10,SKU_1025,Pepsi 250ml Regular,Pepsi,Beverages,22.17,109,2416.53,0
2025-01-11,SKU_1025,Pepsi 250ml Regular,Pepsi,Beverages,22.02,136,2994.72,0
2025-01-12,SKU_1025,Pepsi 250ml Regular,Pepsi,Beverages,23.5,123,2890.5,10
2025-01-13,SKU_1025,Pepsi 250ml Regular,Pepsi,Beverages,21.77,110,2394.7,15
2025-01-14,SKU_1025,Pepsi 250ml Regular,Pepsi,Beverages,22.08,105,2318.4,5
2025-01-15,SKU_1025,Pepsi 250ml Regular,Pepsi,Beverages,23.03,100,2303.0,0
2025-01-16,SKU_1025,Pepsi 250ml Regular,Pepsi,Beverages,21.4,114,2439.6,10
2025-01-17,SKU_1025,Pepsi 250ml Regular,Pepsi,Beverages,20.67,108,2232.36,0
2025-01-18,SKU_1025,Pepsi 250ml Regular,Pepsi,Beverages,20.82,148,3081.36,15
2025-01-19,SKU_1025,Pepsi 250ml Regular,Pepsi,Beverages,20.33,140,2846.2,10
2025-01-20,SKU_1025,Pepsi 250ml Regular,Pepsi,Beverages,19.61,119,2333.59,15
2025-01-21,SKU_1025,Pepsi 250ml Regular,Pepsi,Beverages,17.63,158,2785.54,0
2025-01-22,SKU_1025,Pepsi 250ml Regular,Pepsi,Beverages,17.34,154,2670.36,0
2025-01-23,SKU_1025,Pepsi 250ml Regular,Pepsi,Beverages,15.57,193,3005.01,5
2025-01-24,SKU_1025,Pepsi 250ml Regular,Pepsi,Beverages,15.14,189,2861.46,5
2025-01-25,SKU_1025,Pepsi 250ml Regular,Pepsi,Beverages,14.7,268,3939.6,15
2025-01-26,SKU_1025,Pepsi 250ml Regular,Pepsi,Beverages,12.91,268,3459.88,0
2025-01-27,SKU_1025,Pepsi 250ml Regular,Pepsi,Beverages,12.87,239,3075.93,0
2025-01-28,SKU_1025,Pepsi 250ml Regular,Pepsi,Beverages,11.88,288,3421.44,0
2025-01-29,SKU_1025,Pepsi 250ml Regular,Pepsi,Beverages,11.94,263,3140.22,5
2025-01-30,SKU_1025,Pepsi 250ml Regular,Pepsi,Beverages,11.3,311,3514.3,15
2025-01-31,SKU_1025,Pepsi 250ml Regular,Pepsi,Beverages,10.93,313,3421.09,5
2025-02-01,SKU_1025,Pepsi 250ml Regular,Pepsi,Beverages,10.61,505,5358.05,0
2025-02-02,SKU_1025,Pepsi 250ml Regular,Pepsi,Beverages,10.85,501,5435.85,0
2025-02-03,SKU_1025,Pepsi 250ml Regular,Pepsi,Beverages,11.29,377,4256.33,15
2025-02-04,SKU_1025,Pepsi 250ml Regular,Pepsi,Beverages,11.96,328,3922.88,10
2025-02-05,SKU_1025,Pepsi 250ml Regular,Pepsi,Beverages,11.39,345,3929.55,10
2025-02-06,SKU_1025,Pepsi 250ml Regular,Pepsi,Beverages,12.77,322,4111.94,10
2025-02-07,SKU_1025,Pepsi 250ml Regular,Pepsi,Beverages,11.75,352,4136.0,5
2025-02-08,SKU_1025,Pepsi 250ml Regular,Pepsi,Beverages,12.63,392,4950.96,0
2025-02-09,SKU_1025,Pepsi 250ml Regular,Pepsi,Beverages,14.08,302,4252.16,0
2025-02-10,SKU_1025,Pepsi 250ml Regular,Pepsi,Beverages,15.49,238,3686.62,5
2025-02-11,SKU_1025,Pepsi 250ml Regular,Pepsi,Beverages,14.68,219,3214.92,0
2025-02-12,SKU_1025,Pepsi 250ml Regular,Pepsi,Beverages,15.54,195,3030.3,0
2025-02-13,SKU_1025,Pepsi 250ml Regular,Pepsi,Beverages,16.32,185,3019.2,10
2025-02-14,SKU_1025,Pepsi 250ml Regular,Pepsi,Beverages,18.56,157,2913.92,0
2025-02-15,SKU_1025,Pepsi 250ml Regular,Pepsi,Beverages,17.84,201,3585.84,0
2025-02-16,SKU_1025,Pepsi 250ml Regular,Pepsi,Beverages,20.09,151,3033.59,0
2025-02-17,SKU_1025,Pepsi 250ml Regular,Pepsi,Beverages,21.09,128,2699.52,0
2025-02-18,SKU_1025,Pepsi 250ml Regular,Pepsi,Beverages,20.45,123,2515.35,5
2025-02-19,SKU_1025,Pepsi 250ml Regular,Pepsi,Beverages,21.33,118,2516.94,0
2025-02-20,SKU_1025,Pepsi 250ml Regular,Pepsi,Beverages,21.35,118,2519.3,15
2025-02-21,SKU_1025,Pepsi 250ml Regular,Pepsi,Beverages,22.33,106,2366.98,5
2025-02-22,SKU_1025,Pepsi 250ml Regular,Pepsi,Beverages,21.86,146,3191.56,0
2025-02-23,SKU_1025,Pepsi 250ml Regular,Pepsi,Beverages,23.6,124,2926.4,10
2025-02-24,SKU_1025,Pepsi 250ml Regular,Pepsi,Beverages,23.53,109,2564.77,10
2025-02-25,SKU_1025,Pepsi 250ml Regular,Pepsi,Beverages,22.73,106,2409.38,0
2025-02-26,SKU_1025,Pepsi 250ml Regular,Pepsi,Beverages,22.08,111,2450.88,0
2025-02-27,SKU_1025,Pepsi 250ml Regular,Pepsi,Beverages,21.58,112,2416.96,0
2025-02-28,SKU_1025,Pepsi 250ml Regular,Pepsi,Beverages,22.29,95,2117.55,0
2025-03-01,SKU_1025,Pepsi 250ml Regular,Pepsi,Beverages,21.67,168,3640.56,15
2025-03-02,SKU_1025,Pepsi 250ml Regular,Pepsi,Beverages,21.02,176,3699.52,5
2025-03-03,SKU_1025,Pepsi 250ml Regular,Pepsi,Beverages,20.74,144,2986.56,5
2025-03-04,SKU_1025,Pepsi 250ml Regular,Pepsi,Beverages,19.84,157,3114.88,0
2025-03-05,SKU_1025,Pepsi 250ml Regular,Pepsi,Beverages,19.55,164,3206.2,5
2025-03-06,SKU_1025,Pepsi 250ml Regular,Pepsi,Beverages,17.09,194,3315.46,5
2025-03-07,SKU_1025,Pepsi 250ml Regular,Pepsi,Beverages,17.18,186,3195.48,15
2025-03-08,SKU_1025,Pepsi 250ml Regular,Pepsi,Beverages,15.58,299,4658.42,0
2025-03-09,SKU_1025,Pepsi 250ml Regular,Pepsi,Beverages,15.56,279,4341.24,0
2025-03-10,SKU_1025,Pepsi 250ml Regular,Pepsi,Beverages,13.63,529,7210.27,10
2025-03-11,SKU_1025,Pepsi 250ml Regular,Pepsi,Beverages,12.98,449,5828.02,0
2025-03-12,SKU_1025,Pepsi 250ml Regular,Pepsi,Beverages,12.48,590,7363.2,0
2025-03-13,SKU_1025,Pepsi 250ml Regular,Pepsi,Beverages,11.45,495,5667.75,0
2025-03-14,SKU_1025,Pepsi 250ml Regular,Pepsi,Beverages,11.67,635,7410.45,10
2025-03-15,SKU_1025,Pepsi 250ml Regular,Pepsi,Beverages,11.86,732,8681.52,15
2025-03-16,SKU_1025,Pepsi 250ml Regular,Pepsi,Beverages,11.15,821,9154.15,0
2025-03-17,SKU_1025,Pepsi 250ml Regular,Pepsi,Beverages,11.36,603,6850.08,10
2025-03-18,SKU_1025,Pepsi 250ml Regular,Pepsi,Beverages,11.77,319,3754.63,5
2025-03-19,SKU_1025,Pepsi 250ml Regular,Pepsi,Beverages,11.97,307,3674.79,0
2025-03-20,SKU_1025,Pepsi 250ml Regular,Pepsi,Beverages,10.86,346,3757.56,5
2025-03-21,SKU_1025,Pepsi 250ml Regular,Pepsi,Beverages,11.78,337,3969.86,0
2025-03-22,SKU_1025,Pepsi 250ml Regular,Pepsi,Beverages,12.2,353,4306.6,5
2025-03-23,SKU_1025,Pepsi 250ml Regular,Pepsi,Beverages,12.5,388,4850.0,0
2025-03-24,SKU_1025,Pepsi 250ml Regular,Pepsi,Beverages,13.01,282,3668.82,15
2025-03-25,SKU_1025,Pepsi 250ml Regular,Pepsi,Beverages,12.81,291,3727.71,0
2025-03-26,SKU_1025,Pepsi 250ml Regular,Pepsi,Beverages,13.83,215,2973.45,15
2025-03-27,SKU_1025,Pepsi 250ml Regular,Pepsi,Beverages,15.19,187,2840.53,0
2025-03-28,SKU_1025,Pepsi 250ml Regular,Pepsi,Beverages,16.7,180,3006.0,15
2025-03-29,SKU_1025,Pepsi 250ml Regular,Pepsi,Beverages,17.59,190,3342.1,0
2025-03-30,SKU_1025,Pepsi 250ml Regular,Pepsi,Beverages,17.32,185,3204.2,5
2025-03-31,SKU_1025,Pepsi 250ml Regular,Pepsi,Beverages,19.23,132,2538.36,15
2025-04-01,SKU_1025,Pepsi 250ml Regular,Pepsi,Beverages,19.88,152,3021.76,0
2025-04-02,SKU_1025,Pepsi 250ml Regular,Pepsi,Beverages,20.63,150,3094.5,0
2025-04-03,SKU_1025,Pepsi 250ml Regular,Pepsi,Beverages,20.38,148,3016.24,0
2025-04-04,SKU_1025,Pepsi 250ml Regular,Pepsi,Beverages,21.33,138,2943.54,0
2025-04-05,SKU_1025,Pepsi 250ml Regular,Pepsi,Beverages,21.19,185,3920.15,15
2025-04-06,SKU_1025,Pepsi 250ml Regular,Pepsi,Beverages,22.26,153,3405.78,0
2025-04-07,SKU_1025,Pepsi 250ml Regular,Pepsi,Beverages,22.93,122,2797.46,5
2025-04-08,SKU_1025,Pepsi 250ml Regular,Pepsi,Beverages,23.34,114,2660.76,5
2025-04-09,SKU_1025,Pepsi 250ml Regular,Pepsi,Beverages,23.98,119,2853.62,10
2025-04-10,SKU_1025,Pepsi 250ml Regular,Pepsi,Beverages,23.58,120,2829.6,0
2025-04-11,SKU_1025,Pepsi 250ml Regular,Pepsi,Beverages,23.36,97,2265.92,10
2025-04-12,SKU_1025,Pepsi 250ml Regular,Pepsi,Beverages,22.75,135,3071.25,15
2025-04-13,SKU_1025,Pepsi 250ml Regular,Pepsi,Beverages,22.36,152,3398.72,10
2025-04-14,SKU_1025,Pepsi 250ml Regular,Pepsi,Beverages,20.67,126,2604.42,0
2025-04-15,SKU_1025,Pepsi 250ml Regular,Pepsi,Beverages,21.88,111,2428.68,10
2025-04-16,SKU_1025,Pepsi 250ml Regular,Pepsi,Beverages,19.93,147,2929.71,10
2025-04-17,SKU_1025,Pepsi 250ml Regular,Pepsi,Beverages,18.6,161,2994.6,5
2025-04-18,SKU_1025,Pepsi 250ml Regular,Pepsi,Beverages,19.44,138,2682.72,15
2025-04-19,SKU_1025,Pepsi 250ml Regular,Pepsi,Beverages,18.11,195,3531.45,10
2025-04-20,SKU_1025,Pepsi 250ml Regular,Pepsi,Beverages,17.15,199,3412.85,15
2025-04-21,SKU_1025,Pepsi 250ml Regular,Pepsi,Beverages,15.76,189,2978.64,0
2025-04-22,SKU_1025,Pepsi 250ml Regular,Pepsi,Beverages,14.66,227,3327.82,0
2025-04-23,SKU_1025,Pepsi 250ml Regular,Pepsi,Beverages,14.6,219,3197.4,5
2025-04-24,SKU_1025,Pepsi 250ml Regular,Pepsi,Beverages,13.88,247,3428.36,10
2025-04-25,SKU_1025,Pepsi 250ml Regular,Pepsi,Beverages,12.55,264,3313.2,0
2025-04-26,SKU_1025,Pepsi 250ml Regular,Pepsi,Beverages,12.29,360,4424.4,15
2025-04-27,SKU_1025,Pepsi 250ml Regular,Pepsi,Beverages,11.44,353,4038.32,10
2025-04-28,SKU_1025,Pepsi 250ml Regular,Pepsi,Beverages,11.14,313,3486.82,5
2025-04-29,SKU_1025,Pepsi 250ml Regular,Pepsi,Beverages,11.7,286,3346.2,10
2025-04-30,SKU_1025,Pepsi 250ml Regular,Pepsi,Beverages,10.63,347,3688.61,0
2025-05-01,SKU_1025,Pepsi 250ml Regular,Pepsi,Beverages,11.06,407,4501.42,0
2025-05-02,SKU_1025,Pepsi 250ml Regular,Pepsi,Beverages,11.64,352,4097.28,0
2025-05-03,SKU_1025,Pepsi 250ml Regular,Pepsi,Beverages,11.81,427,5042.87,10
2025-05-04,SKU_1025,Pepsi 250ml Regular,Pepsi,Beverages,11.91,458,5454.78,15
2025-05-05,SKU_1025,Pepsi 250ml Regular,Pepsi,Beverages,12.53,334,4185.02,10
2025-05-06,SKU_1025,Pepsi 250ml Regular,Pepsi,Beverages,13.3,276,3670.8,15
2025-05-07,SKU_1025,Pepsi 250ml Regular,Pepsi,Beverages,14.04,282,3959.28,0
2025-05-08,SKU_1025,Pepsi 250ml Regular,Pepsi,Beverages,13.8,261,3601.8,0
2025-05-09,SKU_1025,Pepsi 250ml Regular,Pepsi,Beverages,13.62,283,3854.46,0
2025-05-10,SKU_1025,Pepsi 250ml Regular,Pepsi,Beverages,14.54,299,4347.46,0
2025-05-11,SKU_1025,Pepsi 250ml Regular,Pepsi,Beverages,15.95,249,3971.55,15
2025-05-12,SKU_1025,Pepsi 250ml Regular,Pepsi,Beverages,16.48,172,2834.56,15
2025-05-13,SKU_1025,Pepsi 250ml Regular,Pepsi,Beverages,18.43,160,2948.8,0
2025-05-14,SKU_1025,Pepsi 250ml Regular,Pepsi,Beverages,18.2,152,2766.4,10
2025-05-15,SKU_1025,Pepsi 250ml Regular,Pepsi,Beverages,18.71,149,2787.79,0
2025-05-16,SKU_1025,Pepsi 250ml Regular,Pepsi,Beverages,19.35,142,2747.7,5
2025-05-17,SKU_1025,Pepsi 250ml Regular,Pepsi,Beverages,21.26,147,3125.22,0
2025-05-18,SKU_1025,Pepsi 250ml Regular,Pepsi,Beverages,21.51,142,3054.42,0
2025-05-19,SKU_1025,Pepsi 250ml Regular,Pepsi,Beverages,21.84,114,2489.76,0
2025-05-20,SKU_1025,Pepsi 250ml Regular,Pepsi,Beverages,23.27,108,2513.16,5
2025-05-21,SKU_1025,Pepsi 250ml Regular,Pepsi,Beverages,22.07,105,2317.35,15
2025-05-22,SKU_1025,Pepsi 250ml Regular,Pepsi,Beverages,22.47,104,2336.88,0
2025-05-23,SKU_1025,Pepsi 250ml Regular,Pepsi,Beverages,23.97,97,2325.09,0
2025-05-24,SKU_1025,Pepsi 250ml Regular,Pepsi,Beverages,22.2,129,2863.8,0
2025-05-25,SKU_1025,Pepsi 250ml Regular,Pepsi,Beverages,23.18,130,3013.4,0
2025-05-26,SKU_1025,Pepsi 250ml Regular,Pepsi,Beverages,23.32,88,2052.16,0
2025-05-27,SKU_1025,Pepsi 250ml Regular,Pepsi,Beverages,21.21,99,2099.79,15
2025-05-28,SKU_1025,Pepsi 250ml Regular,Pepsi,Beverages,22.33,100,2233.0,15
2025-05-29,SKU_1025,Pepsi 250ml Regular,Pepsi,Beverages,20.46,110,2250.6,10
2025-05-30,SKU_1025,Pepsi 250ml Regular,Pepsi,Beverages,19.76,112,2213.12,10
2025-05-31,SKU_1025,Pepsi 250ml Regular,Pepsi,Beverages,18.88,166,3134.08,10
2025-06-01,SKU_1025,Pepsi 250ml Regular,Pepsi,Beverages,18.21,219,3987.99,0
2025-06-02,SKU_1025,Pepsi 250ml Regular,Pepsi,Beverages,17.61,184,3240.24,10
2025-06-03,SKU_1025,Pepsi 250ml Regular,Pepsi,Beverages,16.05,198,3177.9,10
2025-06-04,SKU_1025,Pepsi 250ml Regular,Pepsi,Beverages,15.42,209,3222.78,0
2025-06-05,SKU_1025,Pepsi 250ml Regular,Pepsi,Beverages,15.05,216,3250.8,10
2025-06-06,SKU_1025,Pepsi 250ml Regular,Pepsi,Beverages,14.37,237,3405.69,0
2025-06-07,SKU_1025,Pepsi 250ml Regular,Pepsi,Beverages,14.4,325,4680.0,0
2025-06-08,SKU_1025,Pepsi 250ml Regular,Pepsi,Beverages,12.52,374,4682.48,0
2025-06-09,SKU_1025,Pepsi 250ml Regular,Pepsi,Beverages,12.64,307,3880.48,0
2025-06-10,SKU_1025,Pepsi 250ml Regular,Pepsi,Beverages,11.81,324,3826.44,10
2025-06-11,SKU_1025,Pepsi 250ml Regular,Pepsi,Beverages,12.24,257,3145.68,0
2025-06-12,SKU_1025,Pepsi 250ml Regular,Pepsi,Beverages,10.66,344,3667.04,15
2025-06-13,SKU_1025,Pepsi 250ml Regular,Pepsi,Beverages,10.81,350,3783.5,0
2025-06-14,SKU_1025,Pepsi 250ml Regular,Pepsi,Beverages,11.51,361,4155.11,15
2025-06-15,SKU_1025,Pepsi 250ml Regular,Pepsi,Beverages,11.84,337,3990.08,15
2025-06-16,SKU_1025,Pepsi 250ml Regular,Pepsi,Beverages,11.72,300,3516.0,10
2025-06-17,SKU_1025,Pepsi 250ml Regular,Pepsi,Beverages,11.07,309,3420.63,15
2025-06-18,SKU_1025,Pepsi 250ml Regular,Pepsi,Beverages,12.26,253,3101.78,15
2025-06-19,SKU_1025,Pepsi 250ml Regular,Pepsi,Beverages,11.93,288,3435.84,15
2025-06-20,SKU_1025,Pepsi 250ml Regular,Pepsi,Beverages,13.58,226,3069.08,0
2025-06-21,SKU_1025,Pepsi 250ml Regular,Pepsi,Beverages,14.2,246,3493.2,15
2025-06-22,SKU_1025,Pepsi 250ml Regular,Pepsi,Beverages,13.84,268,3709.12,5
2025-06-23,SKU_1025,Pepsi 250ml Regular,Pepsi,Beverages,14.64,198,2898.72,0
2025-06-24,SKU_1025,Pepsi 250ml Regular,Pepsi,Beverages,16.71,149,2489.79,15
2025-06-25,SKU_1025,Pepsi 250ml Regular,Pepsi,Beverages,16.34,176,2875.84,0
2025-06-26,SKU_1025,Pepsi 250ml Regular,Pepsi,Beverages,17.87,122,2180.14,5
2025-06-27,SKU_1025,Pepsi 250ml Regular,Pepsi,Beverages,18.41,119,2190.79,15
2025-06-28,SKU_1025,Pepsi 250ml Regular,Pepsi,Beverages,19.83,137,2716.71,10
2025-06-29,SKU_1025,Pepsi 250ml Regular,Pepsi,Beverages,19.54,133,2598.82,0
