datasets/sales.csv
date,product_id,product_name,brand,category,selling_price,units_sold,revenue,promotion_discount_pct
2025-01-01,SKU_1026,Pepsi 250ml Value,Pepsi,Beverages,22.01,93,2046.93,0
2025-01-02,SKU_1026,Pepsi 250ml Value,Pepsi,Beverages,23.24,84,1952.16,10
2025-01-03,SKU_1026,Pepsi 250ml Value,Pepsi,Beverages,24.36,82,1997.52,0
2025-01-04,SKU_1026,Pepsi 250ml Value,Pepsi,Beverages,24.31,100,2431.0,0
2025-01-05,SKU_1026,Pepsi 250ml Value,Pepsi,Beverages,25.91,89,2305.99,0
2025-01-06,SKU_1026,Pepsi 250ml Value,Pepsi,Beverages,25.17,72,1812.24,0
2025-01-07,SKU_1026,Pepsi 250ml Value,Pepsi,Beverages,27.57,68,1874.76,0
2025-01-08,SKU_1026,Pepsi 250ml Value,Pepsi,Beverages,26.31,70,1841.7,0
2025-01-09,SKU_1026,Pepsi 250ml Value,Pepsi,Beverages,26.31,64,1683.84,15
2025-01-10,SKU_1026,Pepsi 250ml Value,Pepsi,Beverages,27.68,67,1854.56,0
2025-01-11,SKU_1026,Pepsi 250ml Value,Pepsi,Beverages,28.55,64,1827.2,15
2025-01-12,SKU_1026,Pepsi 250ml Value,Pepsi,Beverages,27.1,67,1815.7,0
2025-01-13,SKU_1026,Pepsi 250ml Value,Pepsi,Beverages,26.44,57,1507.08,10
2025-01-14,SKU_1026,Pepsi 250ml Value,Pepsi,Beverages,27.32,60,1639.2,5
2025-01-15,SKU_1026,Pepsi 250ml Value,Pepsi,Beverages,26.86,61,1638.46,0
2025-01-16,SKU_1026,Pepsi 250ml Value,Pepsi,Beverages,25.42,61,1550.62,0
2025-01-17,SKU_1026,Pepsi 250ml Value,Pepsi,Beverages,24.63,69,1699.47,5
2025-01-18,SKU_1026,Pepsi 250ml Value,Pepsi,Beverages,23.75,97,2303.75,5
2025-01-19,SKU_1026,Pepsi 250ml Value,Pepsi,Beverages,24.43,84,2052.12,0
2025-01-20,SKU_1026,Pepsi 250ml Value,Pepsi,Beverages,23.2,76,1763.2,0
2025-01-21,SKU_1026,Pepsi 250ml Value,Pepsi,Beverages,20.64,89,1836.96,0
2025-01-22,SKU_1026,Pepsi 250ml Value,Pepsi,Beverages,19.66,94,1848.04,0
2025-01-23,SKU_1026,Pepsi 250ml Value,Pepsi,Beverages,20.38,97,1976.86,10
2025-01-24,SKU_1026,Pepsi 250ml Value,Pepsi,Beverages,17.51,112,1961.12,10
2025-01-25,SKU_1026,Pepsi 250ml Value,Pepsi,Beverages,16.53,157,2595.21,10
2025-01-26,SKU_1026,Pepsi 250ml Value,Pepsi,Beverages,16.23,160,2596.8,15
2025-01-27,SKU_1026,Pepsi 250ml Value,Pepsi,Beverages,15.51,138,2140.38,0
2025-01-28,SKU_1026,Pepsi 250ml Value,Pepsi,Beverages,14.45,143,2066.35,10
2025-01-29,SKU_1026,Pepsi 250ml Value,Pepsi,Beverages,14.58,149,2172.42,10
2025-01-30,SKU_1026,Pepsi 250ml Value,Pepsi,Beverages,14.93,151,2254.43,0
2025-01-31,SKU_1026,Pepsi 250ml Value,Pepsi,Beverages,13.2,172,2270.4,0
2025-02-01,SKU_1026,Pepsi 250ml Value,Pepsi,Beverages,13.41,249,3339.09,10
2025-02-02,SKU_1026,Pepsi 250ml Value,Pepsi,Beverages,13.79,267,3681.93,15
2025-02-03,SKU_1026,Pepsi 250ml Value,Pepsi,Beverages,14.06,191,2685.46,15
2025-02-04,SKU_1026,Pepsi 250ml Value,Pepsi,Beverages,12.56,238,2989.28,10
2025-02-05,SKU_1026,Pepsi 250ml Value,Pepsi,Beverages,13.35,221,2950.35,5
2025-02-06,SKU_1026,Pepsi 250ml Value,Pepsi,Beverages,13.28,202,2682.56,5
2025-02-07,SKU_1026,Pepsi 250ml Value,Pepsi,Beverages,14.2,213,3024.6,5
2025-02-08,SKU_1026,Pepsi 250ml Value,Pepsi,Beverages,15.52,215,3336.8,15
2025-02-09,SKU_1026,Pepsi 250ml Value,Pepsi,Beverages,16.79,181,3038.99,15
2025-02-10,SKU_1026,Pepsi 250ml Value,Pepsi,Beverages,17.69,149,2635.81,5
2025-02-11,SKU_1026,Pepsi 250ml Value,Pepsi,Beverages,17.95,112,2010.4,5
2025-02-12,SKU_1026,Pepsi 250ml Value,Pepsi,Beverages,19.09,101,1928.09,5
2025-02-13,SKU_1026,Pepsi 250ml Value,Pepsi,Beverages,19.63,101,1982.63,5
2025-02-14,SKU_1026,Pepsi 250ml Value,Pepsi,Beverages,21.58,85,1834.3,15
2025-02-15,SKU_1026,Pepsi 250ml Value,Pepsi,Beverages,22.21,101,2243.21,5
2025-02-16,SKU_1026,Pepsi 250ml Value,Pepsi,Beverages,23.46,94,2205.24,0
2025-02-17,SKU_1026,Pepsi 250ml Value,Pepsi,Beverages,24.2,70,1694.0,0
2025-02-18,SKU_1026,Pepsi 250ml Value,Pepsi,Beverages,26.23,62,1626.26,0
2025-02-19,SKU_1026,Pepsi 250ml Value,Pepsi,Beverages,25.95,67,1738.65,0
2025-02-20,SKU_1026,Pepsi 250ml Value,Pepsi,Beverages,26.25,70,1837.5,0
2025-02-21,SKU_1026,Pepsi 250ml Value,Pepsi,Beverages,26.59,63,1675.17,15
2025-02-22,SKU_1026,Pepsi 250ml Value,Pepsi,Beverages,28.04,76,2131.04,0
2025-02-23,SKU_1026,Pepsi 250ml Value,Pepsi,Beverages,27.9,79,2204.1,10
2025-02-24,SKU_1026,Pepsi 250ml Value,Pepsi,Beverages,28.7,57,1635.9,0
2025-02-25,SKU_1026,Pepsi 250ml Value,Pepsi,Beverages,26.66,68,1812.88,10
2025-02-26,SKU_1026,Pepsi 250ml Value,Pepsi,Beverages,27.85,56,1559.6,0
2025-02-27,SKU_1026,Pepsi 250ml Value,Pepsi,Beverages,27.45,60,1647.0,0
2025-02-28,SKU_1026,Pepsi 250ml Value,Pepsi,Beverages,25.65,68,1744.2,0
2025-03-01,SKU_1026,Pepsi 250ml Value,Pepsi,Beverages,25.67,101,2592.67,5
2025-03-02,SKU_1026,Pepsi 250ml Value,Pepsi,Beverages,25.39,98,2488.22,5
2025-03-03,SKU_1026,Pepsi 250ml Value,Pepsi,Beverages,24.27,92,2232.84,5
2025-03-04,SKU_1026,Pepsi 250ml Value,Pepsi,Beverages,24.48,80,1958.4,0
2025-03-05,SKU_1026,Pepsi 250ml Value,Pepsi,Beverages,21.4,111,2375.4,15
2025-03-06,SKU_1026,Pepsi 250ml Value,Pepsi,Beverages,22.08,104,2296.32,0
2025-03-07,SKU_1026,Pepsi 250ml Value,Pepsi,Beverages,20.16,121,2439.36,5
2025-03-08,SKU_1026,Pepsi 250ml Value,Pepsi,Beverages,19.17,157,3009.69,0
2025-03-09,SKU_1026,Pepsi 250ml Value,Pepsi,Beverages,19.24,168,3232.32,0
2025-03-10,SKU_1026,Pepsi 250ml Value,Pepsi,Beverages,16.65,260,4329.0,0
2025-03-11,SKU_1026,Pepsi 250ml Value,Pepsi,Beverages,17.36,250,4340.0,0
2025-03-12,SKU_1026,Pepsi 250ml Value,Pepsi,Beverages,16.35,285,4659.75,0
2025-03-13,SKU_1026,Pepsi 250ml Value,Pepsi,Beverages,14.44,293,4230.92,0
2025-03-14,SKU_1026,Pepsi 250ml Value,Pepsi,Beverages,14.33,330,4728.9,0
2025-03-15,SKU_1026,Pepsi 250ml Value,Pepsi,Beverages,14.9,359,5349.1,10
2025-03-16,SKU_1026,Pepsi 250ml Value,Pepsi,Beverages,13.31,387,5150.97,5
2025-03-17,SKU_1026,Pepsi 250ml Value,Pepsi,Beverages,13.13,318,4175.34,0
2025-03-18,SKU_1026,Pepsi 250ml Value,Pepsi,Beverages,12.78,216,2760.48,15
2025-03-19,SKU_1026,Pepsi 250ml Value,Pepsi,Beverages,14.04,185,2597.4,0
2025-03-20,SKU_1026,Pepsi 250ml Value,Pepsi,Beverages,12.48,214,2670.72,0
2025-03-21,SKU_1026,Pepsi 250ml Value,Pepsi,Beverages,14.16,169,2393.04,10
2025-03-22,SKU_1026,Pepsi 250ml Value,Pepsi,Beverages,15.32,207,3171.24,5
2025-03-23,SKU_1026,Pepsi 250ml Value,Pepsi,Beverages,13.82,246,3399.72,5
2025-03-24,SKU_1026,Pepsi 250ml Value,Pepsi,Beverages,15.26,162,2472.12,5
2025-03-25,SKU_1026,Pepsi 250ml Value,Pepsi,Beverages,16.72,132,2207.04,10
2025-03-26,SKU_1026,Pepsi 250ml Value,Pepsi,Beverages,17.31,128,2215.68,10
2025-03-27,SKU_1026,Pepsi 250ml Value,Pepsi,Beverages,17.95,113,2028.35,0
2025-03-28,SKU_1026,Pepsi 250ml Value,Pepsi,Beverages,18.5,113,2090.5,5
2025-03-29,SKU_1026,Pepsi 250ml Value,Pepsi,Beverages,20.52,115,2359.8,10
2025-03-30,SKU_1026,Pepsi 250ml Value,Pepsi,Beverages,20.33,123,2500.59,0
2025-03-31,SKU_1026,Pepsi 250ml Value,Pepsi,Beverages,22.82,73,1665.86,15
2025-04-01,SKU_1026,Pepsi 250ml Value,Pepsi,Beverages,23.59,99,2335.41,0
2025-04-02,SKU_1026,Pepsi 250ml Value,Pepsi,Beverages,24.33,94,2287.02,15
2025-04-03,SKU_1026,Pepsi 250ml Value,Pepsi,Beverages,24.25,90,2182.5,15
2025-04-04,SKU_1026,Pepsi 250ml Value,Pepsi,Beverages,25.05,86,2154.3,5
2025-04-05,SKU_1026,Pepsi 250ml Value,Pepsi,Beverages,25.68,105,2696.4,0
2025-04-06,SKU_1026,Pepsi 250ml Value,Pepsi,Beverages,26.18,91,2382.38,0
2025-04-07,SKU_1026,Pepsi 250ml Value,Pepsi,Beverages,28.33,67,1898.11,15
2025-04-08,SKU_1026,Pepsi 250ml Value,Pepsi,Beverages,27.19,78,2120.82,0
2025-04-09,SKU_1026,Pepsi 250ml Value,Pepsi,Beverages,27.51,67,1843.17,0
2025-04-10,SKU_1026,Pepsi 250ml Value,Pepsi,Beverages,27.62,76,2099.12,15
2025-04-11,SKU_1026,Pepsi 250ml Value,Pepsi,Beverages,26.36,66,1739.76,0
2025-04-12,SKU_1026,Pepsi 250ml Value,Pepsi,Beverages,26.1,79,2061.9,5
2025-04-13,SKU_1026,Pepsi 250ml Value,Pepsi,Beverages,26.11,79,2062.69,0
2025-04-14,SKU_1026,Pepsi 250ml Value,Pepsi,Beverages,26.51,70,1855.7,0
2025-04-15,SKU_1026,Pepsi 250ml Value,Pepsi,Beverages,24.45,80,1956.0,0
2025-04-16,SKU_1026,Pepsi 250ml Value,Pepsi,Beverages,25.37,67,1699.79,0
2025-04-17,SKU_1026,Pepsi 250ml Value,Pepsi,Beverages,23.51,82,1927.82,5
2025-04-18,SKU_1026,Pepsi 250ml Value,Pepsi,Beverages,22.18,82,1818.76,0
2025-04-19,SKU_1026,Pepsi 250ml Value,Pepsi,Beverages,21.71,120,2605.2,15
2025-04-20,SKU_1026,Pepsi 250ml Value,Pepsi,Beverages,20.15,138,2780.7,15
2025-04-21,SKU_1026,Pepsi 250ml Value,Pepsi,Beverages,20.08,107,2148.56,15
2025-04-22,SKU_1026,Pepsi 250ml Value,Pepsi,Beverages,18.64,111,2069.04,0
2025-04-23,SKU_1026,Pepsi 250ml Value,Pepsi,Beverages,16.26,138,2243.88,0
2025-04-24,SKU_1026,Pepsi 250ml Value,Pepsi,Beverages,15.54,160,2486.4,10
2025-04-25,SKU_1026,Pepsi 250ml Value,Pepsi,Beverages,15.31,157,2403.67,0
2025-04-26,SKU_1026,Pepsi 250ml Value,Pepsi,Beverages,14.5,191,2769.5,0
2025-04-27,SKU_1026,Pepsi 250ml Value,Pepsi,Beverages,14.41,199,2867.59,0
2025-04-28,SKU_1026,Pepsi 250ml Value,Pepsi,Beverages,13.94,170,2369.8,0
2025-04-29,SKU_1026,Pepsi 250ml Value,Pepsi,Beverages,14.57,166,2418.62,10
2025-04-30,SKU_1026,Pepsi 250ml Value,Pepsi,Beverages,14.25,155,2208.75,0
2025-05-01,SKU_1026,Pepsi 250ml Value,Pepsi,Beverages,13.35,243,3244.05,15
2025-05-02,SKU_1026,Pepsi 250ml Value,Pepsi,Beverages,12.44,270,3358.8,0
2025-05-03,SKU_1026,Pepsi 250ml Value,Pepsi,Beverages,13.1,274,3589.4,0
2025-05-04,SKU_1026,Pepsi 250ml Value,Pepsi,Beverages,14.08,249,3505.92,0
2025-05-05,SKU_1026,Pepsi 250ml Value,Pepsi,Beverages,15.14,177,2679.78,0
2025-05-06,SKU_1026,Pepsi 250ml Value,Pepsi,Beverages,14.48,188,2722.24,0
2025-05-07,SKU_1026,Pepsi 250ml Value,Pepsi,Beverages,15.39,182,2800.98,15
2025-05-08,SKU_1026,Pepsi 250ml Value,Pepsi,Beverages,16.7,167,2788.9,10
2025-05-09,SKU_1026,Pepsi 250ml Value,Pepsi,Beverages,16.9,154,2602.6,0
2025-05-10,SKU_1026,Pepsi 250ml Value,Pepsi,Beverages,17.66,180,3178.8,5
2025-05-11,SKU_1026,Pepsi 250ml Value,Pepsi,Beverages,18.88,150,2832.0,0
2025-05-12,SKU_1026,Pepsi 250ml Value,Pepsi,Beverages,20.82,100,2082.0,5
2025-05-13,SKU_1026,Pepsi 250ml Value,Pepsi,Beverages,21.13,88,1859.44,0
2025-05-14,SKU_1026,Pepsi 250ml Value,Pepsi,Beverages,22.44,87,1952.28,10
2025-05-15,SKU_1026,Pepsi 250ml Value,Pepsi,Beverages,22.25,83,1846.75,10
2025-05-16,SKU_1026,Pepsi 250ml Value,Pepsi,Beverages,24.96,72,1797.12,5
2025-05-17,SKU_1026,Pepsi 250ml Value,Pepsi,Beverages,24.56,97,2382.32,0
2025-05-18,SKU_1026,Pepsi 250ml Value,Pepsi,Beverages,24.93,94,2343.42,0
2025-05-19,SKU_1026,Pepsi 250ml Value,Pepsi,Beverages,25.68,62,1592.16,10
2025-05-20,SKU_1026,Pepsi 250ml Value,Pepsi,Beverages,26.88,59,1585.92,0
2025-05-21,SKU_1026,Pepsi 250ml Value,Pepsi,Beverages,28.1,60,1686.0,0
2025-05-22,SKU_1026,Pepsi 250ml Value,Pepsi,Beverages,28.05,59,1654.95,15
2025-05-23,SKU_1026,Pepsi 250ml Value,Pepsi,Beverages,28.58,60,1714.8,10
2025-05-24,SKU_1026,Pepsi 250ml Value,Pepsi,Beverages,26.39,74,1952.86,0
2025-05-25,SKU_1026,Pepsi 250ml Value,Pepsi,Beverages,26.31,79,2078.49,0
2025-05-26,SKU_1026,Pepsi 250ml Value,Pepsi,Beverages,26.98,55,1483.9,5
2025-05-27,SKU_1026,Pepsi 250ml Value,Pepsi,Beverages,26.8,59,1581.2,0
2025-05-28,SKU_1026,Pepsi 250ml Value,Pepsi,Beverages,26.26,63,1654.38,0
2025-05-29,SKU_1026,Pepsi 250ml Value,Pepsi,Beverages,24.74,61,1509.14,0
2025-05-30,SKU_1026,Pepsi 250ml Value,Pepsi,Beverages,23.99,72,1727.28,10
2025-05-31,SKU_1026,Pepsi 250ml Value,Pepsi,Beverages,23.74,81,1922.94,15
2025-06-01,SKU_1026,Pepsi 250ml Value,Pepsi,Beverages,21.23,123,2611.29,0
2025-06-02,SKU_1026,Pepsi 250ml Value,Pepsi,Beverages,22.55,99,2232.45,10
2025-06-03,SKU_1026,Pepsi 250ml Value,Pepsi,Beverages,21.08,99,2086.92,10
2025-06-04,SKU_1026,Pepsi 250ml Value,Pepsi,Beverages,18.79,121,2273.59,15
2025-06-05,SKU_1026,Pepsi 250ml Value,Pepsi,Beverages,18.78,124,2328.72,0
2025-06-06,SKU_1026,Pepsi 250ml Value,Pepsi,Beverages,18.42,129,2376.18,0
2025-06-07,SKU_1026,Pepsi 250ml Value,Pepsi,Beverages,17.47,181,3162.07,5
2025-06-08,SKU_1026,Pepsi 250ml Value,Pepsi,Beverages,14.44,228,3292.32,0
2025-06-09,SKU_1026,Pepsi 250ml Value,Pepsi,Beverages,13.96,196,2736.16,15
2025-06-10,SKU_1026,Pepsi 250ml Value,Pepsi,Beverages,13.41,223,2990.43,5
2025-06-11,SKU_1026,Pepsi 250ml Value,Pepsi,Beverages,14.31,158,2260.98,0
2025-06-12,SKU_1026,Pepsi 250ml Value,Pepsi,Beverages,12.51,197,2464.47,10
2025-06-13,SKU_1026,Pepsi 250ml Value,Pepsi,Beverages,13.35,194,2589.9,0
2025-06-14,SKU_1026,Pepsi 250ml Value,Pepsi,Beverages,13.35,234,3123.9,15
2025-06-15,SKU_1026,Pepsi 250ml Value,Pepsi,Beverages,13.67,230,3144.1,10
2025-06-16,SKU_1026,Pepsi 250ml Value,Pepsi,Beverages,14.33,154,2206.82,15
2025-06-17,SKU_1026,Pepsi 250ml Value,Pepsi,Beverages,14.5,156,2262.0,10
2025-06-18,SKU_1026,Pepsi 250ml Value,Pepsi,Beverages,15.49,135,2091.15,15
2025-06-19,SKU_1026,Pepsi 250ml Value,Pepsi,Beverages,13.92,157,2185.44,0
2025-06-20,SKU_1026,Pepsi 250ml Value,Pepsi,Beverages,16.77,121,2029.17,15
2025-06-21,SKU_1026,Pepsi 250ml Value,Pepsi,Beverages,15.93,180,2867.4,15
2025-06-22,SKU_1026,Pepsi 250ml Value,Pepsi,Beverages,18.64,129,2404.56,0
2025-06-23,SKU_1026,Pepsi 250ml Value,Pepsi,Beverages,18.11,102,1847.22,5
2025-06-24,SKU_1026,Pepsi 250ml Value,Pepsi,Beverages,20.22,85,1718.7,5
2025-06-25,SKU_1026,Pepsi 250ml Value,Pepsi,Beverages,21.59,77,1662.43,0
2025-06-26,SKU_1026,Pepsi 250ml Value,Pepsi,Beverages,20.74,74,1534.76,0
2025-06-27,SKU_1026,Pepsi 250ml Value,Pepsi,Beverages,21.54,73,1572.42,0
2025-06-28,SKU_1026,Pepsi 250ml Value,Pepsi,Beverages,22.81,86,1961.66,15
2025-06-29,SKU_1026,Pepsi 250ml Value,Pepsi,Beverages,25.17,69,1736.73,10
