datasets/sales.csv
date,product_id,product_name,brand,category,selling_price,units_sold,revenue,promotion_discount_pct
2025-01-01,SKU_1027,Pepsi 250ml Family,Pepsi,Beverages,25.79,92,2372.68,5
2025-01-02,SKU_1027,Pepsi 250ml Family,Pepsi,Beverages,26.77,91,2436.07,0
2025-01-03,SKU_1027,Pepsi 250ml Family,Pepsi,Beverages,28.68,84,2409.12,0
2025-01-04,SKU_1027,Pepsi 250ml Family,Pepsi,Beverages,31.15,93,2896.95,10
2025-01-05,SKU_1027,Pepsi 250ml Family,Pepsi,Beverages,32.84,87,2857.08,0
2025-01-06,SKU_1027,Pepsi 250ml Family,Pepsi,Beverages,30.82,72,2219.04,0
2025-01-07,SKU_1027,Pepsi 250ml Family,Pepsi,Beverages,32.81,69,2263.89,5
2025-01-08,SKU_1027,Pepsi 250ml Family,Pepsi,Beverages,33.12,70,2318.4,10
2025-01-09,SKU_1027,Pepsi 250ml Family,Pepsi,Beverages,33.93,67,2273.31,0
2025-01-10,SKU_1027,Pepsi 250ml Family,Pepsi,Beverages,33.53,64,2145.92,0
2025-01-11,SKU_1027,Pepsi 250ml Family,Pepsi,Beverages,33.82,69,2333.58,5
2025-01-12,SKU_1027,Pepsi 250ml Family,Pepsi,Beverages,35.79,61,2183.19,0
2025-01-13,SKU_1027,Pepsi 250ml Family,Pepsi,Beverages,32.66,58,1894.28,0
2025-01-14,SKU_1027,Pepsi 250ml Family,Pepsi,Beverages,34.36,57,1958.52,15
2025-01-15,SKU_1027,Pepsi 250ml Family,Pepsi,Beverages,33.47,54,1807.38,15
2025-01-16,SKU_1027,Pepsi 250ml Family,Pepsi,Beverages,32.25,63,2031.75,0
2025-01-17,SKU_1027,Pepsi 250ml Family,Pepsi,Beverages,30.77,63,1938.51,5
2025-01-18,SKU_1027,Pepsi 250ml Family,Pepsi,Beverages,31.37,75,2352.75,0
2025-01-19,SKU_1027,Pepsi 250ml Family,Pepsi,Beverages,27.84,93,2589.12,15
2025-01-20,SKU_1027,Pepsi 250ml Family,Pepsi,Beverages,27.5,82,2255.0,0
2025-01-21,SKU_1027,Pepsi 250ml Family,Pepsi,Beverages,26.13,83,2168.79,0
2025-01-22,SKU_1027,Pepsi 250ml Family,Pepsi,Beverages,24.05,103,2477.15,5
2025-01-23,SKU_1027,Pepsi 250ml Family,Pepsi,Beverages,25.67,89,2284.63,0
2025-01-24,SKU_1027,Pepsi 250ml Family,Pepsi,Beverages,22.43,106,2377.58,0
2025-01-25,SKU_1027,Pepsi 250ml Family,Pepsi,Beverages,22.8,145,3306.0,0
2025-01-26,SKU_1027,Pepsi 250ml Family,Pepsi,Beverages,21.2,139,2946.8,10
2025-01-27,SKU_1027,Pepsi 250ml Family,Pepsi,Beverages,18.62,136,2532.32,0
2025-01-28,SKU_1027,Pepsi 250ml Family,Pepsi,Beverages,19.05,129,2457.45,15
2025-01-29,SKU_1027,Pepsi 250ml Family,Pepsi,Beverages,18.83,142,2673.86,10
2025-01-30,SKU_1027,Pepsi 250ml Family,Pepsi,Beverages,17.02,156,2655.12,15
2025-01-31,SKU_1027,Pepsi 250ml Family,Pepsi,Beverages,16.69,179,2987.51,0
2025-02-01,SKU_1027,Pepsi 250ml Family,Pepsi,Beverages,16.74,239,4000.86,0
2025-02-02,SKU_1027,Pepsi 250ml Family,Pepsi,Beverages,16.96,272,4613.12,0
2025-02-03,SKU_1027,Pepsi 250ml Family,Pepsi,Beverages,15.37,240,3688.8,15
2025-02-04,SKU_1027,Pepsi 250ml Family,Pepsi,Beverages,16.98,216,3667.68,15
2025-02-05,SKU_1027,Pepsi 250ml Family,Pepsi,Beverages,17.72,193,3419.96,0
2025-02-06,SKU_1027,Pepsi 250ml Family,Pepsi,Beverages,17.83,175,3120.25,10
2025-02-07,SKU_1027,Pepsi 250ml Family,Pepsi,Beverages,18.13,184,3335.92,10
2025-02-08,SKU_1027,Pepsi 250ml Family,Pepsi,Beverages,20.03,198,3965.94,0
2025-02-09,SKU_1027,Pepsi 250ml Family,Pepsi,Beverages,19.74,202,3987.48,10
2025-02-10,SKU_1027,Pepsi 250ml Family,Pepsi,Beverages,22.48,136,3057.28,0
2025-02-11,SKU_1027,Pepsi 250ml Family,Pepsi,Beverages,22.5,116,2610.0,10
2025-02-12,SKU_1027,Pepsi 250ml Family,Pepsi,Beverages,23.78,103,2449.34,15
2025-02-13,SKU_1027,Pepsi 250ml Family,Pepsi,Beverages,25.5,91,2320.5,0
2025-02-14,SKU_1027,Pepsi 250ml Family,Pepsi,Beverages,27.8,82,2279.6,10
2025-02-15,SKU_1027,Pepsi 250ml Family,Pepsi,Beverages,27.49,105,2886.45,0
2025-02-16,SKU_1027,Pepsi 250ml Family,Pepsi,Beverages,28.31,107,3029.17,10
2025-02-17,SKU_1027,Pepsi 250ml Family,Pepsi,Beverages,31.46,66,2076.36,0
2025-02-18,SKU_1027,Pepsi 250ml Family,Pepsi,Beverages,30.83,67,2065.61,0
2025-02-19,SKU_1027,Pepsi 250ml Family,Pepsi,Beverages,30.95,68,2104.6,5
2025-02-20,SKU_1027,Pepsi 250ml Family,Pepsi,Beverages,33.28,62,2063.36,0
2025-02-21,SKU_1027,Pepsi 250ml Family,Pepsi,Beverages,33.08,60,1984.8,5
2025-02-22,SKU_1027,Pepsi 250ml Family,Pepsi,Beverages,34.15,80,2732.0,10
2025-02-23,SKU_1027,Pepsi 250ml Family,Pepsi,Beverages,35.71,74,2642.54,0
2025-02-24,SKU_1027,Pepsi 250ml Family,Pepsi,Beverages,33.06,66,2181.96,5
2025-02-25,SKU_1027,Pepsi 250ml Family,Pepsi,Beverages,33.6,65,2184.0,0
2025-02-26,SKU_1027,Pepsi 250ml Family,Pepsi,Beverages,33.52,55,1843.6,10
2025-02-27,SKU_1027,Pepsi 250ml Family,Pepsi,Beverages,33.39,61,2036.79,5
2025-02-28,SKU_1027,Pepsi 250ml Family,Pepsi,Beverages,32.51,61,1983.11,10
2025-03-01,SKU_1027,Pepsi 250ml Family,Pepsi,Beverages,32.99,85,2804.15,10
2025-03-02,SKU_1027,Pepsi 250ml Family,Pepsi,Beverages,31.64,99,3132.36,0
2025-03-03,SKU_1027,Pepsi 250ml Family,Pepsi,Beverages,28.89,93,2686.77,0
2025-03-04,SKU_1027,Pepsi 250ml Family,Pepsi,Beverages,29.41,94,2764.54,0
2025-03-05,SKU_1027,Pepsi 250ml Family,Pepsi,Beverages,28.94,98,2836.12,0
2025-03-06,SKU_1027,Pepsi 250ml Family,Pepsi,Beverages,25.5,106,2703.0,0
2025-03-07,SKU_1027,Pepsi 250ml Family,Pepsi,Beverages,24.2,121,2928.2,0
2025-03-08,SKU_1027,Pepsi 250ml Family,Pepsi,Beverages,23.61,161,3801.21,0
2025-03-09,SKU_1027,Pepsi 250ml Family,Pepsi,Beverages,23.31,153,3566.43,0
2025-03-10,SKU_1027,Pepsi 250ml Family,Pepsi,Beverages,21.44,232,4974.08,5
2025-03-11,SKU_1027,Pepsi 250ml Family,Pepsi,Beverages,19.63,200,3926.0,0
2025-03-12,SKU_1027,Pepsi 250ml Family,Pepsi,Beverages,20.27,217,4398.59,5
2025-03-13,SKU_1027,Pepsi 250ml Family,Pepsi,Beverages,18.59,243,4517.37,0
2025-03-14,SKU_1027,Pepsi 250ml Family,Pepsi,Beverages,18.71,305,5706.55,0
2025-03-15,SKU_1027,Pepsi 250ml Family,Pepsi,Beverages,16.16,457,7385.12,10
2025-03-16,SKU_1027,Pepsi 250ml Family,Pepsi,Beverages,15.97,432,6899.04,0
2025-03-17,SKU_1027,Pepsi 250ml Family,Pepsi,Beverages,17.97,246,4420.62,0
2025-03-18,SKU_1027,Pepsi 250ml Family,Pepsi,Beverages,15.94,201,3203.94,10
2025-03-19,SKU_1027,Pepsi 250ml Family,Pepsi,Beverages,17.61,183,3222.63,0
2025-03-20,SKU_1027,Pepsi 250ml Family,Pepsi,Beverages,16.53,205,3388.65,5
2025-03-21,SKU_1027,Pepsi 250ml Family,Pepsi,Beverages,18.15,163,2958.45,0
2025-03-22,SKU_1027,Pepsi 250ml Family,Pepsi,Beverages,18.13,202,3662.26,10
2025-03-23,SKU_1027,Pepsi 250ml Family,Pepsi,Beverages,18.05,211,3808.55,15
2025-03-24,SKU_1027,Pepsi 250ml Family,Pepsi,Beverages,21.02,130,2732.6,0
2025-03-25,SKU_1027,Pepsi 250ml Family,Pepsi,Beverages,20.06,151,3029.06,10
2025-03-26,SKU_1027,Pepsi 250ml Family,Pepsi,Beverages,21.44,124,2658.56,0
2025-03-27,SKU_1027,Pepsi 250ml Family,Pepsi,Beverages,22.64,101,2286.64,10
2025-03-28,SKU_1027,Pepsi 250ml Family,Pepsi,Beverages,25.22,91,2295.02,0
2025-03-29,SKU_1027,Pepsi 250ml Family,Pepsi,Beverages,24.61,125,3076.25,5
2025-03-30,SKU_1027,Pepsi 250ml Family,Pepsi,Beverages,26.09,109,2843.81,10
2025-03-31,SKU_1027,Pepsi 250ml Family,Pepsi,Beverages,27.84,83,2310.72,0
2025-04-01,SKU_1027,Pepsi 250ml Family,Pepsi,Beverages,28.12,104,2924.48,0
2025-04-02,SKU_1027,Pepsi 250ml Family,Pepsi,Beverages,28.99,86,2493.14,15
